******************************************************************************
                  TI ARM Linker PC v5.1.6                      
******************************************************************************
>> Linked Tue Nov 13 08:25:13 2018

OUTPUT FILE NAME:   <Sine_wave_TFT.out>
ENTRY POINT SYMBOL: "_c_int00"  address: 00002d11


MEMORY CONFIGURATION

         name            origin    length      used     unused   attr    fill
----------------------  --------  ---------  --------  --------  ----  --------
  FLASH                 00000000   00100000  00003a16  000fc5ea  R  X
  SRAM                  20000000   00040000  000009ac  0003f654  RW X


SEGMENT ALLOCATION MAP

run origin  load origin   length   init length attrs members
----------  ----------- ---------- ----------- ----- -------
00000000    00000000    00003a18   00003a18    r-x
  00000000    00000000    00000208   00000208    r-- .intvecs
  00000208    00000208    00002f4a   00002f4a    r-x .text
  00003154    00003154    00000884   00000884    r-- .const
  000039d8    000039d8    00000040   00000040    r-- .cinit
20000000    20000000    000009ac   00000000    rw-
  20000000    20000000    00000788   00000000    rw- .bss
  20000788    20000788    00000200   00000000    rw- .stack
  20000988    20000988    00000024   00000000    rw- .data


SECTION ALLOCATION MAP

 output                                  attributes/
section   page    origin      length       input sections
--------  ----  ----------  ----------   ----------------
.intvecs   0    00000000    00000208     
                  00000000    00000208     tm4c1294ncpdt_startup_ccs.obj (.intvecs)

.init_array 
*          0    00000000    00000000     UNINITIALIZED

.text      0    00000208    00002f4a     
                  00000208    00000fec     TFT_400x240_OTM4001A_16bit.obj (.text)
                  000011f4    00000804     IQmathLib.lib : IQtables.obj (.text:sincos_table)
                  000019f8    0000049c     uartstdio.obj (.text)
                  00001e94    000003d8     TOUCH_TSC2046.obj (.text)
                  0000226c    00000360     Sine_wave.obj (.text)
                  000025cc    000001fc     driverlib.lib : sysctl.obj (.text:SysCtlClockFreqSet)
                  000027c8    00000144     EPIinit.obj (.text)
                  0000290c    00000130     driverlib.lib : gpio.obj (.text:GPIOPadConfigSet)
                  00002a3c    000000b4     IQmathLib.lib : IQNsin.obj (.text:_IQ24sin)
                  00002af0    0000009c     rtsv7M4_T_le_v4SPD16_eabi.lib : memcpy_t2.obj (.text)
                  00002b8c    00000094                                   : auto_init.obj (.text)
                  00002c20    0000005e                                   : copy_decompress_rle.obj (.text)
                  00002c7e    00000002     --HOLE-- [fill = 0]
                  00002c80    00000048     driverlib.lib : gpio.obj (.text:GPIOPinConfigure)
                  00002cc8    00000048                   : sysctl.obj (.text:_SysCtlFrequencyGet)
                  00002d10    00000048     rtsv7M4_T_le_v4SPD16_eabi.lib : boot.obj (.text)
                  00002d58    00000044                                   : cpy_tbl.obj (.text)
                  00002d9c    00000044                                   : exit.obj (.text)
                  00002de0    00000042     driverlib.lib : ssi.obj (.text:SSIConfigSetExpClk)
                  00002e22    00000042     rtsv7M4_T_le_v4SPD16_eabi.lib : u_divt2.obj (.text)
                  00002e64    00000040     driverlib.lib : uart.obj (.text:UARTConfigSetExpClk)
                  00002ea4    00000034                   : sysctl.obj (.text:SysCtlPeripheralEnable)
                  00002ed8    00000034                   : sysctl.obj (.text:SysCtlPeripheralPresent)
                  00002f0c    0000002a                   : gpio.obj (.text:GPIODirModeSet)
                  00002f36    00000022                   : epi.obj (.text:EPIConfigHB16Set)
                  00002f58    0000001c                   : sysctl.obj (.text:SysCtlGPIOAHBEnable)
                  00002f74    0000001c                   : uart.obj (.text:UARTDisable)
                  00002f90    0000001c     IQmathLib.lib : IQNmpyI32int.obj (.text:_IQ24mpyI32int)
                  00002fac    0000001c     driverlib.lib : sysctl.obj (.text:_SysCtlMemTimingGet)
                  00002fc8    00000018                   : gpio.obj (.text:GPIOPinTypeGPIOOutput)
                  00002fe0    00000018     rtsv7M4_T_le_v4SPD16_eabi.lib : args_main.obj (.text)
                  00002ff8    00000014     driverlib.lib : systick.obj (.text:SysTickEnable)
                  0000300c    00000014                   : systick.obj (.text:SysTickIntEnable)
                  00003020    00000014                   : uart.obj (.text:UARTEnable)
                  00003034    00000014     rtsv7M4_T_le_v4SPD16_eabi.lib : _lock.obj (.text)
                  00003048    00000012     driverlib.lib : gpio.obj (.text:GPIOPinTypeEPI)
                  0000305a    00000012                   : gpio.obj (.text:GPIOPinTypeGPIOInput)
                  0000306c    00000012                   : gpio.obj (.text:GPIOPinTypeSSI)
                  0000307e    00000012                   : gpio.obj (.text:GPIOPinTypeUART)
                  00003090    00000012                   : ssi.obj (.text:SSIDataGetNonBlocking)
                  000030a2    00000012     rtsv7M4_T_le_v4SPD16_eabi.lib : copy_zero_init.obj (.text:decompress:ZI)
                  000030b4    00000010     driverlib.lib : fpu.obj (.text:FPUEnable)
                  000030c4    00000010                   : fpu.obj (.text:FPULazyStackingEnable)
                  000030d4    00000010                   : systick.obj (.text:SysTickPeriodSet)
                  000030e4    0000000e     rtsv7M4_T_le_v4SPD16_eabi.lib : copy_decompress_none.obj (.text:decompress:none)
                  000030f2    0000000c     driverlib.lib : cpu.obj (.text:CPUcpsie)
                  000030fe    0000000c     tm4c1294ncpdt_startup_ccs.obj (.text)
                  0000310a    0000000a     driverlib.lib : interrupt.obj (.text:IntMasterEnable)
                  00003114    0000000a                   : ssi.obj (.text:SSIEnable)
                  0000311e    0000000a                   : uart.obj (.text:UARTCharGet)
                  00003128    0000000a                   : uart.obj (.text:UARTCharPut)
                  00003132    00000006                   : gpio.obj (.text:GPIOPinRead)
                  00003138    00000006                   : gpio.obj (.text:GPIOPinWrite)
                  0000313e    00000006                   : sysctl.obj (.text:SysCtlDelay)
                  00003144    00000006     rtsv7M4_T_le_v4SPD16_eabi.lib : copy_decompress_rle.obj (.text:decompress:rle24)
                  0000314a    00000004     driverlib.lib : epi.obj (.text:EPIAddressMapSet)
                  0000314e    00000004                   : epi.obj (.text:EPIModeSet)

.const     0    00003154    00000884     
                  00003154    00000600     TFT_400x240_OTM4001A_16bit.obj (.const:asc2_1608)
                  00003754    00000120     driverlib.lib : sysctl.obj (.const:g_pppui32XTALtoVCO)
                  00003874    00000090                   : gpio.obj (.const:g_pui32GPIOBaseAddrs)
                  00003904    0000006c                   : sysctl.obj (.const:g_pui32Xtals)
                  00003970    00000030                   : sysctl.obj (.const:g_sXTALtoMEMTIM)
                  000039a0    0000001c     uartstdio.obj (.const)
                  000039bc    00000012     uartstdio.obj (.const:.string)
                  000039ce    00000002     --HOLE-- [fill = 0]
                  000039d0    00000008     driverlib.lib : sysctl.obj (.const)

.cinit     0    000039d8    00000040     
                  000039d8    00000017     (.cinit..data.load) [load image, compression = rle]
                  000039ef    00000001     --HOLE-- [fill = 0]
                  000039f0    0000000c     (__TI_handler_table)
                  000039fc    00000004     --HOLE-- [fill = 0]
                  00003a00    00000008     (.cinit..bss.load) [load image, compression = zero_init]
                  00003a08    00000010     (__TI_cinit_table)

.bss       0    20000000    00000788     UNINITIALIZED
                  20000000    00000780     Sine_wave.obj (.bss:g_cSeries)
                  20000780    00000004     (.common:g_ui32SysClock)
                  20000784    00000004     (.common:g_ulTickCount)

.stack     0    20000788    00000200     UNINITIALIZED
                  20000788    00000200     --HOLE--

.data      0    20000988    00000024     UNINITIALIZED
                  20000988    00000008     TFT_400x240_OTM4001A_16bit.obj (.data)
                  20000990    00000008     rtsv7M4_T_le_v4SPD16_eabi.lib : _lock.obj (.data)
                  20000998    00000008                                   : exit.obj (.data)
                  200009a0    00000005     uartstdio.obj (.data)
                  200009a5    00000003     --HOLE--
                  200009a8    00000004     rtsv7M4_T_le_v4SPD16_eabi.lib : stkdepth_vars.obj (.data)


LINKER GENERATED COPY TABLES

__TI_cinit_table @ 00003a08 records: 2, size/record: 8, table size: 16
	.data: load addr=000039d8, load size=00000017 bytes, run addr=20000988, run size=00000024 bytes, compression=rle
	.bss: load addr=00003a00, load size=00000008 bytes, run addr=20000000, run size=00000788 bytes, compression=zero_init


LINKER GENERATED HANDLER TABLE

__TI_handler_table @ 000039f0 records: 3, size/record: 4, table size: 12
	index: 0, handler: __TI_decompress_rle24
	index: 1, handler: __TI_decompress_none
	index: 2, handler: __TI_zero_init


GLOBAL SYMBOLS: SORTED ALPHABETICALLY BY Name 

address    name
--------   ----
00002d9d   C$$EXIT
000030f3   CPUcpsie
00002287   ConfigureUART
0000314b   EPIAddressMapSet
00002f37   EPIConfigHB16Set
000027c9   EPIGPIOinit
0000314f   EPIModeSet
000030b5   FPUEnable
000030c5   FPULazyStackingEnable
00002f0d   GPIODirModeSet
0000290d   GPIOPadConfigSet
00002c81   GPIOPinConfigure
00003133   GPIOPinRead
00003049   GPIOPinTypeEPI
0000305b   GPIOPinTypeGPIOInput
00002fc9   GPIOPinTypeGPIOOutput
0000306d   GPIOPinTypeSSI
0000307f   GPIOPinTypeUART
00003139   GPIOPinWrite
00000295   InitGPIOLCDInterface
00002257   IntGPIOb
0000310b   IntMasterEnable
000030ff   ResetISR
UNDEFED    SHT$$INIT_ARRAY$$Base
UNDEFED    SHT$$INIT_ARRAY$$Limit
00002de1   SSIConfigSetExpClk
00003091   SSIDataGetNonBlocking
00003115   SSIEnable
00001e95   SSIinit
00001fe3   SoftSPI_GetData
00001f63   SoftSPI_PutData
00001efd   SoftSPIinit
000025cd   SysCtlClockFreqSet
0000313f   SysCtlDelay
00002f59   SysCtlGPIOAHBEnable
00002ea5   SysCtlPeripheralEnable
00002ed9   SysCtlPeripheralPresent
00002ff9   SysTickEnable
0000300d   SysTickIntEnable
0000226d   SysTickIntHandler
000030d5   SysTickPeriodSet
00000e69   TFTLCD_CLEAR
0000102d   TFTLCD_DrawHorizontalLine
00000d59   TFTLCD_DrawPoint
00001077   TFTLCD_DrawVerticalLine
00000353   TFTLCD_EnterSleep
000003d3   TFTLCD_ExitSleep
00000ebd   TFTLCD_FillBlock
00000c8d   TFTLCD_REFRESH_GRAM
00000ca1   TFTLCD_SetPos
00000d7b   TFTLCD_ShowChar
00000f25   TFTLCD_ShowData
000010c1   TFTLCD_ShowPicture
00000e0b   TFTLCD_ShowString
00000489   TFT_400x240_OTM4001Ainit
000021cd   TOUCH_PointAdjust
00002195   TOUCH_TSC2046init
00001f2f   TouchInit
0000311f   UARTCharGet
00003129   UARTCharPut
00002e65   UARTConfigSetExpClk
00002f75   UARTDisable
00003021   UARTEnable
000019f9   UARTStdioConfig
00001b3f   UARTgetc
00001a85   UARTgets
00001e5f   UARTprintf
00001b65   UARTvprintf
00001a3f   UARTwrite
2000098c   WriteCommand
20000988   WriteData
00002f91   _IQ24mpyI32int
00002a3d   _IQ24sin
20000988   __STACK_END
00000200   __STACK_SIZE
20000988   __STACK_TOP
00003a08   __TI_CINIT_Base
00003a18   __TI_CINIT_Limit
000039f0   __TI_Handler_Table_Base
000039fc   __TI_Handler_Table_Limit
00000001   __TI_args_main
00002b8d   __TI_auto_init
20000998   __TI_cleanup_ptr
000030e5   __TI_decompress_none
00003145   __TI_decompress_rle24
2000099c   __TI_dtors_ptr
00000000   __TI_static_base__
000030a3   __TI_zero_init
00002af1   __aeabi_memcpy
00002af1   __aeabi_memcpy4
00002af1   __aeabi_memcpy8
00002e23   __aeabi_uidivmod
ffffffff   __binit__
ffffffff   __c_args__
20000788   __stack
00002fe1   _args_main
00002d11   _c_int00
20000990   _lock
00003043   _nop
0000303b   _register_lock
00003035   _register_unlock
20000994   _unlock
00002da1   abort
00003154   asc2_1608
ffffffff   binit
00002d59   copy_in
00002da9   exit
00000000   g_pfnVectors
20000780   g_ui32SysClock
000022bd   main
200009a8   main_func_sp
00002af1   memcpy
000011f4   sincos_table
00002075   touch_getx
00002105   touch_gety


GLOBAL SYMBOLS: SORTED BY Symbol Address 

address    name
--------   ----
00000000   __TI_static_base__
00000000   g_pfnVectors
00000001   __TI_args_main
00000200   __STACK_SIZE
00000295   InitGPIOLCDInterface
00000353   TFTLCD_EnterSleep
000003d3   TFTLCD_ExitSleep
00000489   TFT_400x240_OTM4001Ainit
00000c8d   TFTLCD_REFRESH_GRAM
00000ca1   TFTLCD_SetPos
00000d59   TFTLCD_DrawPoint
00000d7b   TFTLCD_ShowChar
00000e0b   TFTLCD_ShowString
00000e69   TFTLCD_CLEAR
00000ebd   TFTLCD_FillBlock
00000f25   TFTLCD_ShowData
0000102d   TFTLCD_DrawHorizontalLine
00001077   TFTLCD_DrawVerticalLine
000010c1   TFTLCD_ShowPicture
000011f4   sincos_table
000019f9   UARTStdioConfig
00001a3f   UARTwrite
00001a85   UARTgets
00001b3f   UARTgetc
00001b65   UARTvprintf
00001e5f   UARTprintf
00001e95   SSIinit
00001efd   SoftSPIinit
00001f2f   TouchInit
00001f63   SoftSPI_PutData
00001fe3   SoftSPI_GetData
00002075   touch_getx
00002105   touch_gety
00002195   TOUCH_TSC2046init
000021cd   TOUCH_PointAdjust
00002257   IntGPIOb
0000226d   SysTickIntHandler
00002287   ConfigureUART
000022bd   main
000025cd   SysCtlClockFreqSet
000027c9   EPIGPIOinit
0000290d   GPIOPadConfigSet
00002a3d   _IQ24sin
00002af1   __aeabi_memcpy
00002af1   __aeabi_memcpy4
00002af1   __aeabi_memcpy8
00002af1   memcpy
00002b8d   __TI_auto_init
00002c81   GPIOPinConfigure
00002d11   _c_int00
00002d59   copy_in
00002d9d   C$$EXIT
00002da1   abort
00002da9   exit
00002de1   SSIConfigSetExpClk
00002e23   __aeabi_uidivmod
00002e65   UARTConfigSetExpClk
00002ea5   SysCtlPeripheralEnable
00002ed9   SysCtlPeripheralPresent
00002f0d   GPIODirModeSet
00002f37   EPIConfigHB16Set
00002f59   SysCtlGPIOAHBEnable
00002f75   UARTDisable
00002f91   _IQ24mpyI32int
00002fc9   GPIOPinTypeGPIOOutput
00002fe1   _args_main
00002ff9   SysTickEnable
0000300d   SysTickIntEnable
00003021   UARTEnable
00003035   _register_unlock
0000303b   _register_lock
00003043   _nop
00003049   GPIOPinTypeEPI
0000305b   GPIOPinTypeGPIOInput
0000306d   GPIOPinTypeSSI
0000307f   GPIOPinTypeUART
00003091   SSIDataGetNonBlocking
000030a3   __TI_zero_init
000030b5   FPUEnable
000030c5   FPULazyStackingEnable
000030d5   SysTickPeriodSet
000030e5   __TI_decompress_none
000030f3   CPUcpsie
000030ff   ResetISR
0000310b   IntMasterEnable
00003115   SSIEnable
0000311f   UARTCharGet
00003129   UARTCharPut
00003133   GPIOPinRead
00003139   GPIOPinWrite
0000313f   SysCtlDelay
00003145   __TI_decompress_rle24
0000314b   EPIAddressMapSet
0000314f   EPIModeSet
00003154   asc2_1608
000039f0   __TI_Handler_Table_Base
000039fc   __TI_Handler_Table_Limit
00003a08   __TI_CINIT_Base
00003a18   __TI_CINIT_Limit
20000780   g_ui32SysClock
20000788   __stack
20000988   WriteData
20000988   __STACK_END
20000988   __STACK_TOP
2000098c   WriteCommand
20000990   _lock
20000994   _unlock
20000998   __TI_cleanup_ptr
2000099c   __TI_dtors_ptr
200009a8   main_func_sp
ffffffff   __binit__
ffffffff   __c_args__
ffffffff   binit
UNDEFED    SHT$$INIT_ARRAY$$Base
UNDEFED    SHT$$INIT_ARRAY$$Limit

[115 symbols]
