******************************************************************************
                  TI ARM Linker PC v18.1.1                     
******************************************************************************
>> Linked Mon Dec 14 11:00:10 2020

OUTPUT FILE NAME:   <circle of Sine_wave_TFT.out>
ENTRY POINT SYMBOL: "_c_int00_noargs"  address: 00066c45


MEMORY CONFIGURATION

         name            origin    length      used     unused   attr    fill
----------------------  --------  ---------  --------  --------  ----  --------
  FLASH                 00000000   00100000  00066f8a  00099076  R  X
  SRAM                  20000000   00040000  0000024c  0003fdb4  RW X


SEGMENT ALLOCATION MAP

run origin  load origin   length   init length attrs members
----------  ----------- ---------- ----------- ----- -------
00000000    00000000    00066f90   00066f90    r-x
  00000000    00000000    00000208   00000208    r-- .intvecs
  00000208    00000208    00063c74   00063c74    r-- .const
  00063e7c    00063e7c    000030be   000030be    r-x .text
  00066f40    00066f40    00000050   00000050    r-- .cinit
20000000    20000000    0000024c   00000000    rw-
  20000000    20000000    00000200   00000000    rw- .stack
  20000200    20000200    00000030   00000000    rw- .data
  20000230    20000230    0000001c   00000000    rw- .bss


SECTION ALLOCATION MAP

 output                                  attributes/
section   page    origin      length       input sections
--------  ----  ----------  ----------   ----------------
.intvecs   0    00000000    00000208     
                  00000000    00000208     tm4c1294ncpdt_startup_ccs.obj (.intvecs)

.const     0    00000208    00063c74     
                  00000208    0002ee00     Sine_wave.obj (.const:.string:gameover)
                  0002f008    0002ee00     Sine_wave.obj (.const:.string:menu)
                  0005de08    00001c20     Sine_wave.obj (.const:.string:boom)
                  0005fa28    00001c20     Sine_wave.obj (.const:.string:plane)
                  00061648    00001c20     Sine_wave.obj (.const:.string:stone)
                  00063268    00000600     TFT_400x240_OTM4001A_16bit.obj (.const:asc2_1608)
                  00063868    00000320     Sine_wave.obj (.const:.string:bullet)
                  00063b88    00000120     driverlib.lib : sysctl.obj (.const:g_pppui32XTALtoVCO)
                  00063ca8    00000090                   : gpio.obj (.const:g_pui32GPIOBaseAddrs)
                  00063d38    00000070                   : interrupt.obj (.const)
                  00063da8    0000006c                   : sysctl.obj (.const:g_pui32Xtals)
                  00063e14    00000030                   : sysctl.obj (.const:g_sXTALtoMEMTIM)
                  00063e44    00000012     uartstdio.obj (.const:.string)
                  00063e56    00000002     --HOLE-- [fill = 0]
                  00063e58    0000000c     uartstdio.obj (.const:g_ui32UARTBase)
                  00063e64    0000000c     uartstdio.obj (.const:g_ui32UARTPeriph)
                  00063e70    00000008     driverlib.lib : sysctl.obj (.const)
                  00063e78    00000004     uartstdio.obj (.const)

.text      0    00063e7c    000030be     
                  00063e7c    0000105c     TFT_400x240_OTM4001A_16bit.obj (.text)
                  00064ed8    0000098c     Sine_wave.obj (.text)
                  00065864    0000049c     uartstdio.obj (.text)
                  00065d00    000003d8     TOUCH_TSC2046.obj (.text)
                  000660d8    000003a4     KEY.obj (.text)
                  0006647c    000001fc     driverlib.lib : sysctl.obj (.text:SysCtlClockFreqSet)
                  00066678    00000144     EPIinit.obj (.text)
                  000667bc    00000130     driverlib.lib : gpio.obj (.text:GPIOPadConfigSet)
                  000668ec    0000009c     rtsv7M4_T_le_v4SPD16_eabi.lib : memcpy_t2.asm.obj (.text)
                  00066988    00000068                                   : copy_decompress_lzss.c.obj (.text:decompress:lzss:__TI_decompress_lzss)
                  000669f0    00000060     driverlib.lib : interrupt.obj (.text:IntEnable)
                  00066a50    0000005c                   : timer.obj (.text:TimerConfigure)
                  00066aac    00000048                   : gpio.obj (.text:GPIOPinConfigure)
                  00066af4    00000048                   : sysctl.obj (.text:_SysCtlFrequencyGet)
                  00066b3c    00000044     rtsv7M4_T_le_v4SPD16_eabi.lib : autoinit.c.obj (.text:__TI_auto_init_nobinit_nopinit:__TI_auto_init_nobinit_nopinit)
                  00066b80    00000042     driverlib.lib : ssi.obj (.text:SSIConfigSetExpClk)
                  00066bc2    00000040                   : uart.obj (.text:UARTConfigSetExpClk)
                  00066c02    00000040     rtsv7M4_T_le_v4SPD16_eabi.lib : u_divt2.asm.obj (.text)
                  00066c42    00000002                                   : _lock.c.obj (.text:_nop)
                  00066c44    00000038                                   : boot_cortex_m.c.obj (.text:_c_int00_noargs:_c_int00_noargs)
                  00066c7c    00000034     driverlib.lib : sysctl.obj (.text:SysCtlPeripheralEnable)
                  00066cb0    00000034                   : sysctl.obj (.text:SysCtlPeripheralPresent)
                  00066ce4    00000034     rtsv7M4_T_le_v4SPD16_eabi.lib : rand.c.obj (.text:rand)
                  00066d18    0000002a     driverlib.lib : gpio.obj (.text:GPIODirModeSet)
                  00066d42    00000022                   : epi.obj (.text:EPIConfigHB16Set)
                  00066d64    0000001c                   : sysctl.obj (.text:SysCtlGPIOAHBEnable)
                  00066d80    0000001c                   : uart.obj (.text:UARTDisable)
                  00066d9c    0000001c                   : sysctl.obj (.text:_SysCtlMemTimingGet)
                  00066db8    00000018                   : gpio.obj (.text:GPIOPinTypeGPIOOutput)
                  00066dd0    00000014                   : systick.obj (.text:SysTickEnable)
                  00066de4    00000014                   : systick.obj (.text:SysTickIntEnable)
                  00066df8    00000014                   : uart.obj (.text:UARTEnable)
                  00066e0c    00000012                   : gpio.obj (.text:GPIOPinTypeEPI)
                  00066e1e    00000012                   : gpio.obj (.text:GPIOPinTypeGPIOInput)
                  00066e30    00000012                   : gpio.obj (.text:GPIOPinTypeSSI)
                  00066e42    00000012                   : ssi.obj (.text:SSIDataGetNonBlocking)
                  00066e54    00000012                   : timer.obj (.text:TimerLoadSet)
                  00066e66    00000012     rtsv7M4_T_le_v4SPD16_eabi.lib : copy_zero_init.c.obj (.text:decompress:ZI:__TI_zero_init_nomemset:__TI_zero_init_nomemset)
                  00066e78    00000010     driverlib.lib : fpu.obj (.text:FPUEnable)
                  00066e88    00000010                   : fpu.obj (.text:FPULazyStackingEnable)
                  00066e98    00000010                   : systick.obj (.text:SysTickPeriodSet)
                  00066ea8    0000000e                   : timer.obj (.text:TimerEnable)
                  00066eb6    0000000e     rtsv7M4_T_le_v4SPD16_eabi.lib : copy_decompress_none.c.obj (.text:decompress:none:__TI_decompress_none)
                  00066ec4    0000000c     driverlib.lib : cpu.obj (.text:CPUcpsie)
                  00066ed0    0000000c     tm4c1294ncpdt_startup_ccs.obj (.text)
                  00066edc    0000000a     driverlib.lib : interrupt.obj (.text:IntMasterEnable)
                  00066ee6    0000000a                   : ssi.obj (.text:SSIEnable)
                  00066ef0    0000000a                   : uart.obj (.text:UARTCharGet)
                  00066efa    0000000a                   : uart.obj (.text:UARTCharPut)
                  00066f04    00000008                   : timer.obj (.text:TimerIntEnable)
                  00066f0c    00000006                   : gpio.obj (.text:GPIOPinRead)
                  00066f12    00000006                   : gpio.obj (.text:GPIOPinWrite)
                  00066f18    00000006                   : sysctl.obj (.text:SysCtlDelay)
                  00066f1e    00000006                   : timer.obj (.text:TimerClockSourceSet)
                  00066f24    00000004                   : epi.obj (.text:EPIAddressMapSet)
                  00066f28    00000004                   : epi.obj (.text:EPIModeSet)
                  00066f2c    00000004                   : timer.obj (.text:TimerIntClear)
                  00066f30    00000004     rtsv7M4_T_le_v4SPD16_eabi.lib : pre_init.c.obj (.text:_system_pre_init)
                  00066f34    00000004                                   : exit.c.obj (.text:abort:abort)
                  00066f38    00000002                                   : div0.asm.obj (.text)

.cinit     0    00066f40    00000050     
                  00066f40    00000027     (.cinit..data.load) [load image, compression = lzss]
                  00066f67    00000001     --HOLE-- [fill = 0]
                  00066f68    0000000c     (__TI_handler_table)
                  00066f74    00000004     --HOLE-- [fill = 0]
                  00066f78    00000008     (.cinit..bss.load) [load image, compression = zero_init]
                  00066f80    00000010     (__TI_cinit_table)

.init_array 
*          0    00000000    00000000     UNINITIALIZED

.data      0    20000200    00000030     UNINITIALIZED
                  20000200    00000014     Sine_wave.obj (.data)
                  20000214    00000008     rtsv7M4_T_le_v4SPD16_eabi.lib : _lock.c.obj (.data:$O1$$)
                  2000021c    00000008     TFT_400x240_OTM4001A_16bit.obj (.data)
                  20000224    00000005     uartstdio.obj (.data)
                  20000229    00000002     KEY.obj (.data)
                  2000022b    00000001     --HOLE--
                  2000022c    00000004     rtsv7M4_T_le_v4SPD16_eabi.lib : rand.c.obj (.data)

.bss       0    20000230    0000001c     UNINITIALIZED
                  20000230    00000004     Sine_wave.obj (.bss)
                  20000234    00000004     (.common:g_ui32SysClock)
                  20000238    00000004     (.common:key)
                  2000023c    00000004     (.common:x_bullet)
                  20000240    00000004     (.common:x_stone)
                  20000244    00000004     (.common:y_bullet)
                  20000248    00000004     (.common:y_stone)

.stack     0    20000000    00000200     UNINITIALIZED
                  20000000    00000004     rtsv7M4_T_le_v4SPD16_eabi.lib : boot_cortex_m.c.obj (.stack)
                  20000004    000001fc     --HOLE--

MODULE SUMMARY

       Module                           code    ro data   rw data
       ------                           ----    -------   -------
    .\
       Sine_wave.obj                    2444    406400    48     
       uartstdio.obj                    1180    46        5      
       KEY.obj                          932     0         2      
       tm4c1294ncpdt_startup_ccs.obj    12      520       0      
    +--+--------------------------------+-------+---------+---------+
       Total:                           4568    406966    55     
                                                                 
    .\EPIinit\
       EPIinit.obj                      324     0         0      
    +--+--------------------------------+-------+---------+---------+
       Total:                           324     0         0      
                                                                 
    .\TFTinit\
       TFT_400x240_OTM4001A_16bit.obj   4188    1536      8      
    +--+--------------------------------+-------+---------+---------+
       Total:                           4188    1536      8      
                                                                 
    .\TOUCHinit\
       TOUCH_TSC2046.obj                984     0         0      
    +--+--------------------------------+-------+---------+---------+
       Total:                           984     0         0      
                                                                 
    D:/CCS/TivaWare_C_Series-2.1.0.12573/driverlib/ccs/Debug/driverlib.lib
       sysctl.obj                       746     452       0      
       gpio.obj                         508     144       0      
       interrupt.obj                    106     112       0      
       timer.obj                        142     0         0      
       uart.obj                         132     0         0      
       ssi.obj                          94      0         0      
       systick.obj                      56      0         0      
       epi.obj                          42      0         0      
       fpu.obj                          32      0         0      
       cpu.obj                          12      0         0      
    +--+--------------------------------+-------+---------+---------+
       Total:                           1870    708       0      
                                                                 
    D:\CCS\ccsv8\tools\compiler\ti-cgt-arm_18.1.1.LTS\lib\rtsv7M4_T_le_v4SPD16_eabi.lib
       memcpy_t2.asm.obj                156     0         0      
       copy_decompress_lzss.c.obj       104     0         0      
       autoinit.c.obj                   68      0         0      
       u_divt2.asm.obj                  64      0         0      
       boot_cortex_m.c.obj              56      0         0      
       rand.c.obj                       52      0         4      
       copy_zero_init.c.obj             18      0         0      
       copy_decompress_none.c.obj       14      0         0      
       _lock.c.obj                      2       0         8      
       exit.c.obj                       4       0         0      
       pre_init.c.obj                   4       0         0      
       div0.asm.obj                     2       0         0      
    +--+--------------------------------+-------+---------+---------+
       Total:                           544     0         12     
                                                                 
       Stack:                           0       0         512    
       Linker Generated:                0       75        0      
    +--+--------------------------------+-------+---------+---------+
       Grand Total:                     12478   409285    587    


LINKER GENERATED COPY TABLES

__TI_cinit_table @ 00066f80 records: 2, size/record: 8, table size: 16
	.data: load addr=00066f40, load size=00000027 bytes, run addr=20000200, run size=00000030 bytes, compression=lzss
	.bss: load addr=00066f78, load size=00000008 bytes, run addr=20000230, run size=0000001c bytes, compression=zero_init


LINKER GENERATED HANDLER TABLE

__TI_handler_table @ 00066f68 records: 3, size/record: 4, table size: 12
	index: 0, handler: __TI_decompress_lzss
	index: 1, handler: __TI_decompress_none
	index: 2, handler: __TI_zero_init


GLOBAL SYMBOLS: SORTED ALPHABETICALLY BY Name 

address   name                          
-------   ----                          
00066f35  C$$EXIT                       
00066ec5  CPUcpsie                      
000651c9  ClearBoom                     
00065351  ClearBullet                   
00064fef  ClearPlane                    
0006528d  ClearStone                    
00064ef3  ConfigureUART                 
00065159  DrawBoom                      
000652dd  DrawBullet                    
0006503b  DrawMenu                      
00064f83  DrawPlane                     
00065219  DrawStone                     
00066f25  EPIAddressMapSet              
00066d43  EPIConfigHB16Set              
00066679  EPIGPIOinit                   
00066f29  EPIModeSet                    
00066e79  FPUEnable                     
00066e89  FPULazyStackingEnable         
00066d19  GPIODirModeSet                
000667bd  GPIOPadConfigSet              
00066aad  GPIOPinConfigure              
00066f0d  GPIOPinRead                   
00066e0d  GPIOPinTypeEPI                
00066e1f  GPIOPinTypeGPIOInput          
00066db9  GPIOPinTypeGPIOOutput         
00066e31  GPIOPinTypeSSI                
00066f13  GPIOPinWrite                  
000650ad  GameOver                      
00063f09  InitGPIOLCDInterface          
000669f1  IntEnable                     
000660c3  IntGPIOb                      
00066edd  IntMasterEnable               
2000022a  Key_Dely                      
20000229  Key_Flg                       
00066ed1  ResetISR                      
00066b81  SSIConfigSetExpClk            
00066e43  SSIDataGetNonBlocking         
00066ee7  SSIEnable                     
00065d01  SSIinit                       
00065e4f  SoftSPI_GetData               
00065dcf  SoftSPI_PutData               
00065d69  SoftSPIinit                   
0006647d  SysCtlClockFreqSet            
00066f19  SysCtlDelay                   
00066d65  SysCtlGPIOAHBEnable           
00066c7d  SysCtlPeripheralEnable        
00066cb1  SysCtlPeripheralPresent       
00066dd1  SysTickEnable                 
00066de5  SysTickIntEnable              
00064ed9  SysTickIntHandler             
00066e99  SysTickPeriodSet              
00064add  TFTLCD_CLEAR                  
00064ca1  TFTLCD_DrawHorizontalLine     
000649cd  TFTLCD_DrawPoint              
00064ceb  TFTLCD_DrawVerticalLine       
00063fc7  TFTLCD_EnterSleep             
00064047  TFTLCD_ExitSleep              
00064b31  TFTLCD_FillBlock              
00064901  TFTLCD_REFRESH_GRAM           
00064915  TFTLCD_SetPos                 
000649ef  TFTLCD_ShowChar               
00064b99  TFTLCD_ShowData               
00064dbd  TFTLCD_ShowPicture            
00064d35  TFTLCD_ShowPicture1           
00064a7f  TFTLCD_ShowString             
000640fd  TFT_400x240_OTM4001Ainit      
00066039  TOUCH_PointAdjust             
00066001  TOUCH_TSC2046init             
20000208  T_Flag                        
00065745  Timer0AIntHandler             
00065489  Timer0BIntHandler             
00066f1f  TimerClockSourceSet           
00066a51  TimerConfigure                
00066ea9  TimerEnable                   
00066f2d  TimerIntClear                 
00066f05  TimerIntEnable                
00064f1f  TimerIntInitial               
00066e55  TimerLoadSet                  
00065d9b  TouchInit                     
00066ef1  UARTCharGet                   
00066efb  UARTCharPut                   
00066bc3  UARTConfigSetExpClk           
00066d81  UARTDisable                   
00066df9  UARTEnable                    
00065865  UARTStdioConfig               
000659ab  UARTgetc                      
000658f1  UARTgets                      
00065ccb  UARTprintf                    
000659d1  UARTvprintf                   
000658ab  UARTwrite                     
20000220  WriteCommand                  
2000021c  WriteData                     
20000200  __STACK_END                   
00000200  __STACK_SIZE                  
20000200  __STACK_TOP                   
00066f80  __TI_CINIT_Base               
00066f90  __TI_CINIT_Limit              
00066f68  __TI_Handler_Table_Base       
00066f74  __TI_Handler_Table_Limit      
00066b3d  __TI_auto_init_nobinit_nopinit
00066989  __TI_decompress_lzss          
00066eb7  __TI_decompress_none          
ffffffff  __TI_pprof_out_hndl           
ffffffff  __TI_prof_data_size           
ffffffff  __TI_prof_data_start          
00000000  __TI_static_base__            
00066e67  __TI_zero_init_nomemset       
00066f39  __aeabi_idiv0                 
00066f39  __aeabi_ldiv0                 
000668ed  __aeabi_memcpy                
000668ed  __aeabi_memcpy4               
000668ed  __aeabi_memcpy8               
00066c03  __aeabi_uidiv                 
00066c03  __aeabi_uidivmod              
ffffffff  __binit__                     
ffffffff  __c_args__                    
UNDEFED   __mpu_init                    
20000000  __stack                       
00066c45  _c_int00_noargs               
20000214  _lock                         
00066c43  _nop                          
UNDEFED   _system_post_cinit            
00066f31  _system_pre_init              
20000218  _unlock                       
00066f35  abort                         
00063268  asc2_1608                     
ffffffff  binit                         
0005de08  boom                          
00063868  bullet                        
20000205  flag_bullet                   
20000206  flag_stone                    
00000000  g_pfnVectors                  
20000234  g_ui32SysClock                
00000208  gameover                      
00066141  identify_key                  
20000238  key                           
000660d9  key_init                      
000653c1  main                          
000668ed  memcpy                        
0002f008  menu                          
0005fa28  plane                         
00066ce5  rand                          
20000200  score                         
20000204  start                         
00061648  stone                         
00065ee1  touch_getx                    
00065f71  touch_gety                    
2000023c  x_bullet                      
2000020c  x_plane                       
20000240  x_stone                       
20000244  y_bullet                      
20000210  y_plane                       
20000248  y_stone                       


GLOBAL SYMBOLS: SORTED BY Symbol Address 

address   name                          
-------   ----                          
00000000  __TI_static_base__            
00000000  g_pfnVectors                  
00000200  __STACK_SIZE                  
00000208  gameover                      
0002f008  menu                          
0005de08  boom                          
0005fa28  plane                         
00061648  stone                         
00063268  asc2_1608                     
00063868  bullet                        
00063f09  InitGPIOLCDInterface          
00063fc7  TFTLCD_EnterSleep             
00064047  TFTLCD_ExitSleep              
000640fd  TFT_400x240_OTM4001Ainit      
00064901  TFTLCD_REFRESH_GRAM           
00064915  TFTLCD_SetPos                 
000649cd  TFTLCD_DrawPoint              
000649ef  TFTLCD_ShowChar               
00064a7f  TFTLCD_ShowString             
00064add  TFTLCD_CLEAR                  
00064b31  TFTLCD_FillBlock              
00064b99  TFTLCD_ShowData               
00064ca1  TFTLCD_DrawHorizontalLine     
00064ceb  TFTLCD_DrawVerticalLine       
00064d35  TFTLCD_ShowPicture1           
00064dbd  TFTLCD_ShowPicture            
00064ed9  SysTickIntHandler             
00064ef3  ConfigureUART                 
00064f1f  TimerIntInitial               
00064f83  DrawPlane                     
00064fef  ClearPlane                    
0006503b  DrawMenu                      
000650ad  GameOver                      
00065159  DrawBoom                      
000651c9  ClearBoom                     
00065219  DrawStone                     
0006528d  ClearStone                    
000652dd  DrawBullet                    
00065351  ClearBullet                   
000653c1  main                          
00065489  Timer0BIntHandler             
00065745  Timer0AIntHandler             
00065865  UARTStdioConfig               
000658ab  UARTwrite                     
000658f1  UARTgets                      
000659ab  UARTgetc                      
000659d1  UARTvprintf                   
00065ccb  UARTprintf                    
00065d01  SSIinit                       
00065d69  SoftSPIinit                   
00065d9b  TouchInit                     
00065dcf  SoftSPI_PutData               
00065e4f  SoftSPI_GetData               
00065ee1  touch_getx                    
00065f71  touch_gety                    
00066001  TOUCH_TSC2046init             
00066039  TOUCH_PointAdjust             
000660c3  IntGPIOb                      
000660d9  key_init                      
00066141  identify_key                  
0006647d  SysCtlClockFreqSet            
00066679  EPIGPIOinit                   
000667bd  GPIOPadConfigSet              
000668ed  __aeabi_memcpy                
000668ed  __aeabi_memcpy4               
000668ed  __aeabi_memcpy8               
000668ed  memcpy                        
00066989  __TI_decompress_lzss          
000669f1  IntEnable                     
00066a51  TimerConfigure                
00066aad  GPIOPinConfigure              
00066b3d  __TI_auto_init_nobinit_nopinit
00066b81  SSIConfigSetExpClk            
00066bc3  UARTConfigSetExpClk           
00066c03  __aeabi_uidiv                 
00066c03  __aeabi_uidivmod              
00066c43  _nop                          
00066c45  _c_int00_noargs               
00066c7d  SysCtlPeripheralEnable        
00066cb1  SysCtlPeripheralPresent       
00066ce5  rand                          
00066d19  GPIODirModeSet                
00066d43  EPIConfigHB16Set              
00066d65  SysCtlGPIOAHBEnable           
00066d81  UARTDisable                   
00066db9  GPIOPinTypeGPIOOutput         
00066dd1  SysTickEnable                 
00066de5  SysTickIntEnable              
00066df9  UARTEnable                    
00066e0d  GPIOPinTypeEPI                
00066e1f  GPIOPinTypeGPIOInput          
00066e31  GPIOPinTypeSSI                
00066e43  SSIDataGetNonBlocking         
00066e55  TimerLoadSet                  
00066e67  __TI_zero_init_nomemset       
00066e79  FPUEnable                     
00066e89  FPULazyStackingEnable         
00066e99  SysTickPeriodSet              
00066ea9  TimerEnable                   
00066eb7  __TI_decompress_none          
00066ec5  CPUcpsie                      
00066ed1  ResetISR                      
00066edd  IntMasterEnable               
00066ee7  SSIEnable                     
00066ef1  UARTCharGet                   
00066efb  UARTCharPut                   
00066f05  TimerIntEnable                
00066f0d  GPIOPinRead                   
00066f13  GPIOPinWrite                  
00066f19  SysCtlDelay                   
00066f1f  TimerClockSourceSet           
00066f25  EPIAddressMapSet              
00066f29  EPIModeSet                    
00066f2d  TimerIntClear                 
00066f31  _system_pre_init              
00066f35  C$$EXIT                       
00066f35  abort                         
00066f39  __aeabi_idiv0                 
00066f39  __aeabi_ldiv0                 
00066f68  __TI_Handler_Table_Base       
00066f74  __TI_Handler_Table_Limit      
00066f80  __TI_CINIT_Base               
00066f90  __TI_CINIT_Limit              
20000000  __stack                       
20000200  __STACK_END                   
20000200  __STACK_TOP                   
20000200  score                         
20000204  start                         
20000205  flag_bullet                   
20000206  flag_stone                    
20000208  T_Flag                        
2000020c  x_plane                       
20000210  y_plane                       
20000214  _lock                         
20000218  _unlock                       
2000021c  WriteData                     
20000220  WriteCommand                  
20000229  Key_Flg                       
2000022a  Key_Dely                      
20000234  g_ui32SysClock                
20000238  key                           
2000023c  x_bullet                      
20000240  x_stone                       
20000244  y_bullet                      
20000248  y_stone                       
ffffffff  __TI_pprof_out_hndl           
ffffffff  __TI_prof_data_size           
ffffffff  __TI_prof_data_start          
ffffffff  __binit__                     
ffffffff  __c_args__                    
ffffffff  binit                         
UNDEFED   __mpu_init                    
UNDEFED   _system_post_cinit            

[153 symbols]
