<?xml version="1.0" encoding="ISO-8859-1" ?>
<link_info>
   <banner>TI ARM Linker PC v18.1.1.LTS</banner>
   <copyright>Copyright (c) 1996-2017 Texas Instruments Incorporated</copyright>
   <link_time>0x5fd6d53a</link_time>
   <link_errors>0x0</link_errors>
   <output_file>circle of Sine_wave_TFT.out</output_file>
   <entry_point>
      <name>_c_int00_noargs</name>
      <address>0x66c45</address>
   </entry_point>
   <input_file_list>
      <input_file id="fl-2">
         <path>.\</path>
         <kind>object</kind>
         <file>KEY.obj</file>
         <name>KEY.obj</name>
      </input_file>
      <input_file id="fl-3">
         <path>.\</path>
         <kind>object</kind>
         <file>Sine_wave.obj</file>
         <name>Sine_wave.obj</name>
      </input_file>
      <input_file id="fl-4">
         <path>.\</path>
         <kind>object</kind>
         <file>tm4c1294ncpdt_startup_ccs.obj</file>
         <name>tm4c1294ncpdt_startup_ccs.obj</name>
      </input_file>
      <input_file id="fl-5">
         <path>.\</path>
         <kind>object</kind>
         <file>uartstdio.obj</file>
         <name>uartstdio.obj</name>
      </input_file>
      <input_file id="fl-6">
         <path>.\EPIinit\</path>
         <kind>object</kind>
         <file>EPIinit.obj</file>
         <name>EPIinit.obj</name>
      </input_file>
      <input_file id="fl-7">
         <path>.\TFTinit\</path>
         <kind>object</kind>
         <file>TFT_400x240_OTM4001A_16bit.obj</file>
         <name>TFT_400x240_OTM4001A_16bit.obj</name>
      </input_file>
      <input_file id="fl-8">
         <path>.\TOUCHinit\</path>
         <kind>object</kind>
         <file>TOUCH_TSC2046.obj</file>
         <name>TOUCH_TSC2046.obj</name>
      </input_file>
      <input_file id="fl-e">
         <kind>object</kind>
         <file>&lt;internal&gt;</file>
         <name>&lt;internal&gt;</name>
      </input_file>
      <input_file id="fl-c4">
         <path>D:\CCS\ccsv8\tools\compiler\ti-cgt-arm_18.1.1.LTS\lib\</path>
         <kind>archive</kind>
         <file>rtsv7M4_T_le_v4SPD16_eabi.lib</file>
         <name>u_divt2.asm.obj</name>
      </input_file>
      <input_file id="fl-c5">
         <path>D:\CCS\ccsv8\tools\compiler\ti-cgt-arm_18.1.1.LTS\lib\</path>
         <kind>archive</kind>
         <file>rtsv7M4_T_le_v4SPD16_eabi.lib</file>
         <name>copy_zero_init.c.obj</name>
      </input_file>
      <input_file id="fl-c6">
         <path>D:\CCS\ccsv8\tools\compiler\ti-cgt-arm_18.1.1.LTS\lib\</path>
         <kind>archive</kind>
         <file>rtsv7M4_T_le_v4SPD16_eabi.lib</file>
         <name>copy_decompress_none.c.obj</name>
      </input_file>
      <input_file id="fl-c7">
         <path>D:\CCS\ccsv8\tools\compiler\ti-cgt-arm_18.1.1.LTS\lib\</path>
         <kind>archive</kind>
         <file>rtsv7M4_T_le_v4SPD16_eabi.lib</file>
         <name>copy_decompress_lzss.c.obj</name>
      </input_file>
      <input_file id="fl-c8">
         <path>D:\CCS\ccsv8\tools\compiler\ti-cgt-arm_18.1.1.LTS\lib\</path>
         <kind>archive</kind>
         <file>rtsv7M4_T_le_v4SPD16_eabi.lib</file>
         <name>boot_cortex_m.c.obj</name>
      </input_file>
      <input_file id="fl-c9">
         <path>D:\CCS\ccsv8\tools\compiler\ti-cgt-arm_18.1.1.LTS\lib\</path>
         <kind>archive</kind>
         <file>rtsv7M4_T_le_v4SPD16_eabi.lib</file>
         <name>exit.c.obj</name>
      </input_file>
      <input_file id="fl-ca">
         <path>D:\CCS\ccsv8\tools\compiler\ti-cgt-arm_18.1.1.LTS\lib\</path>
         <kind>archive</kind>
         <file>rtsv7M4_T_le_v4SPD16_eabi.lib</file>
         <name>_lock.c.obj</name>
      </input_file>
      <input_file id="fl-cb">
         <path>D:\CCS\ccsv8\tools\compiler\ti-cgt-arm_18.1.1.LTS\lib\</path>
         <kind>archive</kind>
         <file>rtsv7M4_T_le_v4SPD16_eabi.lib</file>
         <name>args_main.c.obj</name>
      </input_file>
      <input_file id="fl-cc">
         <path>D:\CCS\ccsv8\tools\compiler\ti-cgt-arm_18.1.1.LTS\lib\</path>
         <kind>archive</kind>
         <file>rtsv7M4_T_le_v4SPD16_eabi.lib</file>
         <name>rand.c.obj</name>
      </input_file>
      <input_file id="fl-cd">
         <path>D:\CCS\ccsv8\tools\compiler\ti-cgt-arm_18.1.1.LTS\lib\</path>
         <kind>archive</kind>
         <file>rtsv7M4_T_le_v4SPD16_eabi.lib</file>
         <name>div0.asm.obj</name>
      </input_file>
      <input_file id="fl-ce">
         <path>D:\CCS\ccsv8\tools\compiler\ti-cgt-arm_18.1.1.LTS\lib\</path>
         <kind>archive</kind>
         <file>rtsv7M4_T_le_v4SPD16_eabi.lib</file>
         <name>memcpy_t2.asm.obj</name>
      </input_file>
      <input_file id="fl-cf">
         <path>D:\CCS\ccsv8\tools\compiler\ti-cgt-arm_18.1.1.LTS\lib\</path>
         <kind>archive</kind>
         <file>rtsv7M4_T_le_v4SPD16_eabi.lib</file>
         <name>memset_t2.asm.obj</name>
      </input_file>
      <input_file id="fl-d0">
         <path>D:\CCS\ccsv8\tools\compiler\ti-cgt-arm_18.1.1.LTS\lib\</path>
         <kind>archive</kind>
         <file>rtsv7M4_T_le_v4SPD16_eabi.lib</file>
         <name>autoinit.c.obj</name>
      </input_file>
      <input_file id="fl-d1">
         <path>D:\CCS\ccsv8\tools\compiler\ti-cgt-arm_18.1.1.LTS\lib\</path>
         <kind>archive</kind>
         <file>rtsv7M4_T_le_v4SPD16_eabi.lib</file>
         <name>pre_init.c.obj</name>
      </input_file>
      <input_file id="fl-d2">
         <path>D:\CCS\ccsv8\tools\compiler\ti-cgt-arm_18.1.1.LTS\lib\</path>
         <kind>archive</kind>
         <file>rtsv7M4_T_le_v4SPD16_eabi.lib</file>
         <name>cpy_tbl.c.obj</name>
      </input_file>
      <input_file id="fl-d3">
         <path>D:\CCS\TivaWare_C_Series-2.1.0.12573\driverlib\ccs\Debug\</path>
         <kind>archive</kind>
         <file>driverlib.lib</file>
         <name>uart.obj</name>
      </input_file>
      <input_file id="fl-d4">
         <path>D:\CCS\TivaWare_C_Series-2.1.0.12573\driverlib\ccs\Debug\</path>
         <kind>archive</kind>
         <file>driverlib.lib</file>
         <name>timer.obj</name>
      </input_file>
      <input_file id="fl-d5">
         <path>D:\CCS\TivaWare_C_Series-2.1.0.12573\driverlib\ccs\Debug\</path>
         <kind>archive</kind>
         <file>driverlib.lib</file>
         <name>systick.obj</name>
      </input_file>
      <input_file id="fl-d6">
         <path>D:\CCS\TivaWare_C_Series-2.1.0.12573\driverlib\ccs\Debug\</path>
         <kind>archive</kind>
         <file>driverlib.lib</file>
         <name>sysctl.obj</name>
      </input_file>
      <input_file id="fl-d7">
         <path>D:\CCS\TivaWare_C_Series-2.1.0.12573\driverlib\ccs\Debug\</path>
         <kind>archive</kind>
         <file>driverlib.lib</file>
         <name>ssi.obj</name>
      </input_file>
      <input_file id="fl-d8">
         <path>D:\CCS\TivaWare_C_Series-2.1.0.12573\driverlib\ccs\Debug\</path>
         <kind>archive</kind>
         <file>driverlib.lib</file>
         <name>interrupt.obj</name>
      </input_file>
      <input_file id="fl-d9">
         <path>D:\CCS\TivaWare_C_Series-2.1.0.12573\driverlib\ccs\Debug\</path>
         <kind>archive</kind>
         <file>driverlib.lib</file>
         <name>gpio.obj</name>
      </input_file>
      <input_file id="fl-da">
         <path>D:\CCS\TivaWare_C_Series-2.1.0.12573\driverlib\ccs\Debug\</path>
         <kind>archive</kind>
         <file>driverlib.lib</file>
         <name>fpu.obj</name>
      </input_file>
      <input_file id="fl-db">
         <path>D:\CCS\TivaWare_C_Series-2.1.0.12573\driverlib\ccs\Debug\</path>
         <kind>archive</kind>
         <file>driverlib.lib</file>
         <name>epi.obj</name>
      </input_file>
      <input_file id="fl-dc">
         <path>D:\CCS\TivaWare_C_Series-2.1.0.12573\driverlib\ccs\Debug\</path>
         <kind>archive</kind>
         <file>driverlib.lib</file>
         <name>cpu.obj</name>
      </input_file>
   </input_file_list>
   <object_component_list>
      <object_component id="oc-f">
         <name>.intvecs</name>
         <load_address>0x0</load_address>
         <run_address>0x0</run_address>
         <size>0x208</size>
         <input_file_ref idref="fl-4"/>
      </object_component>
      <object_component id="oc-ad">
         <name>.text</name>
         <load_address>0x63e7c</load_address>
         <run_address>0x63e7c</run_address>
         <size>0x105c</size>
         <input_file_ref idref="fl-7"/>
      </object_component>
      <object_component id="oc-2a">
         <name>.text</name>
         <load_address>0x64ed8</load_address>
         <run_address>0x64ed8</run_address>
         <size>0x98c</size>
         <input_file_ref idref="fl-3"/>
      </object_component>
      <object_component id="oc-83">
         <name>.text</name>
         <load_address>0x65864</load_address>
         <run_address>0x65864</run_address>
         <size>0x49c</size>
         <input_file_ref idref="fl-5"/>
      </object_component>
      <object_component id="oc-30">
         <name>.text</name>
         <load_address>0x65d00</load_address>
         <run_address>0x65d00</run_address>
         <size>0x3d8</size>
         <input_file_ref idref="fl-8"/>
      </object_component>
      <object_component id="oc-f8">
         <name>.text</name>
         <load_address>0x660d8</load_address>
         <run_address>0x660d8</run_address>
         <size>0x3a4</size>
         <input_file_ref idref="fl-2"/>
      </object_component>
      <object_component id="oc-d4">
         <name>.text:SysCtlClockFreqSet</name>
         <load_address>0x6647c</load_address>
         <run_address>0x6647c</run_address>
         <size>0x1fc</size>
         <input_file_ref idref="fl-d6"/>
      </object_component>
      <object_component id="oc-f2">
         <name>.text</name>
         <load_address>0x66678</load_address>
         <run_address>0x66678</run_address>
         <size>0x144</size>
         <input_file_ref idref="fl-6"/>
      </object_component>
      <object_component id="oc-236">
         <name>.text:GPIOPadConfigSet</name>
         <load_address>0x667bc</load_address>
         <run_address>0x667bc</run_address>
         <size>0x130</size>
         <input_file_ref idref="fl-d9"/>
      </object_component>
      <object_component id="oc-44">
         <name>.text</name>
         <load_address>0x668ec</load_address>
         <run_address>0x668ec</run_address>
         <size>0x9c</size>
         <input_file_ref idref="fl-ce"/>
      </object_component>
      <object_component id="oc-12">
         <name>.text:decompress:lzss:__TI_decompress_lzss</name>
         <load_address>0x66988</load_address>
         <run_address>0x66988</run_address>
         <size>0x68</size>
         <input_file_ref idref="fl-c7"/>
      </object_component>
      <object_component id="oc-a7">
         <name>.text:IntEnable</name>
         <load_address>0x669f0</load_address>
         <run_address>0x669f0</run_address>
         <size>0x60</size>
         <input_file_ref idref="fl-d8"/>
      </object_component>
      <object_component id="oc-8f">
         <name>.text:TimerConfigure</name>
         <load_address>0x66a50</load_address>
         <run_address>0x66a50</run_address>
         <size>0x5c</size>
         <input_file_ref idref="fl-d4"/>
      </object_component>
      <object_component id="oc-7d">
         <name>.text:GPIOPinConfigure</name>
         <load_address>0x66aac</load_address>
         <run_address>0x66aac</run_address>
         <size>0x48</size>
         <input_file_ref idref="fl-d9"/>
      </object_component>
      <object_component id="oc-1f9">
         <name>.text:_SysCtlFrequencyGet</name>
         <load_address>0x66af4</load_address>
         <run_address>0x66af4</run_address>
         <size>0x48</size>
         <input_file_ref idref="fl-d6"/>
      </object_component>
      <object_component id="oc-27c">
         <name>.text:__TI_auto_init_nobinit_nopinit:__TI_auto_init_nobinit_nopinit</name>
         <load_address>0x66b3c</load_address>
         <run_address>0x66b3c</run_address>
         <size>0x44</size>
         <input_file_ref idref="fl-d0"/>
      </object_component>
      <object_component id="oc-132">
         <name>.text:SSIConfigSetExpClk</name>
         <load_address>0x66b80</load_address>
         <run_address>0x66b80</run_address>
         <size>0x42</size>
         <input_file_ref idref="fl-d7"/>
      </object_component>
      <object_component id="oc-19a">
         <name>.text:UARTConfigSetExpClk</name>
         <load_address>0x66bc2</load_address>
         <run_address>0x66bc2</run_address>
         <size>0x40</size>
         <input_file_ref idref="fl-d3"/>
      </object_component>
      <object_component id="oc-1bb">
         <name>.text</name>
         <load_address>0x66c02</load_address>
         <run_address>0x66c02</run_address>
         <size>0x40</size>
         <input_file_ref idref="fl-c4"/>
      </object_component>
      <object_component id="oc-304">
         <name>.text:_nop</name>
         <load_address>0x66c42</load_address>
         <run_address>0x66c42</run_address>
         <size>0x2</size>
         <input_file_ref idref="fl-ca"/>
      </object_component>
      <object_component id="oc-62">
         <name>.text:_c_int00_noargs:_c_int00_noargs</name>
         <load_address>0x66c44</load_address>
         <run_address>0x66c44</run_address>
         <size>0x38</size>
         <input_file_ref idref="fl-c8"/>
      </object_component>
      <object_component id="oc-77">
         <name>.text:SysCtlPeripheralEnable</name>
         <load_address>0x66c7c</load_address>
         <run_address>0x66c7c</run_address>
         <size>0x34</size>
         <input_file_ref idref="fl-d6"/>
      </object_component>
      <object_component id="oc-194">
         <name>.text:SysCtlPeripheralPresent</name>
         <load_address>0x66cb0</load_address>
         <run_address>0x66cb0</run_address>
         <size>0x34</size>
         <input_file_ref idref="fl-d6"/>
      </object_component>
      <object_component id="oc-117">
         <name>.text:rand</name>
         <load_address>0x66ce4</load_address>
         <run_address>0x66ce4</run_address>
         <size>0x34</size>
         <input_file_ref idref="fl-cc"/>
      </object_component>
      <object_component id="oc-23c">
         <name>.text:GPIODirModeSet</name>
         <load_address>0x66d18</load_address>
         <run_address>0x66d18</run_address>
         <size>0x2a</size>
         <input_file_ref idref="fl-d9"/>
      </object_component>
      <object_component id="oc-225">
         <name>.text:EPIConfigHB16Set</name>
         <load_address>0x66d42</load_address>
         <run_address>0x66d42</run_address>
         <size>0x22</size>
         <input_file_ref idref="fl-db"/>
      </object_component>
      <object_component id="oc-1d5">
         <name>.text:SysCtlGPIOAHBEnable</name>
         <load_address>0x66d64</load_address>
         <run_address>0x66d64</run_address>
         <size>0x1c</size>
         <input_file_ref idref="fl-d6"/>
      </object_component>
      <object_component id="oc-2ba">
         <name>.text:UARTDisable</name>
         <load_address>0x66d80</load_address>
         <run_address>0x66d80</run_address>
         <size>0x1c</size>
         <input_file_ref idref="fl-d3"/>
      </object_component>
      <object_component id="oc-1f3">
         <name>.text:_SysCtlMemTimingGet</name>
         <load_address>0x66d9c</load_address>
         <run_address>0x66d9c</run_address>
         <size>0x1c</size>
         <input_file_ref idref="fl-d6"/>
      </object_component>
      <object_component id="oc-fe">
         <name>.text:GPIOPinTypeGPIOOutput</name>
         <load_address>0x66db8</load_address>
         <run_address>0x66db8</run_address>
         <size>0x18</size>
         <input_file_ref idref="fl-d9"/>
      </object_component>
      <object_component id="oc-ec">
         <name>.text:SysTickEnable</name>
         <load_address>0x66dd0</load_address>
         <run_address>0x66dd0</run_address>
         <size>0x14</size>
         <input_file_ref idref="fl-d5"/>
      </object_component>
      <object_component id="oc-e6">
         <name>.text:SysTickIntEnable</name>
         <load_address>0x66de4</load_address>
         <run_address>0x66de4</run_address>
         <size>0x14</size>
         <input_file_ref idref="fl-d5"/>
      </object_component>
      <object_component id="oc-1a0">
         <name>.text:UARTEnable</name>
         <load_address>0x66df8</load_address>
         <run_address>0x66df8</run_address>
         <size>0x14</size>
         <input_file_ref idref="fl-d3"/>
      </object_component>
      <object_component id="oc-219">
         <name>.text:GPIOPinTypeEPI</name>
         <load_address>0x66e0c</load_address>
         <run_address>0x66e0c</run_address>
         <size>0x12</size>
         <input_file_ref idref="fl-d9"/>
      </object_component>
      <object_component id="oc-144">
         <name>.text:GPIOPinTypeGPIOInput</name>
         <load_address>0x66e1e</load_address>
         <run_address>0x66e1e</run_address>
         <size>0x12</size>
         <input_file_ref idref="fl-d9"/>
      </object_component>
      <object_component id="oc-12c">
         <name>.text:GPIOPinTypeSSI</name>
         <load_address>0x66e30</load_address>
         <run_address>0x66e30</run_address>
         <size>0x12</size>
         <input_file_ref idref="fl-d9"/>
      </object_component>
      <object_component id="oc-13e">
         <name>.text:SSIDataGetNonBlocking</name>
         <load_address>0x66e42</load_address>
         <run_address>0x66e42</run_address>
         <size>0x12</size>
         <input_file_ref idref="fl-d7"/>
      </object_component>
      <object_component id="oc-95">
         <name>.text:TimerLoadSet</name>
         <load_address>0x66e54</load_address>
         <run_address>0x66e54</run_address>
         <size>0x12</size>
         <input_file_ref idref="fl-d4"/>
      </object_component>
      <object_component id="oc-50">
         <name>.text:decompress:ZI:__TI_zero_init_nomemset:__TI_zero_init_nomemset</name>
         <load_address>0x66e66</load_address>
         <run_address>0x66e66</run_address>
         <size>0x12</size>
         <input_file_ref idref="fl-c5"/>
      </object_component>
      <object_component id="oc-c8">
         <name>.text:FPUEnable</name>
         <load_address>0x66e78</load_address>
         <run_address>0x66e78</run_address>
         <size>0x10</size>
         <input_file_ref idref="fl-da"/>
      </object_component>
      <object_component id="oc-ce">
         <name>.text:FPULazyStackingEnable</name>
         <load_address>0x66e88</load_address>
         <run_address>0x66e88</run_address>
         <size>0x10</size>
         <input_file_ref idref="fl-da"/>
      </object_component>
      <object_component id="oc-da">
         <name>.text:SysTickPeriodSet</name>
         <load_address>0x66e98</load_address>
         <run_address>0x66e98</run_address>
         <size>0x10</size>
         <input_file_ref idref="fl-d5"/>
      </object_component>
      <object_component id="oc-a1">
         <name>.text:TimerEnable</name>
         <load_address>0x66ea8</load_address>
         <run_address>0x66ea8</run_address>
         <size>0xe</size>
         <input_file_ref idref="fl-d4"/>
      </object_component>
      <object_component id="oc-18">
         <name>.text:decompress:none:__TI_decompress_none</name>
         <load_address>0x66eb6</load_address>
         <run_address>0x66eb6</run_address>
         <size>0xe</size>
         <input_file_ref idref="fl-c6"/>
      </object_component>
      <object_component id="oc-210">
         <name>.text:CPUcpsie</name>
         <load_address>0x66ec4</load_address>
         <run_address>0x66ec4</run_address>
         <size>0xc</size>
         <input_file_ref idref="fl-dc"/>
      </object_component>
      <object_component id="oc-24">
         <name>.text</name>
         <load_address>0x66ed0</load_address>
         <run_address>0x66ed0</run_address>
         <size>0xc</size>
         <input_file_ref idref="fl-4"/>
      </object_component>
      <object_component id="oc-e0">
         <name>.text:IntMasterEnable</name>
         <load_address>0x66edc</load_address>
         <run_address>0x66edc</run_address>
         <size>0xa</size>
         <input_file_ref idref="fl-d8"/>
      </object_component>
      <object_component id="oc-138">
         <name>.text:SSIEnable</name>
         <load_address>0x66ee6</load_address>
         <run_address>0x66ee6</run_address>
         <size>0xa</size>
         <input_file_ref idref="fl-d7"/>
      </object_component>
      <object_component id="oc-1ac">
         <name>.text:UARTCharGet</name>
         <load_address>0x66ef0</load_address>
         <run_address>0x66ef0</run_address>
         <size>0xa</size>
         <input_file_ref idref="fl-d3"/>
      </object_component>
      <object_component id="oc-1a6">
         <name>.text:UARTCharPut</name>
         <load_address>0x66efa</load_address>
         <run_address>0x66efa</run_address>
         <size>0xa</size>
         <input_file_ref idref="fl-d3"/>
      </object_component>
      <object_component id="oc-9b">
         <name>.text:TimerIntEnable</name>
         <load_address>0x66f04</load_address>
         <run_address>0x66f04</run_address>
         <size>0x8</size>
         <input_file_ref idref="fl-d4"/>
      </object_component>
      <object_component id="oc-14b">
         <name>.text:GPIOPinRead</name>
         <load_address>0x66f0c</load_address>
         <run_address>0x66f0c</run_address>
         <size>0x6</size>
         <input_file_ref idref="fl-d9"/>
      </object_component>
      <object_component id="oc-104">
         <name>.text:GPIOPinWrite</name>
         <load_address>0x66f12</load_address>
         <run_address>0x66f12</run_address>
         <size>0x6</size>
         <input_file_ref idref="fl-d9"/>
      </object_component>
      <object_component id="oc-14a">
         <name>.text:SysCtlDelay</name>
         <load_address>0x66f18</load_address>
         <run_address>0x66f18</run_address>
         <size>0x6</size>
         <input_file_ref idref="fl-d6"/>
      </object_component>
      <object_component id="oc-89">
         <name>.text:TimerClockSourceSet</name>
         <load_address>0x66f1e</load_address>
         <run_address>0x66f1e</run_address>
         <size>0x6</size>
         <input_file_ref idref="fl-d4"/>
      </object_component>
      <object_component id="oc-22b">
         <name>.text:EPIAddressMapSet</name>
         <load_address>0x66f24</load_address>
         <run_address>0x66f24</run_address>
         <size>0x4</size>
         <input_file_ref idref="fl-db"/>
      </object_component>
      <object_component id="oc-21f">
         <name>.text:EPIModeSet</name>
         <load_address>0x66f28</load_address>
         <run_address>0x66f28</run_address>
         <size>0x4</size>
         <input_file_ref idref="fl-db"/>
      </object_component>
      <object_component id="oc-110">
         <name>.text:TimerIntClear</name>
         <load_address>0x66f2c</load_address>
         <run_address>0x66f2c</run_address>
         <size>0x4</size>
         <input_file_ref idref="fl-d4"/>
      </object_component>
      <object_component id="oc-176">
         <name>.text:_system_pre_init</name>
         <load_address>0x66f30</load_address>
         <run_address>0x66f30</run_address>
         <size>0x4</size>
         <input_file_ref idref="fl-d1"/>
      </object_component>
      <object_component id="oc-270">
         <name>.text:abort:abort</name>
         <load_address>0x66f34</load_address>
         <run_address>0x66f34</run_address>
         <size>0x4</size>
         <input_file_ref idref="fl-c9"/>
      </object_component>
      <object_component id="oc-2cb">
         <name>.text</name>
         <load_address>0x66f38</load_address>
         <run_address>0x66f38</run_address>
         <size>0x2</size>
         <input_file_ref idref="fl-cd"/>
      </object_component>
      <object_component id="oc-c2">
         <name>.const:.string:gameover</name>
         <load_address>0x208</load_address>
         <run_address>0x208</run_address>
         <size>0x2ee00</size>
         <input_file_ref idref="fl-3"/>
      </object_component>
      <object_component id="oc-bf">
         <name>.const:.string:menu</name>
         <load_address>0x2f008</load_address>
         <run_address>0x2f008</run_address>
         <size>0x2ee00</size>
         <input_file_ref idref="fl-3"/>
      </object_component>
      <object_component id="oc-c5">
         <name>.const:.string:boom</name>
         <load_address>0x5de08</load_address>
         <run_address>0x5de08</run_address>
         <size>0x1c20</size>
         <input_file_ref idref="fl-3"/>
      </object_component>
      <object_component id="oc-b9">
         <name>.const:.string:plane</name>
         <load_address>0x5fa28</load_address>
         <run_address>0x5fa28</run_address>
         <size>0x1c20</size>
         <input_file_ref idref="fl-3"/>
      </object_component>
      <object_component id="oc-10a">
         <name>.const:.string:stone</name>
         <load_address>0x61648</load_address>
         <run_address>0x61648</run_address>
         <size>0x1c20</size>
         <input_file_ref idref="fl-3"/>
      </object_component>
      <object_component id="oc-1de">
         <name>.const:asc2_1608</name>
         <load_address>0x63268</load_address>
         <run_address>0x63268</run_address>
         <size>0x600</size>
         <input_file_ref idref="fl-7"/>
      </object_component>
      <object_component id="oc-10d">
         <name>.const:.string:bullet</name>
         <load_address>0x63868</load_address>
         <run_address>0x63868</run_address>
         <size>0x320</size>
         <input_file_ref idref="fl-3"/>
      </object_component>
      <object_component id="oc-202">
         <name>.const:g_pppui32XTALtoVCO</name>
         <load_address>0x63b88</load_address>
         <run_address>0x63b88</run_address>
         <size>0x120</size>
         <input_file_ref idref="fl-d6"/>
      </object_component>
      <object_component id="oc-18f">
         <name>.const:g_pui32GPIOBaseAddrs</name>
         <load_address>0x63ca8</load_address>
         <run_address>0x63ca8</run_address>
         <size>0x90</size>
         <input_file_ref idref="fl-d9"/>
      </object_component>
      <object_component id="oc-1d0">
         <name>.const</name>
         <load_address>0x63d38</load_address>
         <run_address>0x63d38</run_address>
         <size>0x70</size>
         <input_file_ref idref="fl-d8"/>
      </object_component>
      <object_component id="oc-1ff">
         <name>.const:g_pui32Xtals</name>
         <load_address>0x63da8</load_address>
         <run_address>0x63da8</run_address>
         <size>0x6c</size>
         <input_file_ref idref="fl-d6"/>
      </object_component>
      <object_component id="oc-2ed">
         <name>.const:g_sXTALtoMEMTIM</name>
         <load_address>0x63e14</load_address>
         <run_address>0x63e14</run_address>
         <size>0x30</size>
         <input_file_ref idref="fl-d6"/>
      </object_component>
      <object_component id="oc-2d1">
         <name>.const:.string</name>
         <load_address>0x63e44</load_address>
         <run_address>0x63e44</run_address>
         <size>0x12</size>
         <input_file_ref idref="fl-5"/>
      </object_component>
      <object_component id="oc-1b8">
         <name>.const:g_ui32UARTBase</name>
         <load_address>0x63e58</load_address>
         <run_address>0x63e58</run_address>
         <size>0xc</size>
         <input_file_ref idref="fl-5"/>
      </object_component>
      <object_component id="oc-1b2">
         <name>.const:g_ui32UARTPeriph</name>
         <load_address>0x63e64</load_address>
         <run_address>0x63e64</run_address>
         <size>0xc</size>
         <input_file_ref idref="fl-5"/>
      </object_component>
      <object_component id="oc-205">
         <name>.const</name>
         <load_address>0x63e70</load_address>
         <run_address>0x63e70</run_address>
         <size>0x8</size>
         <input_file_ref idref="fl-d6"/>
      </object_component>
      <object_component id="oc-1c0">
         <name>.const</name>
         <load_address>0x63e78</load_address>
         <run_address>0x63e78</run_address>
         <size>0x4</size>
         <input_file_ref idref="fl-5"/>
      </object_component>
      <object_component id="oc-388">
         <name>.cinit..data.load</name>
         <load_address>0x66f40</load_address>
         <run_address>0x66f40</run_address>
         <size>0x27</size>
      </object_component>
      <object_component id="oc-386">
         <name>__TI_handler_table</name>
         <load_address>0x66f68</load_address>
         <run_address>0x66f68</run_address>
         <size>0xc</size>
      </object_component>
      <object_component id="oc-389">
         <name>.cinit..bss.load</name>
         <load_address>0x66f78</load_address>
         <run_address>0x66f78</run_address>
         <size>0x8</size>
      </object_component>
      <object_component id="oc-387">
         <name>__TI_cinit_table</name>
         <load_address>0x66f80</load_address>
         <run_address>0x66f80</run_address>
         <size>0x10</size>
      </object_component>
      <object_component id="oc-232">
         <name>.data</name>
         <load_address>0x20000229</load_address>
         <run_address>0x20000229</run_address>
         <size>0x2</size>
         <input_file_ref idref="fl-2"/>
      </object_component>
      <object_component id="oc-bc">
         <name>.data</name>
         <load_address>0x20000200</load_address>
         <run_address>0x20000200</run_address>
         <size>0x14</size>
         <input_file_ref idref="fl-3"/>
      </object_component>
      <object_component id="oc-1b5">
         <name>.data</name>
         <load_address>0x20000224</load_address>
         <run_address>0x20000224</run_address>
         <size>0x5</size>
         <input_file_ref idref="fl-5"/>
      </object_component>
      <object_component id="oc-1db">
         <name>.data</name>
         <load_address>0x2000021c</load_address>
         <run_address>0x2000021c</run_address>
         <size>0x8</size>
         <input_file_ref idref="fl-7"/>
      </object_component>
      <object_component id="oc-249">
         <name>.data:$O1$$</name>
         <load_address>0x20000214</load_address>
         <run_address>0x20000214</run_address>
         <size>0x8</size>
         <input_file_ref idref="fl-ca"/>
      </object_component>
      <object_component id="oc-24c">
         <name>.data</name>
         <load_address>0x2000022c</load_address>
         <run_address>0x2000022c</run_address>
         <size>0x4</size>
         <input_file_ref idref="fl-cc"/>
      </object_component>
      <object_component id="oc-b3">
         <name>.bss</name>
         <uninitialized>true</uninitialized>
         <run_address>0x20000230</run_address>
         <size>0x4</size>
         <input_file_ref idref="fl-3"/>
      </object_component>
      <object_component id="oc-116">
         <name>.common:key</name>
         <uninitialized>true</uninitialized>
         <run_address>0x20000238</run_address>
         <size>0x4</size>
      </object_component>
      <object_component id="oc-b6">
         <name>.common:g_ui32SysClock</name>
         <uninitialized>true</uninitialized>
         <run_address>0x20000234</run_address>
         <size>0x4</size>
      </object_component>
      <object_component id="oc-11f">
         <name>.common:x_stone</name>
         <uninitialized>true</uninitialized>
         <run_address>0x20000240</run_address>
         <size>0x4</size>
      </object_component>
      <object_component id="oc-11d">
         <name>.common:x_bullet</name>
         <uninitialized>true</uninitialized>
         <run_address>0x2000023c</run_address>
         <size>0x4</size>
      </object_component>
      <object_component id="oc-120">
         <name>.common:y_stone</name>
         <uninitialized>true</uninitialized>
         <run_address>0x20000248</run_address>
         <size>0x4</size>
      </object_component>
      <object_component id="oc-11e">
         <name>.common:y_bullet</name>
         <uninitialized>true</uninitialized>
         <run_address>0x20000244</run_address>
         <size>0x4</size>
      </object_component>
      <object_component id="oc-21">
         <name>.stack</name>
         <uninitialized>true</uninitialized>
         <run_address>0x20000000</run_address>
         <size>0x4</size>
         <input_file_ref idref="fl-c8"/>
      </object_component>
      <object_component id="oc-38a">
         <name>.stack</name>
         <uninitialized>true</uninitialized>
         <run_address>0x20000000</run_address>
         <size>0x0</size>
      </object_component>
      <object_component id="oc-25e">
         <name>.debug_info</name>
         <load_address>0x0</load_address>
         <run_address>0x0</run_address>
         <size>0x277</size>
         <input_file_ref idref="fl-2"/>
      </object_component>
      <object_component id="oc-233">
         <name>.debug_info</name>
         <load_address>0x277</load_address>
         <run_address>0x277</run_address>
         <size>0xe5</size>
         <input_file_ref idref="fl-2"/>
      </object_component>
      <object_component id="oc-fb">
         <name>.debug_info</name>
         <load_address>0x35c</load_address>
         <run_address>0x35c</run_address>
         <size>0x13b</size>
         <input_file_ref idref="fl-2"/>
      </object_component>
      <object_component id="oc-156">
         <name>.debug_info</name>
         <load_address>0x497</load_address>
         <run_address>0x497</run_address>
         <size>0x26b</size>
         <input_file_ref idref="fl-2"/>
      </object_component>
      <object_component id="oc-3f">
         <name>.debug_info</name>
         <load_address>0x702</load_address>
         <run_address>0x702</run_address>
         <size>0x84</size>
         <input_file_ref idref="fl-2"/>
      </object_component>
      <object_component id="oc-250">
         <name>.debug_info</name>
         <load_address>0x786</load_address>
         <run_address>0x786</run_address>
         <size>0x297</size>
         <input_file_ref idref="fl-2"/>
      </object_component>
      <object_component id="oc-127">
         <name>.debug_info</name>
         <load_address>0xa1d</load_address>
         <run_address>0xa1d</run_address>
         <size>0xbb</size>
         <input_file_ref idref="fl-2"/>
      </object_component>
      <object_component id="oc-b7">
         <name>.debug_info</name>
         <load_address>0xad8</load_address>
         <run_address>0xad8</run_address>
         <size>0x934</size>
         <input_file_ref idref="fl-3"/>
      </object_component>
      <object_component id="oc-c6">
         <name>.debug_info</name>
         <load_address>0x140c</load_address>
         <run_address>0x140c</run_address>
         <size>0xc4</size>
         <input_file_ref idref="fl-3"/>
      </object_component>
      <object_component id="oc-10e">
         <name>.debug_info</name>
         <load_address>0x14d0</load_address>
         <run_address>0x14d0</run_address>
         <size>0xc9</size>
         <input_file_ref idref="fl-3"/>
      </object_component>
      <object_component id="oc-ba">
         <name>.debug_info</name>
         <load_address>0x1599</load_address>
         <run_address>0x1599</run_address>
         <size>0xc7</size>
         <input_file_ref idref="fl-3"/>
      </object_component>
      <object_component id="oc-c0">
         <name>.debug_info</name>
         <load_address>0x1660</load_address>
         <run_address>0x1660</run_address>
         <size>0xc5</size>
         <input_file_ref idref="fl-3"/>
      </object_component>
      <object_component id="oc-10b">
         <name>.debug_info</name>
         <load_address>0x1725</load_address>
         <run_address>0x1725</run_address>
         <size>0xc7</size>
         <input_file_ref idref="fl-3"/>
      </object_component>
      <object_component id="oc-c3">
         <name>.debug_info</name>
         <load_address>0x17ec</load_address>
         <run_address>0x17ec</run_address>
         <size>0xcd</size>
         <input_file_ref idref="fl-3"/>
      </object_component>
      <object_component id="oc-bd">
         <name>.debug_info</name>
         <load_address>0x18b9</load_address>
         <run_address>0x18b9</run_address>
         <size>0x188</size>
         <input_file_ref idref="fl-3"/>
      </object_component>
      <object_component id="oc-b4">
         <name>.debug_info</name>
         <load_address>0x1a41</load_address>
         <run_address>0x1a41</run_address>
         <size>0xd5</size>
         <input_file_ref idref="fl-3"/>
      </object_component>
      <object_component id="oc-2b">
         <name>.debug_info</name>
         <load_address>0x1b16</load_address>
         <run_address>0x1b16</run_address>
         <size>0xf25</size>
         <input_file_ref idref="fl-3"/>
      </object_component>
      <object_component id="oc-122">
         <name>.debug_info</name>
         <load_address>0x2a3b</load_address>
         <run_address>0x2a3b</run_address>
         <size>0x8b</size>
         <input_file_ref idref="fl-3"/>
      </object_component>
      <object_component id="oc-267">
         <name>.debug_info</name>
         <load_address>0x2ac6</load_address>
         <run_address>0x2ac6</run_address>
         <size>0x2c</size>
         <input_file_ref idref="fl-3"/>
      </object_component>
      <object_component id="oc-1c5">
         <name>.debug_info</name>
         <load_address>0x2af2</load_address>
         <run_address>0x2af2</run_address>
         <size>0x2c</size>
         <input_file_ref idref="fl-3"/>
      </object_component>
      <object_component id="oc-38">
         <name>.debug_info</name>
         <load_address>0x2b1e</load_address>
         <run_address>0x2b1e</run_address>
         <size>0x33b</size>
         <input_file_ref idref="fl-4"/>
      </object_component>
      <object_component id="oc-10">
         <name>.debug_info</name>
         <load_address>0x2e59</load_address>
         <run_address>0x2e59</run_address>
         <size>0xe4</size>
         <input_file_ref idref="fl-4"/>
      </object_component>
      <object_component id="oc-28">
         <name>.debug_info</name>
         <load_address>0x2f3d</load_address>
         <run_address>0x2f3d</run_address>
         <size>0x263</size>
         <input_file_ref idref="fl-4"/>
      </object_component>
      <object_component id="oc-1c4">
         <name>.debug_info</name>
         <load_address>0x31a0</load_address>
         <run_address>0x31a0</run_address>
         <size>0x3d8</size>
         <input_file_ref idref="fl-5"/>
      </object_component>
      <object_component id="oc-1b6">
         <name>.debug_info</name>
         <load_address>0x3578</load_address>
         <run_address>0x3578</run_address>
         <size>0xcf</size>
         <input_file_ref idref="fl-5"/>
      </object_component>
      <object_component id="oc-1c1">
         <name>.debug_info</name>
         <load_address>0x3647</load_address>
         <run_address>0x3647</run_address>
         <size>0xc9</size>
         <input_file_ref idref="fl-5"/>
      </object_component>
      <object_component id="oc-1b9">
         <name>.debug_info</name>
         <load_address>0x3710</load_address>
         <run_address>0x3710</run_address>
         <size>0xd7</size>
         <input_file_ref idref="fl-5"/>
      </object_component>
      <object_component id="oc-1b3">
         <name>.debug_info</name>
         <load_address>0x37e7</load_address>
         <run_address>0x37e7</run_address>
         <size>0xdb</size>
         <input_file_ref idref="fl-5"/>
      </object_component>
      <object_component id="oc-84">
         <name>.debug_info</name>
         <load_address>0x38c2</load_address>
         <run_address>0x38c2</run_address>
         <size>0x778</size>
         <input_file_ref idref="fl-5"/>
      </object_component>
      <object_component id="oc-f3">
         <name>.debug_info</name>
         <load_address>0x403a</load_address>
         <run_address>0x403a</run_address>
         <size>0x286</size>
         <input_file_ref idref="fl-6"/>
      </object_component>
      <object_component id="oc-1e2">
         <name>.debug_info</name>
         <load_address>0x42c0</load_address>
         <run_address>0x42c0</run_address>
         <size>0x607</size>
         <input_file_ref idref="fl-7"/>
      </object_component>
      <object_component id="oc-1df">
         <name>.debug_info</name>
         <load_address>0x48c7</load_address>
         <run_address>0x48c7</run_address>
         <size>0xe7</size>
         <input_file_ref idref="fl-7"/>
      </object_component>
      <object_component id="oc-1dc">
         <name>.debug_info</name>
         <load_address>0x49ae</load_address>
         <run_address>0x49ae</run_address>
         <size>0x110</size>
         <input_file_ref idref="fl-7"/>
      </object_component>
      <object_component id="oc-b0">
         <name>.debug_info</name>
         <load_address>0x4abe</load_address>
         <run_address>0x4abe</run_address>
         <size>0x1de2</size>
         <input_file_ref idref="fl-7"/>
      </object_component>
      <object_component id="oc-2e8">
         <name>.debug_info</name>
         <load_address>0x68a0</load_address>
         <run_address>0x68a0</run_address>
         <size>0x6bd</size>
         <input_file_ref idref="fl-7"/>
      </object_component>
      <object_component id="oc-2df">
         <name>.debug_info</name>
         <load_address>0x6f5d</load_address>
         <run_address>0x6f5d</run_address>
         <size>0x39</size>
         <input_file_ref idref="fl-7"/>
      </object_component>
      <object_component id="oc-152">
         <name>.debug_info</name>
         <load_address>0x6f96</load_address>
         <run_address>0x6f96</run_address>
         <size>0x4dc</size>
         <input_file_ref idref="fl-8"/>
      </object_component>
      <object_component id="oc-32">
         <name>.debug_info</name>
         <load_address>0x7472</load_address>
         <run_address>0x7472</run_address>
         <size>0xafe</size>
         <input_file_ref idref="fl-8"/>
      </object_component>
      <object_component id="oc-1bc">
         <name>.debug_info</name>
         <load_address>0x7f70</load_address>
         <run_address>0x7f70</run_address>
         <size>0x13a</size>
         <input_file_ref idref="fl-c4"/>
      </object_component>
      <object_component id="oc-16f">
         <name>.debug_info</name>
         <load_address>0x80aa</load_address>
         <run_address>0x80aa</run_address>
         <size>0x313</size>
         <input_file_ref idref="fl-c5"/>
      </object_component>
      <object_component id="oc-51">
         <name>.debug_info</name>
         <load_address>0x83bd</load_address>
         <run_address>0x83bd</run_address>
         <size>0x1b4</size>
         <input_file_ref idref="fl-c5"/>
      </object_component>
      <object_component id="oc-16a">
         <name>.debug_info</name>
         <load_address>0x8571</load_address>
         <run_address>0x8571</run_address>
         <size>0x46</size>
         <input_file_ref idref="fl-c5"/>
      </object_component>
      <object_component id="oc-4f">
         <name>.debug_info</name>
         <load_address>0x85b7</load_address>
         <run_address>0x85b7</run_address>
         <size>0x29d</size>
         <input_file_ref idref="fl-c6"/>
      </object_component>
      <object_component id="oc-1c">
         <name>.debug_info</name>
         <load_address>0x8854</load_address>
         <run_address>0x8854</run_address>
         <size>0x1df</size>
         <input_file_ref idref="fl-c6"/>
      </object_component>
      <object_component id="oc-4a">
         <name>.debug_info</name>
         <load_address>0x8a33</load_address>
         <run_address>0x8a33</run_address>
         <size>0x46</size>
         <input_file_ref idref="fl-c6"/>
      </object_component>
      <object_component id="oc-162">
         <name>.debug_info</name>
         <load_address>0x8a79</load_address>
         <run_address>0x8a79</run_address>
         <size>0x2c</size>
         <input_file_ref idref="fl-c6"/>
      </object_component>
      <object_component id="oc-160">
         <name>.debug_info</name>
         <load_address>0x8aa5</load_address>
         <run_address>0x8aa5</run_address>
         <size>0x293</size>
         <input_file_ref idref="fl-c7"/>
      </object_component>
      <object_component id="oc-16">
         <name>.debug_info</name>
         <load_address>0x8d38</load_address>
         <run_address>0x8d38</run_address>
         <size>0x245</size>
         <input_file_ref idref="fl-c7"/>
      </object_component>
      <object_component id="oc-3a">
         <name>.debug_info</name>
         <load_address>0x8f7d</load_address>
         <run_address>0x8f7d</run_address>
         <size>0x60</size>
         <input_file_ref idref="fl-c7"/>
      </object_component>
      <object_component id="oc-260">
         <name>.debug_info</name>
         <load_address>0x8fdd</load_address>
         <run_address>0x8fdd</run_address>
         <size>0x46</size>
         <input_file_ref idref="fl-c7"/>
      </object_component>
      <object_component id="oc-15b">
         <name>.debug_info</name>
         <load_address>0x9023</load_address>
         <run_address>0x9023</run_address>
         <size>0x39</size>
         <input_file_ref idref="fl-c7"/>
      </object_component>
      <object_component id="oc-22">
         <name>.debug_info</name>
         <load_address>0x905c</load_address>
         <run_address>0x905c</run_address>
         <size>0x100</size>
         <input_file_ref idref="fl-c8"/>
      </object_component>
      <object_component id="oc-66">
         <name>.debug_info</name>
         <load_address>0x915c</load_address>
         <run_address>0x915c</run_address>
         <size>0x1a4</size>
         <input_file_ref idref="fl-c8"/>
      </object_component>
      <object_component id="oc-272">
         <name>.debug_info</name>
         <load_address>0x9300</load_address>
         <run_address>0x9300</run_address>
         <size>0x117</size>
         <input_file_ref idref="fl-c9"/>
      </object_component>
      <object_component id="oc-30c">
         <name>.debug_info</name>
         <load_address>0x9417</load_address>
         <run_address>0x9417</run_address>
         <size>0x2be</size>
         <input_file_ref idref="fl-ca"/>
      </object_component>
      <object_component id="oc-24a">
         <name>.debug_info</name>
         <load_address>0x96d5</load_address>
         <run_address>0x96d5</run_address>
         <size>0x113</size>
         <input_file_ref idref="fl-ca"/>
      </object_component>
      <object_component id="oc-307">
         <name>.debug_info</name>
         <load_address>0x97e8</load_address>
         <run_address>0x97e8</run_address>
         <size>0x123</size>
         <input_file_ref idref="fl-ca"/>
      </object_component>
      <object_component id="oc-24d">
         <name>.debug_info</name>
         <load_address>0x990b</load_address>
         <run_address>0x990b</run_address>
         <size>0xf0</size>
         <input_file_ref idref="fl-cc"/>
      </object_component>
      <object_component id="oc-11b">
         <name>.debug_info</name>
         <load_address>0x99fb</load_address>
         <run_address>0x99fb</run_address>
         <size>0x132</size>
         <input_file_ref idref="fl-cc"/>
      </object_component>
      <object_component id="oc-2cd">
         <name>.debug_info</name>
         <load_address>0x9b2d</load_address>
         <run_address>0x9b2d</run_address>
         <size>0x10d</size>
         <input_file_ref idref="fl-cd"/>
      </object_component>
      <object_component id="oc-46">
         <name>.debug_info</name>
         <load_address>0x9c3a</load_address>
         <run_address>0x9c3a</run_address>
         <size>0x111</size>
         <input_file_ref idref="fl-ce"/>
      </object_component>
      <object_component id="oc-31c">
         <name>.debug_info</name>
         <load_address>0x9d4b</load_address>
         <run_address>0x9d4b</run_address>
         <size>0x547</size>
         <input_file_ref idref="fl-d0"/>
      </object_component>
      <object_component id="oc-27d">
         <name>.debug_info</name>
         <load_address>0xa292</load_address>
         <run_address>0xa292</run_address>
         <size>0x19b</size>
         <input_file_ref idref="fl-d0"/>
      </object_component>
      <object_component id="oc-342">
         <name>.debug_info</name>
         <load_address>0xa42d</load_address>
         <run_address>0xa42d</run_address>
         <size>0x39</size>
         <input_file_ref idref="fl-d0"/>
      </object_component>
      <object_component id="oc-353">
         <name>.debug_info</name>
         <load_address>0xa466</load_address>
         <run_address>0xa466</run_address>
         <size>0x39</size>
         <input_file_ref idref="fl-d0"/>
      </object_component>
      <object_component id="oc-347">
         <name>.debug_info</name>
         <load_address>0xa49f</load_address>
         <run_address>0xa49f</run_address>
         <size>0x39</size>
         <input_file_ref idref="fl-d0"/>
      </object_component>
      <object_component id="oc-34c">
         <name>.debug_info</name>
         <load_address>0xa4d8</load_address>
         <run_address>0xa4d8</run_address>
         <size>0xcd</size>
         <input_file_ref idref="fl-d0"/>
      </object_component>
      <object_component id="oc-177">
         <name>.debug_info</name>
         <load_address>0xa5a5</load_address>
         <run_address>0xa5a5</run_address>
         <size>0x148</size>
         <input_file_ref idref="fl-d1"/>
      </object_component>
      <object_component id="oc-2c1">
         <name>.debug_info</name>
         <load_address>0xa6ed</load_address>
         <run_address>0xa6ed</run_address>
         <size>0x1ce</size>
         <input_file_ref idref="fl-d3"/>
      </object_component>
      <object_component id="oc-1a1">
         <name>.debug_info</name>
         <load_address>0xa8bb</load_address>
         <run_address>0xa8bb</run_address>
         <size>0x1ab</size>
         <input_file_ref idref="fl-d3"/>
      </object_component>
      <object_component id="oc-2bb">
         <name>.debug_info</name>
         <load_address>0xaa66</load_address>
         <run_address>0xaa66</run_address>
         <size>0x233</size>
         <input_file_ref idref="fl-d3"/>
      </object_component>
      <object_component id="oc-19b">
         <name>.debug_info</name>
         <load_address>0xac99</load_address>
         <run_address>0xac99</run_address>
         <size>0x28a</size>
         <input_file_ref idref="fl-d3"/>
      </object_component>
      <object_component id="oc-1a7">
         <name>.debug_info</name>
         <load_address>0xaf23</load_address>
         <run_address>0xaf23</run_address>
         <size>0x25d</size>
         <input_file_ref idref="fl-d3"/>
      </object_component>
      <object_component id="oc-1ad">
         <name>.debug_info</name>
         <load_address>0xb180</load_address>
         <run_address>0xb180</run_address>
         <size>0x237</size>
         <input_file_ref idref="fl-d3"/>
      </object_component>
      <object_component id="oc-209">
         <name>.debug_info</name>
         <load_address>0xb3b7</load_address>
         <run_address>0xb3b7</run_address>
         <size>0x90</size>
         <input_file_ref idref="fl-d3"/>
      </object_component>
      <object_component id="oc-189">
         <name>.debug_info</name>
         <load_address>0xb447</load_address>
         <run_address>0xb447</run_address>
         <size>0x18b</size>
         <input_file_ref idref="fl-d3"/>
      </object_component>
      <object_component id="oc-1cb">
         <name>.debug_info</name>
         <load_address>0xb5d2</load_address>
         <run_address>0xb5d2</run_address>
         <size>0x1cf</size>
         <input_file_ref idref="fl-d4"/>
      </object_component>
      <object_component id="oc-97">
         <name>.debug_info</name>
         <load_address>0xb7a1</load_address>
         <run_address>0xb7a1</run_address>
         <size>0x21e</size>
         <input_file_ref idref="fl-d4"/>
      </object_component>
      <object_component id="oc-9d">
         <name>.debug_info</name>
         <load_address>0xb9bf</load_address>
         <run_address>0xb9bf</run_address>
         <size>0x1f8</size>
         <input_file_ref idref="fl-d4"/>
      </object_component>
      <object_component id="oc-112">
         <name>.debug_info</name>
         <load_address>0xbbb7</load_address>
         <run_address>0xbbb7</run_address>
         <size>0x1f6</size>
         <input_file_ref idref="fl-d4"/>
      </object_component>
      <object_component id="oc-a3">
         <name>.debug_info</name>
         <load_address>0xbdad</load_address>
         <run_address>0xbdad</run_address>
         <size>0x1e3</size>
         <input_file_ref idref="fl-d4"/>
      </object_component>
      <object_component id="oc-91">
         <name>.debug_info</name>
         <load_address>0xbf90</load_address>
         <run_address>0xbf90</run_address>
         <size>0x1f0</size>
         <input_file_ref idref="fl-d4"/>
      </object_component>
      <object_component id="oc-8b">
         <name>.debug_info</name>
         <load_address>0xc180</load_address>
         <run_address>0xc180</run_address>
         <size>0x1fa</size>
         <input_file_ref idref="fl-d4"/>
      </object_component>
      <object_component id="oc-20f">
         <name>.debug_info</name>
         <load_address>0xc37a</load_address>
         <run_address>0xc37a</run_address>
         <size>0x144</size>
         <input_file_ref idref="fl-d5"/>
      </object_component>
      <object_component id="oc-dc">
         <name>.debug_info</name>
         <load_address>0xc4be</load_address>
         <run_address>0xc4be</run_address>
         <size>0x1c5</size>
         <input_file_ref idref="fl-d5"/>
      </object_component>
      <object_component id="oc-e8">
         <name>.debug_info</name>
         <load_address>0xc683</load_address>
         <run_address>0xc683</run_address>
         <size>0x18b</size>
         <input_file_ref idref="fl-d5"/>
      </object_component>
      <object_component id="oc-ed">
         <name>.debug_info</name>
         <load_address>0xc80e</load_address>
         <run_address>0xc80e</run_address>
         <size>0x185</size>
         <input_file_ref idref="fl-d5"/>
      </object_component>
      <object_component id="oc-18e">
         <name>.debug_info</name>
         <load_address>0xc993</load_address>
         <run_address>0xc993</run_address>
         <size>0x226</size>
         <input_file_ref idref="fl-d6"/>
      </object_component>
      <object_component id="oc-200">
         <name>.debug_info</name>
         <load_address>0xcbb9</load_address>
         <run_address>0xcbb9</run_address>
         <size>0xff</size>
         <input_file_ref idref="fl-d6"/>
      </object_component>
      <object_component id="oc-203">
         <name>.debug_info</name>
         <load_address>0xccb8</load_address>
         <run_address>0xccb8</run_address>
         <size>0x10b</size>
         <input_file_ref idref="fl-d6"/>
      </object_component>
      <object_component id="oc-2ee">
         <name>.debug_info</name>
         <load_address>0xcdc3</load_address>
         <run_address>0xcdc3</run_address>
         <size>0x105</size>
         <input_file_ref idref="fl-d6"/>
      </object_component>
      <object_component id="oc-206">
         <name>.debug_info</name>
         <load_address>0xcec8</load_address>
         <run_address>0xcec8</run_address>
         <size>0x112</size>
         <input_file_ref idref="fl-d6"/>
      </object_component>
      <object_component id="oc-195">
         <name>.debug_info</name>
         <load_address>0xcfda</load_address>
         <run_address>0xcfda</run_address>
         <size>0x1e7</size>
         <input_file_ref idref="fl-d6"/>
      </object_component>
      <object_component id="oc-78">
         <name>.debug_info</name>
         <load_address>0xd1c1</load_address>
         <run_address>0xd1c1</run_address>
         <size>0x1e1</size>
         <input_file_ref idref="fl-d6"/>
      </object_component>
      <object_component id="oc-1d6">
         <name>.debug_info</name>
         <load_address>0xd3a2</load_address>
         <run_address>0xd3a2</run_address>
         <size>0x1eb</size>
         <input_file_ref idref="fl-d6"/>
      </object_component>
      <object_component id="oc-1f5">
         <name>.debug_info</name>
         <load_address>0xd58d</load_address>
         <run_address>0xd58d</run_address>
         <size>0x264</size>
         <input_file_ref idref="fl-d6"/>
      </object_component>
      <object_component id="oc-1fb">
         <name>.debug_info</name>
         <load_address>0xd7f1</load_address>
         <run_address>0xd7f1</run_address>
         <size>0x21e</size>
         <input_file_ref idref="fl-d6"/>
      </object_component>
      <object_component id="oc-d6">
         <name>.debug_info</name>
         <load_address>0xda0f</load_address>
         <run_address>0xda0f</run_address>
         <size>0x4c5</size>
         <input_file_ref idref="fl-d6"/>
      </object_component>
      <object_component id="oc-2b0">
         <name>.debug_info</name>
         <load_address>0xded4</load_address>
         <run_address>0xded4</run_address>
         <size>0x5f</size>
         <input_file_ref idref="fl-d6"/>
      </object_component>
      <object_component id="oc-257">
         <name>.debug_info</name>
         <load_address>0xdf33</load_address>
         <run_address>0xdf33</run_address>
         <size>0x1c3</size>
         <input_file_ref idref="fl-d7"/>
      </object_component>
      <object_component id="oc-139">
         <name>.debug_info</name>
         <load_address>0xe0f6</load_address>
         <run_address>0xe0f6</run_address>
         <size>0x1a6</size>
         <input_file_ref idref="fl-d7"/>
      </object_component>
      <object_component id="oc-13f">
         <name>.debug_info</name>
         <load_address>0xe29c</load_address>
         <run_address>0xe29c</run_address>
         <size>0x1fe</size>
         <input_file_ref idref="fl-d7"/>
      </object_component>
      <object_component id="oc-133">
         <name>.debug_info</name>
         <load_address>0xe49a</load_address>
         <run_address>0xe49a</run_address>
         <size>0x3c2</size>
         <input_file_ref idref="fl-d7"/>
      </object_component>
      <object_component id="oc-1d4">
         <name>.debug_info</name>
         <load_address>0xe85c</load_address>
         <run_address>0xe85c</run_address>
         <size>0x1ba</size>
         <input_file_ref idref="fl-d8"/>
      </object_component>
      <object_component id="oc-1d1">
         <name>.debug_info</name>
         <load_address>0xea16</load_address>
         <run_address>0xea16</run_address>
         <size>0x1c2</size>
         <input_file_ref idref="fl-d8"/>
      </object_component>
      <object_component id="oc-e1">
         <name>.debug_info</name>
         <load_address>0xebd8</load_address>
         <run_address>0xebd8</run_address>
         <size>0x1a2</size>
         <input_file_ref idref="fl-d8"/>
      </object_component>
      <object_component id="oc-a8">
         <name>.debug_info</name>
         <load_address>0xed7a</load_address>
         <run_address>0xed7a</run_address>
         <size>0x1cc</size>
         <input_file_ref idref="fl-d8"/>
      </object_component>
      <object_component id="oc-193">
         <name>.debug_info</name>
         <load_address>0xef46</load_address>
         <run_address>0xef46</run_address>
         <size>0x1d7</size>
         <input_file_ref idref="fl-d9"/>
      </object_component>
      <object_component id="oc-190">
         <name>.debug_info</name>
         <load_address>0xf11d</load_address>
         <run_address>0xf11d</run_address>
         <size>0x10d</size>
         <input_file_ref idref="fl-d9"/>
      </object_component>
      <object_component id="oc-105">
         <name>.debug_info</name>
         <load_address>0xf22a</load_address>
         <run_address>0xf22a</run_address>
         <size>0x207</size>
         <input_file_ref idref="fl-d9"/>
      </object_component>
      <object_component id="oc-23d">
         <name>.debug_info</name>
         <load_address>0xf431</load_address>
         <run_address>0xf431</run_address>
         <size>0x217</size>
         <input_file_ref idref="fl-d9"/>
      </object_component>
      <object_component id="oc-237">
         <name>.debug_info</name>
         <load_address>0xf648</load_address>
         <run_address>0xf648</run_address>
         <size>0x312</size>
         <input_file_ref idref="fl-d9"/>
      </object_component>
      <object_component id="oc-12d">
         <name>.debug_info</name>
         <load_address>0xf95a</load_address>
         <run_address>0xf95a</run_address>
         <size>0x1dd</size>
         <input_file_ref idref="fl-d9"/>
      </object_component>
      <object_component id="oc-ff">
         <name>.debug_info</name>
         <load_address>0xfb37</load_address>
         <run_address>0xfb37</run_address>
         <size>0x1eb</size>
         <input_file_ref idref="fl-d9"/>
      </object_component>
      <object_component id="oc-145">
         <name>.debug_info</name>
         <load_address>0xfd22</load_address>
         <run_address>0xfd22</run_address>
         <size>0x1e9</size>
         <input_file_ref idref="fl-d9"/>
      </object_component>
      <object_component id="oc-21a">
         <name>.debug_info</name>
         <load_address>0xff0b</load_address>
         <run_address>0xff0b</run_address>
         <size>0x1dd</size>
         <input_file_ref idref="fl-d9"/>
      </object_component>
      <object_component id="oc-14c">
         <name>.debug_info</name>
         <load_address>0x100e8</load_address>
         <run_address>0x100e8</run_address>
         <size>0x1df</size>
         <input_file_ref idref="fl-d9"/>
      </object_component>
      <object_component id="oc-7e">
         <name>.debug_info</name>
         <load_address>0x102c7</load_address>
         <run_address>0x102c7</run_address>
         <size>0x1e4</size>
         <input_file_ref idref="fl-d9"/>
      </object_component>
      <object_component id="oc-d0">
         <name>.debug_info</name>
         <load_address>0x104ab</load_address>
         <run_address>0x104ab</run_address>
         <size>0x189</size>
         <input_file_ref idref="fl-da"/>
      </object_component>
      <object_component id="oc-ca">
         <name>.debug_info</name>
         <load_address>0x10634</load_address>
         <run_address>0x10634</run_address>
         <size>0x171</size>
         <input_file_ref idref="fl-da"/>
      </object_component>
      <object_component id="oc-2fd">
         <name>.debug_info</name>
         <load_address>0x107a5</load_address>
         <run_address>0x107a5</run_address>
         <size>0x1a6</size>
         <input_file_ref idref="fl-db"/>
      </object_component>
      <object_component id="oc-220">
         <name>.debug_info</name>
         <load_address>0x1094b</load_address>
         <run_address>0x1094b</run_address>
         <size>0x1d8</size>
         <input_file_ref idref="fl-db"/>
      </object_component>
      <object_component id="oc-226">
         <name>.debug_info</name>
         <load_address>0x10b23</load_address>
         <run_address>0x10b23</run_address>
         <size>0x22c</size>
         <input_file_ref idref="fl-db"/>
      </object_component>
      <object_component id="oc-22c">
         <name>.debug_info</name>
         <load_address>0x10d4f</load_address>
         <run_address>0x10d4f</run_address>
         <size>0x1e2</size>
         <input_file_ref idref="fl-db"/>
      </object_component>
      <object_component id="oc-211">
         <name>.debug_info</name>
         <load_address>0x10f31</load_address>
         <run_address>0x10f31</run_address>
         <size>0x176</size>
         <input_file_ref idref="fl-dc"/>
      </object_component>
      <object_component id="oc-38b">
         <name>.debug_info</name>
         <load_address>0x110a7</load_address>
         <run_address>0x110a7</run_address>
         <size>0x99</size>
      </object_component>
      <object_component id="oc-313">
         <name>.debug_line</name>
         <load_address>0x0</load_address>
         <run_address>0x0</run_address>
         <size>0x2c</size>
         <input_file_ref idref="fl-2"/>
      </object_component>
      <object_component id="oc-301">
         <name>.debug_line</name>
         <load_address>0x2c</load_address>
         <run_address>0x2c</run_address>
         <size>0x2c</size>
         <input_file_ref idref="fl-2"/>
      </object_component>
      <object_component id="oc-f9">
         <name>.debug_line</name>
         <load_address>0x58</load_address>
         <run_address>0x58</run_address>
         <size>0x143</size>
         <input_file_ref idref="fl-2"/>
      </object_component>
      <object_component id="oc-159">
         <name>.debug_line</name>
         <load_address>0x19b</load_address>
         <run_address>0x19b</run_address>
         <size>0x6a</size>
         <input_file_ref idref="fl-2"/>
      </object_component>
      <object_component id="oc-42">
         <name>.debug_line</name>
         <load_address>0x205</load_address>
         <run_address>0x205</run_address>
         <size>0x20</size>
         <input_file_ref idref="fl-2"/>
      </object_component>
      <object_component id="oc-253">
         <name>.debug_line</name>
         <load_address>0x225</load_address>
         <run_address>0x225</run_address>
         <size>0x6e</size>
         <input_file_ref idref="fl-2"/>
      </object_component>
      <object_component id="oc-12a">
         <name>.debug_line</name>
         <load_address>0x293</load_address>
         <run_address>0x293</run_address>
         <size>0x6b</size>
         <input_file_ref idref="fl-2"/>
      </object_component>
      <object_component id="oc-1e6">
         <name>.debug_line</name>
         <load_address>0x2fe</load_address>
         <run_address>0x2fe</run_address>
         <size>0x261</size>
         <input_file_ref idref="fl-3"/>
      </object_component>
      <object_component id="oc-1f0">
         <name>.debug_line</name>
         <load_address>0x55f</load_address>
         <run_address>0x55f</run_address>
         <size>0x30</size>
         <input_file_ref idref="fl-3"/>
      </object_component>
      <object_component id="oc-247">
         <name>.debug_line</name>
         <load_address>0x58f</load_address>
         <run_address>0x58f</run_address>
         <size>0x30</size>
         <input_file_ref idref="fl-3"/>
      </object_component>
      <object_component id="oc-1e8">
         <name>.debug_line</name>
         <load_address>0x5bf</load_address>
         <run_address>0x5bf</run_address>
         <size>0x30</size>
         <input_file_ref idref="fl-3"/>
      </object_component>
      <object_component id="oc-1ec">
         <name>.debug_line</name>
         <load_address>0x5ef</load_address>
         <run_address>0x5ef</run_address>
         <size>0x30</size>
         <input_file_ref idref="fl-3"/>
      </object_component>
      <object_component id="oc-245">
         <name>.debug_line</name>
         <load_address>0x61f</load_address>
         <run_address>0x61f</run_address>
         <size>0x30</size>
         <input_file_ref idref="fl-3"/>
      </object_component>
      <object_component id="oc-1ee">
         <name>.debug_line</name>
         <load_address>0x64f</load_address>
         <run_address>0x64f</run_address>
         <size>0x30</size>
         <input_file_ref idref="fl-3"/>
      </object_component>
      <object_component id="oc-1ea">
         <name>.debug_line</name>
         <load_address>0x67f</load_address>
         <run_address>0x67f</run_address>
         <size>0x32</size>
         <input_file_ref idref="fl-3"/>
      </object_component>
      <object_component id="oc-1e4">
         <name>.debug_line</name>
         <load_address>0x6b1</load_address>
         <run_address>0x6b1</run_address>
         <size>0x32</size>
         <input_file_ref idref="fl-3"/>
      </object_component>
      <object_component id="oc-2e">
         <name>.debug_line</name>
         <load_address>0x6e3</load_address>
         <run_address>0x6e3</run_address>
         <size>0x4c8</size>
         <input_file_ref idref="fl-3"/>
      </object_component>
      <object_component id="oc-125">
         <name>.debug_line</name>
         <load_address>0xbab</load_address>
         <run_address>0xbab</run_address>
         <size>0x20</size>
         <input_file_ref idref="fl-3"/>
      </object_component>
      <object_component id="oc-26a">
         <name>.debug_line</name>
         <load_address>0xbcb</load_address>
         <run_address>0xbcb</run_address>
         <size>0x66</size>
         <input_file_ref idref="fl-3"/>
      </object_component>
      <object_component id="oc-1c8">
         <name>.debug_line</name>
         <load_address>0xc31</load_address>
         <run_address>0xc31</run_address>
         <size>0x66</size>
         <input_file_ref idref="fl-3"/>
      </object_component>
      <object_component id="oc-155">
         <name>.debug_line</name>
         <load_address>0xc97</load_address>
         <run_address>0xc97</run_address>
         <size>0x42</size>
         <input_file_ref idref="fl-4"/>
      </object_component>
      <object_component id="oc-37">
         <name>.debug_line</name>
         <load_address>0xcd9</load_address>
         <run_address>0xcd9</run_address>
         <size>0x42</size>
         <input_file_ref idref="fl-4"/>
      </object_component>
      <object_component id="oc-26">
         <name>.debug_line</name>
         <load_address>0xd1b</load_address>
         <run_address>0xd1b</run_address>
         <size>0xa2</size>
         <input_file_ref idref="fl-4"/>
      </object_component>
      <object_component id="oc-2d5">
         <name>.debug_line</name>
         <load_address>0xdbd</load_address>
         <run_address>0xdbd</run_address>
         <size>0x94</size>
         <input_file_ref idref="fl-5"/>
      </object_component>
      <object_component id="oc-2c8">
         <name>.debug_line</name>
         <load_address>0xe51</load_address>
         <run_address>0xe51</run_address>
         <size>0x32</size>
         <input_file_ref idref="fl-5"/>
      </object_component>
      <object_component id="oc-2d3">
         <name>.debug_line</name>
         <load_address>0xe83</load_address>
         <run_address>0xe83</run_address>
         <size>0x32</size>
         <input_file_ref idref="fl-5"/>
      </object_component>
      <object_component id="oc-2ca">
         <name>.debug_line</name>
         <load_address>0xeb5</load_address>
         <run_address>0xeb5</run_address>
         <size>0x32</size>
         <input_file_ref idref="fl-5"/>
      </object_component>
      <object_component id="oc-2c6">
         <name>.debug_line</name>
         <load_address>0xee7</load_address>
         <run_address>0xee7</run_address>
         <size>0x32</size>
         <input_file_ref idref="fl-5"/>
      </object_component>
      <object_component id="oc-87">
         <name>.debug_line</name>
         <load_address>0xf19</load_address>
         <run_address>0xf19</run_address>
         <size>0x283</size>
         <input_file_ref idref="fl-5"/>
      </object_component>
      <object_component id="oc-f7">
         <name>.debug_line</name>
         <load_address>0x119c</load_address>
         <run_address>0x119c</run_address>
         <size>0x71</size>
         <input_file_ref idref="fl-6"/>
      </object_component>
      <object_component id="oc-2e7">
         <name>.debug_line</name>
         <load_address>0x120d</load_address>
         <run_address>0x120d</run_address>
         <size>0x94</size>
         <input_file_ref idref="fl-7"/>
      </object_component>
      <object_component id="oc-2e5">
         <name>.debug_line</name>
         <load_address>0x12a1</load_address>
         <run_address>0x12a1</run_address>
         <size>0x35</size>
         <input_file_ref idref="fl-7"/>
      </object_component>
      <object_component id="oc-2de">
         <name>.debug_line</name>
         <load_address>0x12d6</load_address>
         <run_address>0x12d6</run_address>
         <size>0x4b</size>
         <input_file_ref idref="fl-7"/>
      </object_component>
      <object_component id="oc-b2">
         <name>.debug_line</name>
         <load_address>0x1321</load_address>
         <run_address>0x1321</run_address>
         <size>0x638</size>
         <input_file_ref idref="fl-7"/>
      </object_component>
      <object_component id="oc-2eb">
         <name>.debug_line</name>
         <load_address>0x1959</load_address>
         <run_address>0x1959</run_address>
         <size>0x56</size>
         <input_file_ref idref="fl-7"/>
      </object_component>
      <object_component id="oc-2e2">
         <name>.debug_line</name>
         <load_address>0x19af</load_address>
         <run_address>0x19af</run_address>
         <size>0x4b</size>
         <input_file_ref idref="fl-7"/>
      </object_component>
      <object_component id="oc-25d">
         <name>.debug_line</name>
         <load_address>0x19fa</load_address>
         <run_address>0x19fa</run_address>
         <size>0x10e</size>
         <input_file_ref idref="fl-8"/>
      </object_component>
      <object_component id="oc-35">
         <name>.debug_line</name>
         <load_address>0x1b08</load_address>
         <run_address>0x1b08</run_address>
         <size>0x21e</size>
         <input_file_ref idref="fl-8"/>
      </object_component>
      <object_component id="oc-1bf">
         <name>.debug_line</name>
         <load_address>0x1d26</load_address>
         <run_address>0x1d26</run_address>
         <size>0x5b</size>
         <input_file_ref idref="fl-c4"/>
      </object_component>
      <object_component id="oc-26d">
         <name>.debug_line</name>
         <load_address>0x1d81</load_address>
         <run_address>0x1d81</run_address>
         <size>0x9e</size>
         <input_file_ref idref="fl-c5"/>
      </object_component>
      <object_component id="oc-54">
         <name>.debug_line</name>
         <load_address>0x1e1f</load_address>
         <run_address>0x1e1f</run_address>
         <size>0x4f</size>
         <input_file_ref idref="fl-c5"/>
      </object_component>
      <object_component id="oc-16d">
         <name>.debug_line</name>
         <load_address>0x1e6e</load_address>
         <run_address>0x1e6e</run_address>
         <size>0x34</size>
         <input_file_ref idref="fl-c5"/>
      </object_component>
      <object_component id="oc-168">
         <name>.debug_line</name>
         <load_address>0x1ea2</load_address>
         <run_address>0x1ea2</run_address>
         <size>0x20</size>
         <input_file_ref idref="fl-c6"/>
      </object_component>
      <object_component id="oc-1a">
         <name>.debug_line</name>
         <load_address>0x1ec2</load_address>
         <run_address>0x1ec2</run_address>
         <size>0x55</size>
         <input_file_ref idref="fl-c6"/>
      </object_component>
      <object_component id="oc-4d">
         <name>.debug_line</name>
         <load_address>0x1f17</load_address>
         <run_address>0x1f17</run_address>
         <size>0x3a</size>
         <input_file_ref idref="fl-c6"/>
      </object_component>
      <object_component id="oc-165">
         <name>.debug_line</name>
         <load_address>0x1f51</load_address>
         <run_address>0x1f51</run_address>
         <size>0x8a</size>
         <input_file_ref idref="fl-c6"/>
      </object_component>
      <object_component id="oc-266">
         <name>.debug_line</name>
         <load_address>0x1fdb</load_address>
         <run_address>0x1fdb</run_address>
         <size>0x20</size>
         <input_file_ref idref="fl-c7"/>
      </object_component>
      <object_component id="oc-15">
         <name>.debug_line</name>
         <load_address>0x1ffb</load_address>
         <run_address>0x1ffb</run_address>
         <size>0xa9</size>
         <input_file_ref idref="fl-c7"/>
      </object_component>
      <object_component id="oc-3d">
         <name>.debug_line</name>
         <load_address>0x20a4</load_address>
         <run_address>0x20a4</run_address>
         <size>0x3a</size>
         <input_file_ref idref="fl-c7"/>
      </object_component>
      <object_component id="oc-263">
         <name>.debug_line</name>
         <load_address>0x20de</load_address>
         <run_address>0x20de</run_address>
         <size>0x92</size>
         <input_file_ref idref="fl-c7"/>
      </object_component>
      <object_component id="oc-15e">
         <name>.debug_line</name>
         <load_address>0x2170</load_address>
         <run_address>0x2170</run_address>
         <size>0x8e</size>
         <input_file_ref idref="fl-c7"/>
      </object_component>
      <object_component id="oc-75">
         <name>.debug_line</name>
         <load_address>0x21fe</load_address>
         <run_address>0x21fe</run_address>
         <size>0x33</size>
         <input_file_ref idref="fl-c8"/>
      </object_component>
      <object_component id="oc-64">
         <name>.debug_line</name>
         <load_address>0x2231</load_address>
         <run_address>0x2231</run_address>
         <size>0x56</size>
         <input_file_ref idref="fl-c8"/>
      </object_component>
      <object_component id="oc-274">
         <name>.debug_line</name>
         <load_address>0x2287</load_address>
         <run_address>0x2287</run_address>
         <size>0x3c</size>
         <input_file_ref idref="fl-c9"/>
      </object_component>
      <object_component id="oc-33b">
         <name>.debug_line</name>
         <load_address>0x22c3</load_address>
         <run_address>0x22c3</run_address>
         <size>0x20</size>
         <input_file_ref idref="fl-ca"/>
      </object_component>
      <object_component id="oc-30b">
         <name>.debug_line</name>
         <load_address>0x22e3</load_address>
         <run_address>0x22e3</run_address>
         <size>0x2b</size>
         <input_file_ref idref="fl-ca"/>
      </object_component>
      <object_component id="oc-305">
         <name>.debug_line</name>
         <load_address>0x230e</load_address>
         <run_address>0x230e</run_address>
         <size>0x3a</size>
         <input_file_ref idref="fl-ca"/>
      </object_component>
      <object_component id="oc-30f">
         <name>.debug_line</name>
         <load_address>0x2348</load_address>
         <run_address>0x2348</run_address>
         <size>0x2a</size>
         <input_file_ref idref="fl-cc"/>
      </object_component>
      <object_component id="oc-119">
         <name>.debug_line</name>
         <load_address>0x2372</load_address>
         <run_address>0x2372</run_address>
         <size>0x45</size>
         <input_file_ref idref="fl-cc"/>
      </object_component>
      <object_component id="oc-2cc">
         <name>.debug_line</name>
         <load_address>0x23b7</load_address>
         <run_address>0x23b7</run_address>
         <size>0x37</size>
         <input_file_ref idref="fl-cd"/>
      </object_component>
      <object_component id="oc-48">
         <name>.debug_line</name>
         <load_address>0x23ee</load_address>
         <run_address>0x23ee</run_address>
         <size>0x88</size>
[...]
         <value>0x20000208</value>
         <object_component_ref idref="oc-bc"/>
      </symbol>
      <symbol id="sm-179">
         <name>DrawPlane</name>
         <value>0x64f83</value>
         <object_component_ref idref="oc-2a"/>
      </symbol>
      <symbol id="sm-17a">
         <name>Timer0BIntHandler</name>
         <value>0x65489</value>
         <object_component_ref idref="oc-2a"/>
      </symbol>
      <symbol id="sm-17b">
         <name>Timer0AIntHandler</name>
         <value>0x65745</value>
         <object_component_ref idref="oc-2a"/>
      </symbol>
      <symbol id="sm-17c">
         <name>DrawBullet</name>
         <value>0x652dd</value>
         <object_component_ref idref="oc-2a"/>
      </symbol>
      <symbol id="sm-17d">
         <name>TimerIntInitial</name>
         <value>0x64f1f</value>
         <object_component_ref idref="oc-2a"/>
      </symbol>
      <symbol id="sm-17e">
         <name>menu</name>
         <value>0x2f008</value>
         <object_component_ref idref="oc-bf"/>
      </symbol>
      <symbol id="sm-17f">
         <name>bullet</name>
         <value>0x63868</value>
         <object_component_ref idref="oc-10d"/>
      </symbol>
      <symbol id="sm-180">
         <name>start</name>
         <value>0x20000204</value>
         <object_component_ref idref="oc-bc"/>
      </symbol>
      <symbol id="sm-181">
         <name>ClearBoom</name>
         <value>0x651c9</value>
         <object_component_ref idref="oc-2a"/>
      </symbol>
      <symbol id="sm-182">
         <name>boom</name>
         <value>0x5de08</value>
         <object_component_ref idref="oc-c5"/>
      </symbol>
      <symbol id="sm-183">
         <name>DrawStone</name>
         <value>0x65219</value>
         <object_component_ref idref="oc-2a"/>
      </symbol>
      <symbol id="sm-184">
         <name>main</name>
         <value>0x653c1</value>
         <object_component_ref idref="oc-2a"/>
      </symbol>
      <symbol id="sm-185">
         <name>score</name>
         <value>0x20000200</value>
         <object_component_ref idref="oc-bc"/>
      </symbol>
      <symbol id="sm-186">
         <name>ConfigureUART</name>
         <value>0x64ef3</value>
         <object_component_ref idref="oc-2a"/>
      </symbol>
      <symbol id="sm-187">
         <name>plane</name>
         <value>0x5fa28</value>
         <object_component_ref idref="oc-b9"/>
      </symbol>
      <symbol id="sm-188">
         <name>gameover</name>
         <value>0x208</value>
         <object_component_ref idref="oc-c2"/>
      </symbol>
      <symbol id="sm-189">
         <name>stone</name>
         <value>0x61648</value>
         <object_component_ref idref="oc-10a"/>
      </symbol>
      <symbol id="sm-18a">
         <name>ClearBullet</name>
         <value>0x65351</value>
         <object_component_ref idref="oc-2a"/>
      </symbol>
      <symbol id="sm-18b">
         <name>DrawBoom</name>
         <value>0x65159</value>
         <object_component_ref idref="oc-2a"/>
      </symbol>
      <symbol id="sm-18c">
         <name>DrawMenu</name>
         <value>0x6503b</value>
         <object_component_ref idref="oc-2a"/>
      </symbol>
      <symbol id="sm-18d">
         <name>ClearPlane</name>
         <value>0x64fef</value>
         <object_component_ref idref="oc-2a"/>
      </symbol>
      <symbol id="sm-18e">
         <name>flag_bullet</name>
         <value>0x20000205</value>
         <object_component_ref idref="oc-bc"/>
      </symbol>
      <symbol id="sm-18f">
         <name>flag_stone</name>
         <value>0x20000206</value>
         <object_component_ref idref="oc-bc"/>
      </symbol>
      <symbol id="sm-190">
         <name>x_plane</name>
         <value>0x2000020c</value>
         <object_component_ref idref="oc-bc"/>
      </symbol>
      <symbol id="sm-191">
         <name>GameOver</name>
         <value>0x650ad</value>
         <object_component_ref idref="oc-2a"/>
      </symbol>
      <symbol id="sm-1ad">
         <name>ResetISR</name>
         <value>0x66ed1</value>
         <object_component_ref idref="oc-24"/>
      </symbol>
      <symbol id="sm-1ae">
         <name>g_pfnVectors</name>
         <value>0x0</value>
         <object_component_ref idref="oc-f"/>
      </symbol>
      <symbol id="sm-21d">
         <name>UARTgetc</name>
         <value>0x659ab</value>
         <object_component_ref idref="oc-83"/>
      </symbol>
      <symbol id="sm-21e">
         <name>UARTgets</name>
         <value>0x658f1</value>
         <object_component_ref idref="oc-83"/>
      </symbol>
      <symbol id="sm-21f">
         <name>UARTStdioConfig</name>
         <value>0x65865</value>
         <object_component_ref idref="oc-83"/>
      </symbol>
      <symbol id="sm-220">
         <name>UARTwrite</name>
         <value>0x658ab</value>
         <object_component_ref idref="oc-83"/>
      </symbol>
      <symbol id="sm-221">
         <name>UARTprintf</name>
         <value>0x65ccb</value>
         <object_component_ref idref="oc-83"/>
      </symbol>
      <symbol id="sm-222">
         <name>UARTvprintf</name>
         <value>0x659d1</value>
         <object_component_ref idref="oc-83"/>
      </symbol>
      <symbol id="sm-23e">
         <name>EPIGPIOinit</name>
         <value>0x66679</value>
         <object_component_ref idref="oc-f2"/>
      </symbol>
      <symbol id="sm-2dd">
         <name>TFTLCD_ShowPicture</name>
         <value>0x64dbd</value>
         <object_component_ref idref="oc-ad"/>
      </symbol>
      <symbol id="sm-2de">
         <name>asc2_1608</name>
         <value>0x63268</value>
         <object_component_ref idref="oc-1de"/>
      </symbol>
      <symbol id="sm-2df">
         <name>TFTLCD_ExitSleep</name>
         <value>0x64047</value>
         <object_component_ref idref="oc-ad"/>
      </symbol>
      <symbol id="sm-2e0">
         <name>WriteData</name>
         <value>0x2000021c</value>
         <object_component_ref idref="oc-1db"/>
      </symbol>
      <symbol id="sm-2e1">
         <name>TFTLCD_DrawVerticalLine</name>
         <value>0x64ceb</value>
         <object_component_ref idref="oc-ad"/>
      </symbol>
      <symbol id="sm-2e2">
         <name>TFTLCD_ShowData</name>
         <value>0x64b99</value>
         <object_component_ref idref="oc-ad"/>
      </symbol>
      <symbol id="sm-2e3">
         <name>TFTLCD_DrawHorizontalLine</name>
         <value>0x64ca1</value>
         <object_component_ref idref="oc-ad"/>
      </symbol>
      <symbol id="sm-2e4">
         <name>TFTLCD_ShowString</name>
         <value>0x64a7f</value>
         <object_component_ref idref="oc-ad"/>
      </symbol>
      <symbol id="sm-2e5">
         <name>TFTLCD_REFRESH_GRAM</name>
         <value>0x64901</value>
         <object_component_ref idref="oc-ad"/>
      </symbol>
      <symbol id="sm-2e6">
         <name>TFTLCD_CLEAR</name>
         <value>0x64add</value>
         <object_component_ref idref="oc-ad"/>
      </symbol>
      <symbol id="sm-2e7">
         <name>TFTLCD_SetPos</name>
         <value>0x64915</value>
         <object_component_ref idref="oc-ad"/>
      </symbol>
      <symbol id="sm-2e8">
         <name>TFTLCD_EnterSleep</name>
         <value>0x63fc7</value>
         <object_component_ref idref="oc-ad"/>
      </symbol>
      <symbol id="sm-2e9">
         <name>TFTLCD_ShowPicture1</name>
         <value>0x64d35</value>
         <object_component_ref idref="oc-ad"/>
      </symbol>
      <symbol id="sm-2ea">
         <name>InitGPIOLCDInterface</name>
         <value>0x63f09</value>
         <object_component_ref idref="oc-ad"/>
      </symbol>
      <symbol id="sm-2eb">
         <name>TFTLCD_FillBlock</name>
         <value>0x64b31</value>
         <object_component_ref idref="oc-ad"/>
      </symbol>
      <symbol id="sm-2ec">
         <name>TFTLCD_ShowChar</name>
         <value>0x649ef</value>
         <object_component_ref idref="oc-ad"/>
      </symbol>
      <symbol id="sm-2ed">
         <name>WriteCommand</name>
         <value>0x20000220</value>
         <object_component_ref idref="oc-1db"/>
      </symbol>
      <symbol id="sm-2ee">
         <name>TFTLCD_DrawPoint</name>
         <value>0x649cd</value>
         <object_component_ref idref="oc-ad"/>
      </symbol>
      <symbol id="sm-2ef">
         <name>TFT_400x240_OTM4001Ainit</name>
         <value>0x640fd</value>
         <object_component_ref idref="oc-ad"/>
      </symbol>
      <symbol id="sm-324">
         <name>SoftSPI_GetData</name>
         <value>0x65e4f</value>
         <object_component_ref idref="oc-30"/>
      </symbol>
      <symbol id="sm-325">
         <name>SSIinit</name>
         <value>0x65d01</value>
         <object_component_ref idref="oc-30"/>
      </symbol>
      <symbol id="sm-326">
         <name>SoftSPIinit</name>
         <value>0x65d69</value>
         <object_component_ref idref="oc-30"/>
      </symbol>
      <symbol id="sm-327">
         <name>TOUCH_TSC2046init</name>
         <value>0x66001</value>
         <object_component_ref idref="oc-30"/>
      </symbol>
      <symbol id="sm-328">
         <name>TouchInit</name>
         <value>0x65d9b</value>
         <object_component_ref idref="oc-30"/>
      </symbol>
      <symbol id="sm-329">
         <name>SoftSPI_PutData</name>
         <value>0x65dcf</value>
         <object_component_ref idref="oc-30"/>
      </symbol>
      <symbol id="sm-32a">
         <name>touch_getx</name>
         <value>0x65ee1</value>
         <object_component_ref idref="oc-30"/>
      </symbol>
      <symbol id="sm-32b">
         <name>touch_gety</name>
         <value>0x65f71</value>
         <object_component_ref idref="oc-30"/>
      </symbol>
      <symbol id="sm-32c">
         <name>IntGPIOb</name>
         <value>0x660c3</value>
         <object_component_ref idref="oc-30"/>
      </symbol>
      <symbol id="sm-32d">
         <name>TOUCH_PointAdjust</name>
         <value>0x66039</value>
         <object_component_ref idref="oc-30"/>
      </symbol>
      <symbol id="sm-33c">
         <name>__aeabi_uidivmod</name>
         <value>0x66c03</value>
         <object_component_ref idref="oc-1bb"/>
      </symbol>
      <symbol id="sm-33d">
         <name>__aeabi_uidiv</name>
         <value>0x66c03</value>
         <object_component_ref idref="oc-1bb"/>
      </symbol>
      <symbol id="sm-351">
         <name>__TI_zero_init_nomemset</name>
         <value>0x66e67</value>
         <object_component_ref idref="oc-50"/>
      </symbol>
      <symbol id="sm-368">
         <name>__TI_decompress_none</name>
         <value>0x66eb7</value>
         <object_component_ref idref="oc-18"/>
      </symbol>
      <symbol id="sm-38b">
         <name>__TI_decompress_lzss</name>
         <value>0x66989</value>
         <object_component_ref idref="oc-12"/>
      </symbol>
      <symbol id="sm-39e">
         <name>__stack</name>
         <value>0x20000000</value>
         <object_component_ref idref="oc-21"/>
      </symbol>
      <symbol id="sm-39f">
         <name>_c_int00_noargs</name>
         <value>0x66c45</value>
         <object_component_ref idref="oc-62"/>
      </symbol>
      <symbol id="sm-3aa">
         <name>C$$EXIT</name>
         <value>0x66f35</value>
         <object_component_ref idref="oc-270"/>
      </symbol>
      <symbol id="sm-3ab">
         <name>abort</name>
         <value>0x66f35</value>
         <object_component_ref idref="oc-270"/>
      </symbol>
      <symbol id="sm-3c0">
         <name>_nop</name>
         <value>0x66c43</value>
         <object_component_ref idref="oc-304"/>
      </symbol>
      <symbol id="sm-3c1">
         <name>_lock</name>
         <value>0x20000214</value>
         <object_component_ref idref="oc-249"/>
      </symbol>
      <symbol id="sm-3c2">
         <name>_unlock</name>
         <value>0x20000218</value>
         <object_component_ref idref="oc-249"/>
      </symbol>
      <symbol id="sm-3d9">
         <name>rand</name>
         <value>0x66ce5</value>
         <object_component_ref idref="oc-117"/>
      </symbol>
      <symbol id="sm-3e3">
         <name>__aeabi_idiv0</name>
         <value>0x66f39</value>
         <object_component_ref idref="oc-2cb"/>
      </symbol>
      <symbol id="sm-3e4">
         <name>__aeabi_ldiv0</name>
         <value>0x66f39</value>
         <object_component_ref idref="oc-2cb"/>
      </symbol>
      <symbol id="sm-3ff">
         <name>memcpy</name>
         <value>0x668ed</value>
         <object_component_ref idref="oc-44"/>
      </symbol>
      <symbol id="sm-400">
         <name>__aeabi_memcpy</name>
         <value>0x668ed</value>
         <object_component_ref idref="oc-44"/>
      </symbol>
      <symbol id="sm-401">
         <name>__aeabi_memcpy8</name>
         <value>0x668ed</value>
         <object_component_ref idref="oc-44"/>
      </symbol>
      <symbol id="sm-402">
         <name>__aeabi_memcpy4</name>
         <value>0x668ed</value>
         <object_component_ref idref="oc-44"/>
      </symbol>
      <symbol id="sm-42b">
         <name>__TI_auto_init_nobinit_nopinit</name>
         <value>0x66b3d</value>
         <object_component_ref idref="oc-27c"/>
      </symbol>
      <symbol id="sm-435">
         <name>_system_pre_init</name>
         <value>0x66f31</value>
         <object_component_ref idref="oc-176"/>
      </symbol>
      <symbol id="sm-479">
         <name>UARTConfigSetExpClk</name>
         <value>0x66bc3</value>
         <object_component_ref idref="oc-19a"/>
      </symbol>
      <symbol id="sm-47a">
         <name>UARTDisable</name>
         <value>0x66d81</value>
         <object_component_ref idref="oc-2ba"/>
      </symbol>
      <symbol id="sm-47b">
         <name>UARTCharPut</name>
         <value>0x66efb</value>
         <object_component_ref idref="oc-1a6"/>
      </symbol>
      <symbol id="sm-47c">
         <name>UARTEnable</name>
         <value>0x66df9</value>
         <object_component_ref idref="oc-1a0"/>
      </symbol>
      <symbol id="sm-47d">
         <name>UARTCharGet</name>
         <value>0x66ef1</value>
         <object_component_ref idref="oc-1ac"/>
      </symbol>
      <symbol id="sm-4b8">
         <name>TimerLoadSet</name>
         <value>0x66e55</value>
         <object_component_ref idref="oc-95"/>
      </symbol>
      <symbol id="sm-4b9">
         <name>TimerEnable</name>
         <value>0x66ea9</value>
         <object_component_ref idref="oc-a1"/>
      </symbol>
      <symbol id="sm-4ba">
         <name>TimerIntEnable</name>
         <value>0x66f05</value>
         <object_component_ref idref="oc-9b"/>
      </symbol>
      <symbol id="sm-4bb">
         <name>TimerClockSourceSet</name>
         <value>0x66f1f</value>
         <object_component_ref idref="oc-89"/>
      </symbol>
      <symbol id="sm-4bc">
         <name>TimerConfigure</name>
         <value>0x66a51</value>
         <object_component_ref idref="oc-8f"/>
      </symbol>
      <symbol id="sm-4bd">
         <name>TimerIntClear</name>
         <value>0x66f2d</value>
         <object_component_ref idref="oc-110"/>
      </symbol>
      <symbol id="sm-4e0">
         <name>SysTickEnable</name>
         <value>0x66dd1</value>
         <object_component_ref idref="oc-ec"/>
      </symbol>
      <symbol id="sm-4e1">
         <name>SysTickIntEnable</name>
         <value>0x66de5</value>
         <object_component_ref idref="oc-e6"/>
      </symbol>
      <symbol id="sm-4e2">
         <name>SysTickPeriodSet</name>
         <value>0x66e99</value>
         <object_component_ref idref="oc-da"/>
      </symbol>
      <symbol id="sm-56e">
         <name>SysCtlGPIOAHBEnable</name>
         <value>0x66d65</value>
         <object_component_ref idref="oc-1d5"/>
      </symbol>
      <symbol id="sm-56f">
         <name>SysCtlPeripheralPresent</name>
         <value>0x66cb1</value>
         <object_component_ref idref="oc-194"/>
      </symbol>
      <symbol id="sm-570">
         <name>SysCtlDelay</name>
         <value>0x66f19</value>
         <object_component_ref idref="oc-14a"/>
      </symbol>
      <symbol id="sm-571">
         <name>SysCtlPeripheralEnable</name>
         <value>0x66c7d</value>
         <object_component_ref idref="oc-77"/>
      </symbol>
      <symbol id="sm-572">
         <name>SysCtlClockFreqSet</name>
         <value>0x6647d</value>
         <object_component_ref idref="oc-d4"/>
      </symbol>
      <symbol id="sm-594">
         <name>SSIDataGetNonBlocking</name>
         <value>0x66e43</value>
         <object_component_ref idref="oc-13e"/>
      </symbol>
      <symbol id="sm-595">
         <name>SSIConfigSetExpClk</name>
         <value>0x66b81</value>
         <object_component_ref idref="oc-132"/>
      </symbol>
      <symbol id="sm-596">
         <name>SSIEnable</name>
         <value>0x66ee7</value>
         <object_component_ref idref="oc-138"/>
      </symbol>
      <symbol id="sm-5c4">
         <name>IntEnable</name>
         <value>0x669f1</value>
         <object_component_ref idref="oc-a7"/>
      </symbol>
      <symbol id="sm-5c5">
         <name>IntMasterEnable</name>
         <value>0x66edd</value>
         <object_component_ref idref="oc-e0"/>
      </symbol>
      <symbol id="sm-625">
         <name>GPIOPinConfigure</name>
         <value>0x66aad</value>
         <object_component_ref idref="oc-7d"/>
      </symbol>
      <symbol id="sm-626">
         <name>GPIOPinTypeGPIOInput</name>
         <value>0x66e1f</value>
         <object_component_ref idref="oc-144"/>
      </symbol>
      <symbol id="sm-627">
         <name>GPIOPinTypeGPIOOutput</name>
         <value>0x66db9</value>
         <object_component_ref idref="oc-fe"/>
      </symbol>
      <symbol id="sm-628">
         <name>GPIOPinRead</name>
         <value>0x66f0d</value>
         <object_component_ref idref="oc-14b"/>
      </symbol>
      <symbol id="sm-629">
         <name>GPIODirModeSet</name>
         <value>0x66d19</value>
         <object_component_ref idref="oc-23c"/>
      </symbol>
      <symbol id="sm-62a">
         <name>GPIOPinWrite</name>
         <value>0x66f13</value>
         <object_component_ref idref="oc-104"/>
      </symbol>
      <symbol id="sm-62b">
         <name>GPIOPadConfigSet</name>
         <value>0x667bd</value>
         <object_component_ref idref="oc-236"/>
      </symbol>
      <symbol id="sm-62c">
         <name>GPIOPinTypeSSI</name>
         <value>0x66e31</value>
         <object_component_ref idref="oc-12c"/>
      </symbol>
      <symbol id="sm-62d">
         <name>GPIOPinTypeEPI</name>
         <value>0x66e0d</value>
         <object_component_ref idref="oc-219"/>
      </symbol>
      <symbol id="sm-643">
         <name>FPULazyStackingEnable</name>
         <value>0x66e89</value>
         <object_component_ref idref="oc-ce"/>
      </symbol>
      <symbol id="sm-644">
         <name>FPUEnable</name>
         <value>0x66e79</value>
         <object_component_ref idref="oc-c8"/>
      </symbol>
      <symbol id="sm-661">
         <name>EPIModeSet</name>
         <value>0x66f29</value>
         <object_component_ref idref="oc-21f"/>
      </symbol>
      <symbol id="sm-662">
         <name>EPIConfigHB16Set</name>
         <value>0x66d43</value>
         <object_component_ref idref="oc-225"/>
      </symbol>
      <symbol id="sm-663">
         <name>EPIAddressMapSet</name>
         <value>0x66f25</value>
         <object_component_ref idref="oc-22b"/>
      </symbol>
      <symbol id="sm-66d">
         <name>CPUcpsie</name>
         <value>0x66ec5</value>
         <object_component_ref idref="oc-210"/>
      </symbol>
      <symbol id="sm-66e">
         <name>__TI_static_base__</name>
         <value>0x0</value>
      </symbol>
      <symbol id="sm-671">
         <name>__mpu_init</name>
         <value>0x0</value>
      </symbol>
      <symbol id="sm-672">
         <name>_system_post_cinit</name>
         <value>0x0</value>
      </symbol>
   </symbol_table>
   <title>Link successful</title>
</link_info>
