<?xml version="1.0" encoding="ISO-8859-1" ?>
<link_info>
   <banner>TI ARM Linker PC v20.2.1.LTS</banner>
   <copyright>Copyright (c) 1996-2018 Texas Instruments Incorporated</copyright>
   <link_time>0x5fd8bbb2</link_time>
   <link_errors>0x0</link_errors>
   <output_file>plane_fight.out</output_file>
   <entry_point>
      <name>_c_int00_noargs</name>
      <address>0x68a3d</address>
   </entry_point>
   <input_file_list>
      <input_file id="fl-2">
         <path>.\</path>
         <kind>object</kind>
         <file>KEY.obj</file>
         <name>KEY.obj</name>
      </input_file>
      <input_file id="fl-3">
         <path>.\</path>
         <kind>object</kind>
         <file>Sine_wave.obj</file>
         <name>Sine_wave.obj</name>
      </input_file>
      <input_file id="fl-4">
         <path>.\</path>
         <kind>object</kind>
         <file>tm4c1294ncpdt_startup_ccs.obj</file>
         <name>tm4c1294ncpdt_startup_ccs.obj</name>
      </input_file>
      <input_file id="fl-5">
         <path>.\</path>
         <kind>object</kind>
         <file>uartstdio.obj</file>
         <name>uartstdio.obj</name>
      </input_file>
      <input_file id="fl-6">
         <path>.\EPIinit\</path>
         <kind>object</kind>
         <file>EPIinit.obj</file>
         <name>EPIinit.obj</name>
      </input_file>
      <input_file id="fl-7">
         <path>.\TFTinit\</path>
         <kind>object</kind>
         <file>TFT_400x240_OTM4001A_16bit.obj</file>
         <name>TFT_400x240_OTM4001A_16bit.obj</name>
      </input_file>
      <input_file id="fl-8">
         <path>.\TOUCHinit\</path>
         <kind>object</kind>
         <file>TOUCH_TSC2046.obj</file>
         <name>TOUCH_TSC2046.obj</name>
      </input_file>
      <input_file id="fl-e">
         <kind>object</kind>
         <file>&lt;internal&gt;</file>
         <name>&lt;internal&gt;</name>
      </input_file>
      <input_file id="fl-c4">
         <path>F:\ti\ccs1011\ccs\tools\compiler\ti-cgt-arm_20.2.1.LTS\lib\</path>
         <kind>archive</kind>
         <file>rtsv7M4_T_le_v4SPD16_eabi.lib</file>
         <name>u_divt2.asm.obj</name>
      </input_file>
      <input_file id="fl-c5">
         <path>F:\ti\ccs1011\ccs\tools\compiler\ti-cgt-arm_20.2.1.LTS\lib\</path>
         <kind>archive</kind>
         <file>rtsv7M4_T_le_v4SPD16_eabi.lib</file>
         <name>copy_zero_init.c.obj</name>
      </input_file>
      <input_file id="fl-c6">
         <path>F:\ti\ccs1011\ccs\tools\compiler\ti-cgt-arm_20.2.1.LTS\lib\</path>
         <kind>archive</kind>
         <file>rtsv7M4_T_le_v4SPD16_eabi.lib</file>
         <name>copy_decompress_none.c.obj</name>
      </input_file>
      <input_file id="fl-c7">
         <path>F:\ti\ccs1011\ccs\tools\compiler\ti-cgt-arm_20.2.1.LTS\lib\</path>
         <kind>archive</kind>
         <file>rtsv7M4_T_le_v4SPD16_eabi.lib</file>
         <name>copy_decompress_lzss.c.obj</name>
      </input_file>
      <input_file id="fl-c8">
         <path>F:\ti\ccs1011\ccs\tools\compiler\ti-cgt-arm_20.2.1.LTS\lib\</path>
         <kind>archive</kind>
         <file>rtsv7M4_T_le_v4SPD16_eabi.lib</file>
         <name>rand.c.obj</name>
      </input_file>
      <input_file id="fl-c9">
         <path>F:\ti\ccs1011\ccs\tools\compiler\ti-cgt-arm_20.2.1.LTS\lib\</path>
         <kind>archive</kind>
         <file>rtsv7M4_T_le_v4SPD16_eabi.lib</file>
         <name>boot_cortex_m.c.obj</name>
      </input_file>
      <input_file id="fl-ca">
         <path>F:\ti\ccs1011\ccs\tools\compiler\ti-cgt-arm_20.2.1.LTS\lib\</path>
         <kind>archive</kind>
         <file>rtsv7M4_T_le_v4SPD16_eabi.lib</file>
         <name>div0.asm.obj</name>
      </input_file>
      <input_file id="fl-cb">
         <path>F:\ti\ccs1011\ccs\tools\compiler\ti-cgt-arm_20.2.1.LTS\lib\</path>
         <kind>archive</kind>
         <file>rtsv7M4_T_le_v4SPD16_eabi.lib</file>
         <name>memset_t2.asm.obj</name>
      </input_file>
      <input_file id="fl-cc">
         <path>F:\ti\ccs1011\ccs\tools\compiler\ti-cgt-arm_20.2.1.LTS\lib\</path>
         <kind>archive</kind>
         <file>rtsv7M4_T_le_v4SPD16_eabi.lib</file>
         <name>memcpy_t2.asm.obj</name>
      </input_file>
      <input_file id="fl-cd">
         <path>F:\ti\ccs1011\ccs\tools\compiler\ti-cgt-arm_20.2.1.LTS\lib\</path>
         <kind>archive</kind>
         <file>rtsv7M4_T_le_v4SPD16_eabi.lib</file>
         <name>autoinit.c.obj</name>
      </input_file>
      <input_file id="fl-ce">
         <path>F:\ti\ccs1011\ccs\tools\compiler\ti-cgt-arm_20.2.1.LTS\lib\</path>
         <kind>archive</kind>
         <file>rtsv7M4_T_le_v4SPD16_eabi.lib</file>
         <name>pre_init.c.obj</name>
      </input_file>
      <input_file id="fl-cf">
         <path>F:\ti\ccs1011\ccs\tools\compiler\ti-cgt-arm_20.2.1.LTS\lib\</path>
         <kind>archive</kind>
         <file>rtsv7M4_T_le_v4SPD16_eabi.lib</file>
         <name>cpy_tbl.c.obj</name>
      </input_file>
      <input_file id="fl-d0">
         <path>F:\ti\ccs1011\ccs\tools\compiler\ti-cgt-arm_20.2.1.LTS\lib\</path>
         <kind>archive</kind>
         <file>rtsv7M4_T_le_v4SPD16_eabi.lib</file>
         <name>exit.c.obj</name>
      </input_file>
      <input_file id="fl-d1">
         <path>F:\ti\ccs1011\ccs\tools\compiler\ti-cgt-arm_20.2.1.LTS\lib\</path>
         <kind>archive</kind>
         <file>rtsv7M4_T_le_v4SPD16_eabi.lib</file>
         <name>_lock.c.obj</name>
      </input_file>
      <input_file id="fl-d2">
         <path>F:\ti\ccs1011\ccs\tools\compiler\ti-cgt-arm_20.2.1.LTS\lib\</path>
         <kind>archive</kind>
         <file>rtsv7M4_T_le_v4SPD16_eabi.lib</file>
         <name>args_main.c.obj</name>
      </input_file>
      <input_file id="fl-d3">
         <path>F:\ti\ccs1011\TivaWare_C_Series-2.1.0.12573\driverlib\ccs\Debug\</path>
         <kind>archive</kind>
         <file>driverlib.lib</file>
         <name>uart.obj</name>
      </input_file>
      <input_file id="fl-d4">
         <path>F:\ti\ccs1011\TivaWare_C_Series-2.1.0.12573\driverlib\ccs\Debug\</path>
         <kind>archive</kind>
         <file>driverlib.lib</file>
         <name>timer.obj</name>
      </input_file>
      <input_file id="fl-d5">
         <path>F:\ti\ccs1011\TivaWare_C_Series-2.1.0.12573\driverlib\ccs\Debug\</path>
         <kind>archive</kind>
         <file>driverlib.lib</file>
         <name>systick.obj</name>
      </input_file>
      <input_file id="fl-d6">
         <path>F:\ti\ccs1011\TivaWare_C_Series-2.1.0.12573\driverlib\ccs\Debug\</path>
         <kind>archive</kind>
         <file>driverlib.lib</file>
         <name>sysctl.obj</name>
      </input_file>
      <input_file id="fl-d7">
         <path>F:\ti\ccs1011\TivaWare_C_Series-2.1.0.12573\driverlib\ccs\Debug\</path>
         <kind>archive</kind>
         <file>driverlib.lib</file>
         <name>ssi.obj</name>
      </input_file>
      <input_file id="fl-d8">
         <path>F:\ti\ccs1011\TivaWare_C_Series-2.1.0.12573\driverlib\ccs\Debug\</path>
         <kind>archive</kind>
         <file>driverlib.lib</file>
         <name>interrupt.obj</name>
      </input_file>
      <input_file id="fl-d9">
         <path>F:\ti\ccs1011\TivaWare_C_Series-2.1.0.12573\driverlib\ccs\Debug\</path>
         <kind>archive</kind>
         <file>driverlib.lib</file>
         <name>gpio.obj</name>
      </input_file>
      <input_file id="fl-da">
         <path>F:\ti\ccs1011\TivaWare_C_Series-2.1.0.12573\driverlib\ccs\Debug\</path>
         <kind>archive</kind>
         <file>driverlib.lib</file>
         <name>epi.obj</name>
      </input_file>
      <input_file id="fl-db">
         <path>F:\ti\ccs1011\TivaWare_C_Series-2.1.0.12573\driverlib\ccs\Debug\</path>
         <kind>archive</kind>
         <file>driverlib.lib</file>
         <name>cpu.obj</name>
      </input_file>
   </input_file_list>
   <object_component_list>
      <object_component id="oc-12">
         <name>.intvecs</name>
         <load_address>0x0</load_address>
         <run_address>0x0</run_address>
         <size>0x208</size>
         <input_file_ref idref="fl-4"/>
      </object_component>
      <object_component id="oc-aa">
         <name>.text</name>
         <load_address>0x65704</load_address>
         <run_address>0x65704</run_address>
         <size>0x12a4</size>
         <input_file_ref idref="fl-7"/>
      </object_component>
      <object_component id="oc-2d">
         <name>.text</name>
         <load_address>0x669a8</load_address>
         <run_address>0x669a8</run_address>
         <size>0xc4c</size>
         <input_file_ref idref="fl-3"/>
      </object_component>
      <object_component id="oc-86">
         <name>.text</name>
         <load_address>0x675f4</load_address>
         <run_address>0x675f4</run_address>
         <size>0x49c</size>
         <input_file_ref idref="fl-5"/>
      </object_component>
      <object_component id="oc-33">
         <name>.text</name>
         <load_address>0x67a90</load_address>
         <run_address>0x67a90</run_address>
         <size>0x3d8</size>
         <input_file_ref idref="fl-8"/>
      </object_component>
      <object_component id="oc-ef">
         <name>.text</name>
         <load_address>0x67e68</load_address>
         <run_address>0x67e68</run_address>
         <size>0x3a4</size>
         <input_file_ref idref="fl-2"/>
      </object_component>
      <object_component id="oc-cb">
         <name>.text:SysCtlClockFreqSet</name>
         <load_address>0x6820c</load_address>
         <run_address>0x6820c</run_address>
         <size>0x1fc</size>
         <input_file_ref idref="fl-d6"/>
      </object_component>
      <object_component id="oc-e9">
         <name>.text</name>
         <load_address>0x68408</load_address>
         <run_address>0x68408</run_address>
         <size>0x144</size>
         <input_file_ref idref="fl-6"/>
      </object_component>
      <object_component id="oc-237">
         <name>.text:GPIOPadConfigSet</name>
         <load_address>0x6854c</load_address>
         <run_address>0x6854c</run_address>
         <size>0x130</size>
         <input_file_ref idref="fl-d9"/>
      </object_component>
      <object_component id="oc-47">
         <name>.text</name>
         <load_address>0x6867c</load_address>
         <run_address>0x6867c</run_address>
         <size>0x9c</size>
         <input_file_ref idref="fl-cc"/>
      </object_component>
      <object_component id="oc-15">
         <name>.text:decompress:lzss:__TI_decompress_lzss</name>
         <load_address>0x68718</load_address>
         <run_address>0x68718</run_address>
         <size>0x68</size>
         <input_file_ref idref="fl-c7"/>
      </object_component>
      <object_component id="oc-a4">
         <name>.text:IntEnable</name>
         <load_address>0x68780</load_address>
         <run_address>0x68780</run_address>
         <size>0x60</size>
         <input_file_ref idref="fl-d8"/>
      </object_component>
      <object_component id="oc-8c">
         <name>.text:TimerConfigure</name>
         <load_address>0x687e0</load_address>
         <run_address>0x687e0</run_address>
         <size>0x5c</size>
         <input_file_ref idref="fl-d4"/>
      </object_component>
      <object_component id="oc-80">
         <name>.text:GPIOPinConfigure</name>
         <load_address>0x6883c</load_address>
         <run_address>0x6883c</run_address>
         <size>0x48</size>
         <input_file_ref idref="fl-d9"/>
      </object_component>
      <object_component id="oc-1fa">
         <name>.text:_SysCtlFrequencyGet</name>
         <load_address>0x68884</load_address>
         <run_address>0x68884</run_address>
         <size>0x48</size>
         <input_file_ref idref="fl-d6"/>
      </object_component>
      <object_component id="oc-27b">
         <name>.text:__TI_auto_init_nobinit_nopinit:__TI_auto_init_nobinit_nopinit</name>
         <load_address>0x688cc</load_address>
         <run_address>0x688cc</run_address>
         <size>0x44</size>
         <input_file_ref idref="fl-cd"/>
      </object_component>
      <object_component id="oc-126">
         <name>.text:SSIConfigSetExpClk</name>
         <load_address>0x68910</load_address>
         <run_address>0x68910</run_address>
         <size>0x42</size>
         <input_file_ref idref="fl-d7"/>
      </object_component>
      <object_component id="oc-18e">
         <name>.text:UARTConfigSetExpClk</name>
         <load_address>0x68952</load_address>
         <run_address>0x68952</run_address>
         <size>0x40</size>
         <input_file_ref idref="fl-d3"/>
      </object_component>
      <object_component id="oc-1af">
         <name>.text</name>
         <load_address>0x68992</load_address>
         <run_address>0x68992</run_address>
         <size>0x40</size>
         <input_file_ref idref="fl-c4"/>
      </object_component>
      <object_component id="oc-30b">
         <name>.text:_nop</name>
         <load_address>0x689d2</load_address>
         <run_address>0x689d2</run_address>
         <size>0x2</size>
         <input_file_ref idref="fl-d1"/>
      </object_component>
      <object_component id="oc-7a">
         <name>.text:SysCtlPeripheralEnable</name>
         <load_address>0x689d4</load_address>
         <run_address>0x689d4</run_address>
         <size>0x34</size>
         <input_file_ref idref="fl-d6"/>
      </object_component>
      <object_component id="oc-188">
         <name>.text:SysCtlPeripheralPresent</name>
         <load_address>0x68a08</load_address>
         <run_address>0x68a08</run_address>
         <size>0x34</size>
         <input_file_ref idref="fl-d6"/>
      </object_component>
      <object_component id="oc-65">
         <name>.text:_c_int00_noargs:_c_int00_noargs</name>
         <load_address>0x68a3c</load_address>
         <run_address>0x68a3c</run_address>
         <size>0x34</size>
         <input_file_ref idref="fl-c9"/>
      </object_component>
      <object_component id="oc-10b">
         <name>.text:rand</name>
         <load_address>0x68a70</load_address>
         <run_address>0x68a70</run_address>
         <size>0x34</size>
         <input_file_ref idref="fl-c8"/>
      </object_component>
      <object_component id="oc-23d">
         <name>.text:GPIODirModeSet</name>
         <load_address>0x68aa4</load_address>
         <run_address>0x68aa4</run_address>
         <size>0x2a</size>
         <input_file_ref idref="fl-d9"/>
      </object_component>
      <object_component id="oc-226">
         <name>.text:EPIConfigHB16Set</name>
         <load_address>0x68ace</load_address>
         <run_address>0x68ace</run_address>
         <size>0x22</size>
         <input_file_ref idref="fl-da"/>
      </object_component>
      <object_component id="oc-1c8">
         <name>.text:SysCtlGPIOAHBEnable</name>
         <load_address>0x68af0</load_address>
         <run_address>0x68af0</run_address>
         <size>0x1c</size>
         <input_file_ref idref="fl-d6"/>
      </object_component>
      <object_component id="oc-2b9">
         <name>.text:UARTDisable</name>
         <load_address>0x68b0c</load_address>
         <run_address>0x68b0c</run_address>
         <size>0x1c</size>
         <input_file_ref idref="fl-d3"/>
      </object_component>
      <object_component id="oc-1f4">
         <name>.text:_SysCtlMemTimingGet</name>
         <load_address>0x68b28</load_address>
         <run_address>0x68b28</run_address>
         <size>0x1c</size>
         <input_file_ref idref="fl-d6"/>
      </object_component>
      <object_component id="oc-53">
         <name>.text:decompress:ZI:__TI_zero_init_nomemset:__TI_zero_init_nomemset</name>
         <load_address>0x68b44</load_address>
         <run_address>0x68b44</run_address>
         <size>0x1c</size>
         <input_file_ref idref="fl-c5"/>
      </object_component>
      <object_component id="oc-f5">
         <name>.text:GPIOPinTypeGPIOOutput</name>
         <load_address>0x68b60</load_address>
         <run_address>0x68b60</run_address>
         <size>0x18</size>
         <input_file_ref idref="fl-d9"/>
      </object_component>
      <object_component id="oc-e3">
         <name>.text:SysTickEnable</name>
         <load_address>0x68b78</load_address>
         <run_address>0x68b78</run_address>
         <size>0x14</size>
         <input_file_ref idref="fl-d5"/>
      </object_component>
      <object_component id="oc-dd">
         <name>.text:SysTickIntEnable</name>
         <load_address>0x68b8c</load_address>
         <run_address>0x68b8c</run_address>
         <size>0x14</size>
         <input_file_ref idref="fl-d5"/>
      </object_component>
      <object_component id="oc-194">
         <name>.text:UARTEnable</name>
         <load_address>0x68ba0</load_address>
         <run_address>0x68ba0</run_address>
         <size>0x14</size>
         <input_file_ref idref="fl-d3"/>
      </object_component>
      <object_component id="oc-21a">
         <name>.text:GPIOPinTypeEPI</name>
         <load_address>0x68bb4</load_address>
         <run_address>0x68bb4</run_address>
         <size>0x12</size>
         <input_file_ref idref="fl-d9"/>
      </object_component>
      <object_component id="oc-138">
         <name>.text:GPIOPinTypeGPIOInput</name>
         <load_address>0x68bc6</load_address>
         <run_address>0x68bc6</run_address>
         <size>0x12</size>
         <input_file_ref idref="fl-d9"/>
      </object_component>
      <object_component id="oc-120">
         <name>.text:GPIOPinTypeSSI</name>
         <load_address>0x68bd8</load_address>
         <run_address>0x68bd8</run_address>
         <size>0x12</size>
         <input_file_ref idref="fl-d9"/>
      </object_component>
      <object_component id="oc-132">
         <name>.text:SSIDataGetNonBlocking</name>
         <load_address>0x68bea</load_address>
         <run_address>0x68bea</run_address>
         <size>0x12</size>
         <input_file_ref idref="fl-d7"/>
      </object_component>
      <object_component id="oc-92">
         <name>.text:TimerLoadSet</name>
         <load_address>0x68bfc</load_address>
         <run_address>0x68bfc</run_address>
         <size>0x12</size>
         <input_file_ref idref="fl-d4"/>
      </object_component>
      <object_component id="oc-2ca">
         <name>.text</name>
         <load_address>0x68c0e</load_address>
         <run_address>0x68c0e</run_address>
         <size>0x2</size>
         <input_file_ref idref="fl-ca"/>
      </object_component>
      <object_component id="oc-d1">
         <name>.text:SysTickPeriodSet</name>
         <load_address>0x68c10</load_address>
         <run_address>0x68c10</run_address>
         <size>0x10</size>
         <input_file_ref idref="fl-d5"/>
      </object_component>
      <object_component id="oc-9e">
         <name>.text:TimerEnable</name>
         <load_address>0x68c20</load_address>
         <run_address>0x68c20</run_address>
         <size>0xe</size>
         <input_file_ref idref="fl-d4"/>
      </object_component>
      <object_component id="oc-1b">
         <name>.text:decompress:none:__TI_decompress_none</name>
         <load_address>0x68c2e</load_address>
         <run_address>0x68c2e</run_address>
         <size>0xe</size>
         <input_file_ref idref="fl-c6"/>
      </object_component>
      <object_component id="oc-211">
         <name>.text:CPUcpsie</name>
         <load_address>0x68c3c</load_address>
         <run_address>0x68c3c</run_address>
         <size>0xc</size>
         <input_file_ref idref="fl-db"/>
      </object_component>
      <object_component id="oc-27">
         <name>.text</name>
         <load_address>0x68c48</load_address>
         <run_address>0x68c48</run_address>
         <size>0xc</size>
         <input_file_ref idref="fl-4"/>
      </object_component>
      <object_component id="oc-d7">
         <name>.text:IntMasterEnable</name>
         <load_address>0x68c54</load_address>
         <run_address>0x68c54</run_address>
         <size>0xa</size>
         <input_file_ref idref="fl-d8"/>
      </object_component>
      <object_component id="oc-12c">
         <name>.text:SSIEnable</name>
         <load_address>0x68c5e</load_address>
         <run_address>0x68c5e</run_address>
         <size>0xa</size>
         <input_file_ref idref="fl-d7"/>
      </object_component>
      <object_component id="oc-1a0">
         <name>.text:UARTCharGet</name>
         <load_address>0x68c68</load_address>
         <run_address>0x68c68</run_address>
         <size>0xa</size>
         <input_file_ref idref="fl-d3"/>
      </object_component>
      <object_component id="oc-19a">
         <name>.text:UARTCharPut</name>
         <load_address>0x68c72</load_address>
         <run_address>0x68c72</run_address>
         <size>0xa</size>
         <input_file_ref idref="fl-d3"/>
      </object_component>
      <object_component id="oc-98">
         <name>.text:TimerIntEnable</name>
         <load_address>0x68c7c</load_address>
         <run_address>0x68c7c</run_address>
         <size>0x8</size>
         <input_file_ref idref="fl-d4"/>
      </object_component>
      <object_component id="oc-13f">
         <name>.text:GPIOPinRead</name>
         <load_address>0x68c84</load_address>
         <run_address>0x68c84</run_address>
         <size>0x6</size>
         <input_file_ref idref="fl-d9"/>
      </object_component>
      <object_component id="oc-fb">
         <name>.text:GPIOPinWrite</name>
         <load_address>0x68c8a</load_address>
         <run_address>0x68c8a</run_address>
         <size>0x6</size>
         <input_file_ref idref="fl-d9"/>
      </object_component>
      <object_component id="oc-13e">
         <name>.text:SysCtlDelay</name>
         <load_address>0x68c90</load_address>
         <run_address>0x68c90</run_address>
         <size>0x6</size>
         <input_file_ref idref="fl-d6"/>
      </object_component>
      <object_component id="oc-22c">
         <name>.text:EPIAddressMapSet</name>
         <load_address>0x68c96</load_address>
         <run_address>0x68c96</run_address>
         <size>0x4</size>
         <input_file_ref idref="fl-da"/>
      </object_component>
      <object_component id="oc-220">
         <name>.text:EPIModeSet</name>
         <load_address>0x68c9a</load_address>
         <run_address>0x68c9a</run_address>
         <size>0x4</size>
         <input_file_ref idref="fl-da"/>
      </object_component>
      <object_component id="oc-104">
         <name>.text:TimerIntClear</name>
         <load_address>0x68c9e</load_address>
         <run_address>0x68c9e</run_address>
         <size>0x4</size>
         <input_file_ref idref="fl-d4"/>
      </object_component>
      <object_component id="oc-16a">
         <name>.text:_system_pre_init</name>
         <load_address>0x68ca2</load_address>
         <run_address>0x68ca2</run_address>
         <size>0x4</size>
         <input_file_ref idref="fl-ce"/>
      </object_component>
      <object_component id="oc-26f">
         <name>.text:abort:abort</name>
         <load_address>0x68ca6</load_address>
         <run_address>0x68ca6</run_address>
         <size>0x4</size>
         <input_file_ref idref="fl-d0"/>
      </object_component>
      <object_component id="oc-b9">
         <name>.const:.string:game_back</name>
         <load_address>0x208</load_address>
         <run_address>0x208</run_address>
         <size>0x2ee00</size>
         <input_file_ref idref="fl-3"/>
      </object_component>
      <object_component id="oc-bf">
         <name>.const:.string:gameover</name>
         <load_address>0x2f008</load_address>
         <run_address>0x2f008</run_address>
         <size>0x2ee00</size>
         <input_file_ref idref="fl-3"/>
      </object_component>
      <object_component id="oc-c2">
         <name>.const:.string:boom</name>
         <load_address>0x5de08</load_address>
         <run_address>0x5de08</run_address>
         <size>0x1c20</size>
         <input_file_ref idref="fl-3"/>
      </object_component>
      <object_component id="oc-c5">
         <name>.const:.string:stone</name>
         <load_address>0x5fa28</load_address>
         <run_address>0x5fa28</run_address>
         <size>0x1c20</size>
         <input_file_ref idref="fl-3"/>
      </object_component>
      <object_component id="oc-b6">
         <name>.const:.string:gImage_plane_6060</name>
         <load_address>0x61648</load_address>
         <run_address>0x61648</run_address>
         <size>0x1680</size>
         <input_file_ref idref="fl-3"/>
      </object_component>
      <object_component id="oc-c8">
         <name>.const:.string:gImage_Enemy6060</name>
         <load_address>0x62cc8</load_address>
         <run_address>0x62cc8</run_address>
         <size>0x1338</size>
         <input_file_ref idref="fl-3"/>
      </object_component>
      <object_component id="oc-1d1">
         <name>.const:asc2_1608</name>
         <load_address>0x64000</load_address>
         <run_address>0x64000</run_address>
         <size>0x600</size>
         <input_file_ref idref="fl-7"/>
      </object_component>
      <object_component id="oc-101">
         <name>.const:.string:bullet</name>
         <load_address>0x64600</load_address>
         <run_address>0x64600</run_address>
         <size>0x320</size>
         <input_file_ref idref="fl-3"/>
      </object_component>
      <object_component id="oc-1d4">
         <name>.const:my_chinese</name>
         <load_address>0x64920</load_address>
         <run_address>0x64920</run_address>
         <size>0x320</size>
         <input_file_ref idref="fl-7"/>
      </object_component>
      <object_component id="oc-1d7">
         <name>.const:option_1</name>
         <load_address>0x64c40</load_address>
         <run_address>0x64c40</run_address>
         <size>0x320</size>
         <input_file_ref idref="fl-7"/>
      </object_component>
      <object_component id="oc-1da">
         <name>.const:option_2</name>
         <load_address>0x64f60</load_address>
         <run_address>0x64f60</run_address>
         <size>0x320</size>
         <input_file_ref idref="fl-7"/>
      </object_component>
      <object_component id="oc-1dd">
         <name>.const:option_3</name>
         <load_address>0x65280</load_address>
         <run_address>0x65280</run_address>
         <size>0x190</size>
         <input_file_ref idref="fl-7"/>
      </object_component>
      <object_component id="oc-203">
         <name>.const:g_pppui32XTALtoVCO</name>
         <load_address>0x65410</load_address>
         <run_address>0x65410</run_address>
         <size>0x120</size>
         <input_file_ref idref="fl-d6"/>
      </object_component>
      <object_component id="oc-183">
         <name>.const:g_pui32GPIOBaseAddrs</name>
         <load_address>0x65530</load_address>
         <run_address>0x65530</run_address>
         <size>0x90</size>
         <input_file_ref idref="fl-d9"/>
      </object_component>
      <object_component id="oc-1c3">
         <name>.const</name>
         <load_address>0x655c0</load_address>
         <run_address>0x655c0</run_address>
         <size>0x70</size>
         <input_file_ref idref="fl-d8"/>
      </object_component>
      <object_component id="oc-200">
         <name>.const:g_pui32Xtals</name>
         <load_address>0x65630</load_address>
         <run_address>0x65630</run_address>
         <size>0x6c</size>
         <input_file_ref idref="fl-d6"/>
      </object_component>
      <object_component id="oc-2f4">
         <name>.const:g_sXTALtoMEMTIM</name>
         <load_address>0x6569c</load_address>
         <run_address>0x6569c</run_address>
         <size>0x30</size>
         <input_file_ref idref="fl-d6"/>
      </object_component>
      <object_component id="oc-2d0">
         <name>.const:.string</name>
         <load_address>0x656cc</load_address>
         <run_address>0x656cc</run_address>
         <size>0x12</size>
         <input_file_ref idref="fl-5"/>
      </object_component>
      <object_component id="oc-1ac">
         <name>.const:g_ui32UARTBase</name>
         <load_address>0x656e0</load_address>
         <run_address>0x656e0</run_address>
         <size>0xc</size>
         <input_file_ref idref="fl-5"/>
      </object_component>
      <object_component id="oc-1a6">
         <name>.const:g_ui32UARTPeriph</name>
         <load_address>0x656ec</load_address>
         <run_address>0x656ec</run_address>
         <size>0xc</size>
         <input_file_ref idref="fl-5"/>
      </object_component>
      <object_component id="oc-206">
         <name>.const</name>
         <load_address>0x656f8</load_address>
         <run_address>0x656f8</run_address>
         <size>0x8</size>
         <input_file_ref idref="fl-d6"/>
      </object_component>
      <object_component id="oc-1b4">
         <name>.const</name>
         <load_address>0x65700</load_address>
         <run_address>0x65700</run_address>
         <size>0x4</size>
         <input_file_ref idref="fl-5"/>
      </object_component>
      <object_component id="oc-391">
         <name>.cinit..data.load</name>
         <load_address>0x68cb0</load_address>
         <run_address>0x68cb0</run_address>
         <size>0x27</size>
      </object_component>
      <object_component id="oc-38f">
         <name>__TI_handler_table</name>
         <load_address>0x68cd8</load_address>
         <run_address>0x68cd8</run_address>
         <size>0xc</size>
      </object_component>
      <object_component id="oc-392">
         <name>.cinit..bss.load</name>
         <load_address>0x68ce8</load_address>
         <run_address>0x68ce8</run_address>
         <size>0x8</size>
      </object_component>
      <object_component id="oc-390">
         <name>__TI_cinit_table</name>
         <load_address>0x68cf0</load_address>
         <run_address>0x68cf0</run_address>
         <size>0x10</size>
      </object_component>
      <object_component id="oc-233">
         <name>.data</name>
         <load_address>0x20000229</load_address>
         <run_address>0x20000229</run_address>
         <size>0x2</size>
         <input_file_ref idref="fl-2"/>
      </object_component>
      <object_component id="oc-bc">
         <name>.data</name>
         <load_address>0x20000200</load_address>
         <run_address>0x20000200</run_address>
         <size>0x14</size>
         <input_file_ref idref="fl-3"/>
      </object_component>
      <object_component id="oc-1a9">
         <name>.data</name>
         <load_address>0x20000224</load_address>
         <run_address>0x20000224</run_address>
         <size>0x5</size>
         <input_file_ref idref="fl-5"/>
      </object_component>
      <object_component id="oc-1ce">
         <name>.data</name>
         <load_address>0x2000021c</load_address>
         <run_address>0x2000021c</run_address>
         <size>0x8</size>
         <input_file_ref idref="fl-7"/>
      </object_component>
      <object_component id="oc-24b">
         <name>.data</name>
         <load_address>0x2000022c</load_address>
         <run_address>0x2000022c</run_address>
         <size>0x4</size>
         <input_file_ref idref="fl-c8"/>
      </object_component>
      <object_component id="oc-248">
         <name>.data:$O1$$</name>
         <load_address>0x20000214</load_address>
         <run_address>0x20000214</run_address>
         <size>0x8</size>
         <input_file_ref idref="fl-d1"/>
      </object_component>
      <object_component id="oc-b0">
         <name>.bss</name>
         <uninitialized>true</uninitialized>
         <run_address>0x20000230</run_address>
         <size>0x4</size>
         <input_file_ref idref="fl-3"/>
      </object_component>
      <object_component id="oc-10a">
         <name>.common:key</name>
         <uninitialized>true</uninitialized>
         <run_address>0x20000238</run_address>
         <size>0x4</size>
      </object_component>
      <object_component id="oc-b3">
         <name>.common:g_ui32SysClock</name>
         <uninitialized>true</uninitialized>
         <run_address>0x20000234</run_address>
         <size>0x4</size>
      </object_component>
      <object_component id="oc-113">
         <name>.common:x_stone</name>
         <uninitialized>true</uninitialized>
         <run_address>0x20000240</run_address>
         <size>0x4</size>
      </object_component>
      <object_component id="oc-111">
         <name>.common:x_bullet</name>
         <uninitialized>true</uninitialized>
         <run_address>0x2000023c</run_address>
         <size>0x4</size>
      </object_component>
      <object_component id="oc-114">
         <name>.common:y_stone</name>
         <uninitialized>true</uninitialized>
         <run_address>0x20000248</run_address>
         <size>0x4</size>
      </object_component>
      <object_component id="oc-112">
         <name>.common:y_bullet</name>
         <uninitialized>true</uninitialized>
         <run_address>0x20000244</run_address>
         <size>0x4</size>
      </object_component>
      <object_component id="oc-24">
         <name>.stack</name>
         <uninitialized>true</uninitialized>
         <run_address>0x20000000</run_address>
         <size>0x4</size>
         <input_file_ref idref="fl-c9"/>
      </object_component>
      <object_component id="oc-394">
         <name>.stack</name>
         <uninitialized>true</uninitialized>
         <run_address>0x20000000</run_address>
         <size>0x0</size>
      </object_component>
      <object_component id="oc-25d">
         <name>.debug_info</name>
         <load_address>0x0</load_address>
         <run_address>0x0</run_address>
         <size>0x29e</size>
         <input_file_ref idref="fl-2"/>
      </object_component>
      <object_component id="oc-234">
         <name>.debug_info</name>
         <load_address>0x29e</load_address>
         <run_address>0x29e</run_address>
         <size>0x10c</size>
         <input_file_ref idref="fl-2"/>
      </object_component>
      <object_component id="oc-f3">
         <name>.debug_info</name>
         <load_address>0x3aa</load_address>
         <run_address>0x3aa</run_address>
         <size>0x162</size>
         <input_file_ref idref="fl-2"/>
      </object_component>
      <object_component id="oc-14a">
         <name>.debug_info</name>
         <load_address>0x50c</load_address>
         <run_address>0x50c</run_address>
         <size>0x26b</size>
         <input_file_ref idref="fl-2"/>
      </object_component>
      <object_component id="oc-42">
         <name>.debug_info</name>
         <load_address>0x777</load_address>
         <run_address>0x777</run_address>
         <size>0x84</size>
         <input_file_ref idref="fl-2"/>
      </object_component>
      <object_component id="oc-24f">
         <name>.debug_info</name>
         <load_address>0x7fb</load_address>
         <run_address>0x7fb</run_address>
         <size>0x2a4</size>
         <input_file_ref idref="fl-2"/>
      </object_component>
      <object_component id="oc-11b">
         <name>.debug_info</name>
         <load_address>0xa9f</load_address>
         <run_address>0xa9f</run_address>
         <size>0xbb</size>
         <input_file_ref idref="fl-2"/>
      </object_component>
      <object_component id="oc-b4">
         <name>.debug_info</name>
         <load_address>0xb5a</load_address>
         <run_address>0xb5a</run_address>
         <size>0xa52</size>
         <input_file_ref idref="fl-3"/>
      </object_component>
      <object_component id="oc-c3">
         <name>.debug_info</name>
         <load_address>0x15ac</load_address>
         <run_address>0x15ac</run_address>
         <size>0xeb</size>
         <input_file_ref idref="fl-3"/>
      </object_component>
      <object_component id="oc-102">
         <name>.debug_info</name>
         <load_address>0x1697</load_address>
         <run_address>0x1697</run_address>
         <size>0xf0</size>
         <input_file_ref idref="fl-3"/>
      </object_component>
      <object_component id="oc-c9">
         <name>.debug_info</name>
         <load_address>0x1787</load_address>
         <run_address>0x1787</run_address>
         <size>0x104</size>
         <input_file_ref idref="fl-3"/>
      </object_component>
      <object_component id="oc-b7">
         <name>.debug_info</name>
         <load_address>0x188b</load_address>
         <run_address>0x188b</run_address>
         <size>0x106</size>
         <input_file_ref idref="fl-3"/>
      </object_component>
      <object_component id="oc-c0">
         <name>.debug_info</name>
         <load_address>0x1991</load_address>
         <run_address>0x1991</run_address>
         <size>0xf4</size>
         <input_file_ref idref="fl-3"/>
      </object_component>
      <object_component id="oc-c6">
         <name>.debug_info</name>
         <load_address>0x1a85</load_address>
         <run_address>0x1a85</run_address>
         <size>0xee</size>
         <input_file_ref idref="fl-3"/>
      </object_component>
      <object_component id="oc-ba">
         <name>.debug_info</name>
         <load_address>0x1b73</load_address>
         <run_address>0x1b73</run_address>
         <size>0xf5</size>
         <input_file_ref idref="fl-3"/>
      </object_component>
      <object_component id="oc-bd">
         <name>.debug_info</name>
         <load_address>0x1c68</load_address>
         <run_address>0x1c68</run_address>
         <size>0x1af</size>
         <input_file_ref idref="fl-3"/>
      </object_component>
      <object_component id="oc-b1">
         <name>.debug_info</name>
         <load_address>0x1e17</load_address>
         <run_address>0x1e17</run_address>
         <size>0xfc</size>
         <input_file_ref idref="fl-3"/>
      </object_component>
      <object_component id="oc-2e">
         <name>.debug_info</name>
         <load_address>0x1f13</load_address>
         <run_address>0x1f13</run_address>
         <size>0x130a</size>
         <input_file_ref idref="fl-3"/>
      </object_component>
      <object_component id="oc-116">
         <name>.debug_info</name>
         <load_address>0x321d</load_address>
         <run_address>0x321d</run_address>
         <size>0x8b</size>
         <input_file_ref idref="fl-3"/>
      </object_component>
      <object_component id="oc-266">
         <name>.debug_info</name>
         <load_address>0x32a8</load_address>
         <run_address>0x32a8</run_address>
         <size>0x2c</size>
         <input_file_ref idref="fl-3"/>
      </object_component>
      <object_component id="oc-1b9">
         <name>.debug_info</name>
         <load_address>0x32d4</load_address>
         <run_address>0x32d4</run_address>
         <size>0x2c</size>
         <input_file_ref idref="fl-3"/>
      </object_component>
      <object_component id="oc-3b">
         <name>.debug_info</name>
         <load_address>0x3300</load_address>
         <run_address>0x3300</run_address>
         <size>0x362</size>
         <input_file_ref idref="fl-4"/>
      </object_component>
      <object_component id="oc-13">
         <name>.debug_info</name>
         <load_address>0x3662</load_address>
         <run_address>0x3662</run_address>
         <size>0x10b</size>
         <input_file_ref idref="fl-4"/>
      </object_component>
      <object_component id="oc-2b">
         <name>.debug_info</name>
         <load_address>0x376d</load_address>
         <run_address>0x376d</run_address>
         <size>0x28a</size>
         <input_file_ref idref="fl-4"/>
      </object_component>
      <object_component id="oc-1b8">
         <name>.debug_info</name>
         <load_address>0x39f7</load_address>
         <run_address>0x39f7</run_address>
         <size>0x3ff</size>
         <input_file_ref idref="fl-5"/>
      </object_component>
      <object_component id="oc-1aa">
         <name>.debug_info</name>
         <load_address>0x3df6</load_address>
         <run_address>0x3df6</run_address>
         <size>0xf6</size>
         <input_file_ref idref="fl-5"/>
      </object_component>
      <object_component id="oc-1b5">
         <name>.debug_info</name>
         <load_address>0x3eec</load_address>
         <run_address>0x3eec</run_address>
         <size>0xf0</size>
         <input_file_ref idref="fl-5"/>
      </object_component>
      <object_component id="oc-1ad">
         <name>.debug_info</name>
         <load_address>0x3fdc</load_address>
         <run_address>0x3fdc</run_address>
         <size>0xfe</size>
         <input_file_ref idref="fl-5"/>
      </object_component>
      <object_component id="oc-1a7">
         <name>.debug_info</name>
         <load_address>0x40da</load_address>
         <run_address>0x40da</run_address>
         <size>0x102</size>
         <input_file_ref idref="fl-5"/>
      </object_component>
      <object_component id="oc-88">
         <name>.debug_info</name>
         <load_address>0x41dc</load_address>
         <run_address>0x41dc</run_address>
         <size>0x79f</size>
         <input_file_ref idref="fl-5"/>
      </object_component>
      <object_component id="oc-ea">
         <name>.debug_info</name>
         <load_address>0x497b</load_address>
         <run_address>0x497b</run_address>
         <size>0x2ad</size>
         <input_file_ref idref="fl-6"/>
      </object_component>
      <object_component id="oc-1e1">
         <name>.debug_info</name>
         <load_address>0x4c28</load_address>
         <run_address>0x4c28</run_address>
         <size>0x65e</size>
         <input_file_ref idref="fl-7"/>
      </object_component>
      <object_component id="oc-1d8">
         <name>.debug_info</name>
         <load_address>0x5286</load_address>
         <run_address>0x5286</run_address>
         <size>0x10c</size>
         <input_file_ref idref="fl-7"/>
      </object_component>
      <object_component id="oc-1db">
         <name>.debug_info</name>
         <load_address>0x5392</load_address>
         <run_address>0x5392</run_address>
         <size>0x10c</size>
         <input_file_ref idref="fl-7"/>
      </object_component>
      <object_component id="oc-1de">
         <name>.debug_info</name>
         <load_address>0x549e</load_address>
         <run_address>0x549e</run_address>
         <size>0x10c</size>
         <input_file_ref idref="fl-7"/>
      </object_component>
      <object_component id="oc-1d5">
         <name>.debug_info</name>
         <load_address>0x55aa</load_address>
         <run_address>0x55aa</run_address>
         <size>0x111</size>
         <input_file_ref idref="fl-7"/>
      </object_component>
      <object_component id="oc-1d2">
         <name>.debug_info</name>
         <load_address>0x56bb</load_address>
         <run_address>0x56bb</run_address>
         <size>0x10f</size>
         <input_file_ref idref="fl-7"/>
      </object_component>
      <object_component id="oc-1cf">
         <name>.debug_info</name>
         <load_address>0x57ca</load_address>
         <run_address>0x57ca</run_address>
         <size>0x137</size>
         <input_file_ref idref="fl-7"/>
      </object_component>
      <object_component id="oc-ae">
         <name>.debug_info</name>
         <load_address>0x5901</load_address>
         <run_address>0x5901</run_address>
         <size>0x23e7</size>
         <input_file_ref idref="fl-7"/>
      </object_component>
      <object_component id="oc-2ef">
         <name>.debug_info</name>
         <load_address>0x7ce8</load_address>
         <run_address>0x7ce8</run_address>
         <size>0x6bd</size>
         <input_file_ref idref="fl-7"/>
      </object_component>
      <object_component id="oc-2de">
         <name>.debug_info</name>
         <load_address>0x83a5</load_address>
         <run_address>0x83a5</run_address>
         <size>0x39</size>
         <input_file_ref idref="fl-7"/>
      </object_component>
      <object_component id="oc-146">
         <name>.debug_info</name>
         <load_address>0x83de</load_address>
         <run_address>0x83de</run_address>
         <size>0x503</size>
         <input_file_ref idref="fl-8"/>
      </object_component>
      <object_component id="oc-37">
         <name>.debug_info</name>
         <load_address>0x88e1</load_address>
         <run_address>0x88e1</run_address>
         <size>0xb25</size>
         <input_file_ref idref="fl-8"/>
      </object_component>
      <object_component id="oc-1b0">
         <name>.debug_info</name>
         <load_address>0x9406</load_address>
         <run_address>0x9406</run_address>
         <size>0x142</size>
         <input_file_ref idref="fl-c4"/>
      </object_component>
      <object_component id="oc-163">
         <name>.debug_info</name>
         <load_address>0x9548</load_address>
         <run_address>0x9548</run_address>
         <size>0x2d4</size>
         <input_file_ref idref="fl-c5"/>
      </object_component>
      <object_component id="oc-57">
         <name>.debug_info</name>
         <load_address>0x981c</load_address>
         <run_address>0x981c</run_address>
         <size>0x1d2</size>
         <input_file_ref idref="fl-c5"/>
      </object_component>
      <object_component id="oc-15e">
         <name>.debug_info</name>
         <load_address>0x99ee</load_address>
         <run_address>0x99ee</run_address>
         <size>0x46</size>
         <input_file_ref idref="fl-c5"/>
      </object_component>
      <object_component id="oc-52">
         <name>.debug_info</name>
         <load_address>0x9a34</load_address>
         <run_address>0x9a34</run_address>
         <size>0x2a8</size>
         <input_file_ref idref="fl-c6"/>
      </object_component>
      <object_component id="oc-1c">
         <name>.debug_info</name>
         <load_address>0x9cdc</load_address>
         <run_address>0x9cdc</run_address>
         <size>0x1ea</size>
         <input_file_ref idref="fl-c6"/>
      </object_component>
      <object_component id="oc-4d">
         <name>.debug_info</name>
         <load_address>0x9ec6</load_address>
         <run_address>0x9ec6</run_address>
         <size>0x46</size>
         <input_file_ref idref="fl-c6"/>
      </object_component>
      <object_component id="oc-156">
         <name>.debug_info</name>
         <load_address>0x9f0c</load_address>
         <run_address>0x9f0c</run_address>
         <size>0x2c</size>
         <input_file_ref idref="fl-c6"/>
      </object_component>
      <object_component id="oc-154">
         <name>.debug_info</name>
         <load_address>0x9f38</load_address>
         <run_address>0x9f38</run_address>
         <size>0x29e</size>
         <input_file_ref idref="fl-c7"/>
      </object_component>
      <object_component id="oc-19">
         <name>.debug_info</name>
         <load_address>0xa1d6</load_address>
         <run_address>0xa1d6</run_address>
         <size>0x250</size>
         <input_file_ref idref="fl-c7"/>
      </object_component>
      <object_component id="oc-3d">
         <name>.debug_info</name>
         <load_address>0xa426</load_address>
         <run_address>0xa426</run_address>
         <size>0x60</size>
         <input_file_ref idref="fl-c7"/>
      </object_component>
      <object_component id="oc-25f">
         <name>.debug_info</name>
         <load_address>0xa486</load_address>
         <run_address>0xa486</run_address>
         <size>0x46</size>
         <input_file_ref idref="fl-c7"/>
      </object_component>
      <object_component id="oc-14f">
         <name>.debug_info</name>
         <load_address>0xa4cc</load_address>
         <run_address>0xa4cc</run_address>
         <size>0x39</size>
         <input_file_ref idref="fl-c7"/>
      </object_component>
      <object_component id="oc-24c">
         <name>.debug_info</name>
         <load_address>0xa505</load_address>
         <run_address>0xa505</run_address>
         <size>0xfb</size>
         <input_file_ref idref="fl-c8"/>
      </object_component>
      <object_component id="oc-10f">
         <name>.debug_info</name>
         <load_address>0xa600</load_address>
         <run_address>0xa600</run_address>
         <size>0x13d</size>
         <input_file_ref idref="fl-c8"/>
      </object_component>
      <object_component id="oc-25">
         <name>.debug_info</name>
         <load_address>0xa73d</load_address>
         <run_address>0xa73d</run_address>
         <size>0x10b</size>
         <input_file_ref idref="fl-c9"/>
      </object_component>
      <object_component id="oc-67">
         <name>.debug_info</name>
         <load_address>0xa848</load_address>
         <run_address>0xa848</run_address>
         <size>0x1a9</size>
         <input_file_ref idref="fl-c9"/>
      </object_component>
      <object_component id="oc-2cd">
         <name>.debug_info</name>
         <load_address>0xa9f1</load_address>
         <run_address>0xa9f1</run_address>
         <size>0x115</size>
         <input_file_ref idref="fl-ca"/>
      </object_component>
      <object_component id="oc-49">
         <name>.debug_info</name>
         <load_address>0xab06</load_address>
         <run_address>0xab06</run_address>
         <size>0x119</size>
         <input_file_ref idref="fl-cc"/>
      </object_component>
      <object_component id="oc-323">
         <name>.debug_info</name>
         <load_address>0xac1f</load_address>
         <run_address>0xac1f</run_address>
         <size>0x4b3</size>
         <input_file_ref idref="fl-cd"/>
      </object_component>
      <object_component id="oc-27d">
         <name>.debug_info</name>
         <load_address>0xb0d2</load_address>
         <run_address>0xb0d2</run_address>
         <size>0x1a6</size>
         <input_file_ref idref="fl-cd"/>
      </object_component>
      <object_component id="oc-349">
         <name>.debug_info</name>
         <load_address>0xb278</load_address>
         <run_address>0xb278</run_address>
         <size>0x39</size>
         <input_file_ref idref="fl-cd"/>
      </object_component>
      <object_component id="oc-35a">
         <name>.debug_info</name>
         <load_address>0xb2b1</load_address>
         <run_address>0xb2b1</run_address>
         <size>0x39</size>
         <input_file_ref idref="fl-cd"/>
      </object_component>
      <object_component id="oc-34e">
         <name>.debug_info</name>
         <load_address>0xb2ea</load_address>
         <run_address>0xb2ea</run_address>
         <size>0x39</size>
         <input_file_ref idref="fl-cd"/>
      </object_component>
      <object_component id="oc-353">
         <name>.debug_info</name>
         <load_address>0xb323</load_address>
         <run_address>0xb323</run_address>
         <size>0xcd</size>
         <input_file_ref idref="fl-cd"/>
      </object_component>
      <object_component id="oc-16b">
         <name>.debug_info</name>
         <load_address>0xb3f0</load_address>
         <run_address>0xb3f0</run_address>
         <size>0x153</size>
         <input_file_ref idref="fl-ce"/>
      </object_component>
      <object_component id="oc-273">
         <name>.debug_info</name>
         <load_address>0xb543</load_address>
         <run_address>0xb543</run_address>
         <size>0x122</size>
         <input_file_ref idref="fl-d0"/>
      </object_component>
      <object_component id="oc-313">
         <name>.debug_info</name>
         <load_address>0xb665</load_address>
         <run_address>0xb665</run_address>
         <size>0x2c9</size>
         <input_file_ref idref="fl-d1"/>
      </object_component>
      <object_component id="oc-249">
         <name>.debug_info</name>
         <load_address>0xb92e</load_address>
         <run_address>0xb92e</run_address>
         <size>0x11e</size>
         <input_file_ref idref="fl-d1"/>
      </object_component>
      <object_component id="oc-30c">
         <name>.debug_info</name>
         <load_address>0xba4c</load_address>
         <run_address>0xba4c</run_address>
         <size>0x12e</size>
         <input_file_ref idref="fl-d1"/>
      </object_component>
      <object_component id="oc-2c0">
         <name>.debug_info</name>
         <load_address>0xbb7a</load_address>
         <run_address>0xbb7a</run_address>
         <size>0x1ce</size>
         <input_file_ref idref="fl-d3"/>
      </object_component>
      <object_component id="oc-195">
         <name>.debug_info</name>
         <load_address>0xbd48</load_address>
         <run_address>0xbd48</run_address>
         <size>0x1ab</size>
         <input_file_ref idref="fl-d3"/>
      </object_component>
      <object_component id="oc-2ba">
         <name>.debug_info</name>
         <load_address>0xbef3</load_address>
         <run_address>0xbef3</run_address>
         <size>0x233</size>
         <input_file_ref idref="fl-d3"/>
      </object_component>
      <object_component id="oc-18f">
         <name>.debug_info</name>
         <load_address>0xc126</load_address>
         <run_address>0xc126</run_address>
         <size>0x28a</size>
         <input_file_ref idref="fl-d3"/>
      </object_component>
      <object_component id="oc-19b">
         <name>.debug_info</name>
         <load_address>0xc3b0</load_address>
         <run_address>0xc3b0</run_address>
         <size>0x25d</size>
         <input_file_ref idref="fl-d3"/>
      </object_component>
      <object_component id="oc-1a1">
         <name>.debug_info</name>
         <load_address>0xc60d</load_address>
         <run_address>0xc60d</run_address>
         <size>0x237</size>
         <input_file_ref idref="fl-d3"/>
      </object_component>
      <object_component id="oc-20a">
         <name>.debug_info</name>
         <load_address>0xc844</load_address>
         <run_address>0xc844</run_address>
         <size>0x90</size>
         <input_file_ref idref="fl-d3"/>
      </object_component>
      <object_component id="oc-17d">
         <name>.debug_info</name>
         <load_address>0xc8d4</load_address>
         <run_address>0xc8d4</run_address>
         <size>0x18b</size>
         <input_file_ref idref="fl-d3"/>
      </object_component>
      <object_component id="oc-1bf">
         <name>.debug_info</name>
         <load_address>0xca5f</load_address>
         <run_address>0xca5f</run_address>
         <size>0x1cf</size>
         <input_file_ref idref="fl-d4"/>
      </object_component>
      <object_component id="oc-93">
         <name>.debug_info</name>
         <load_address>0xcc2e</load_address>
         <run_address>0xcc2e</run_address>
         <size>0x21e</size>
         <input_file_ref idref="fl-d4"/>
      </object_component>
      <object_component id="oc-9a">
         <name>.debug_info</name>
         <load_address>0xce4c</load_address>
         <run_address>0xce4c</run_address>
         <size>0x1f8</size>
         <input_file_ref idref="fl-d4"/>
      </object_component>
      <object_component id="oc-107">
         <name>.debug_info</name>
         <load_address>0xd044</load_address>
         <run_address>0xd044</run_address>
         <size>0x1f6</size>
         <input_file_ref idref="fl-d4"/>
      </object_component>
      <object_component id="oc-a1">
         <name>.debug_info</name>
         <load_address>0xd23a</load_address>
         <run_address>0xd23a</run_address>
         <size>0x1e3</size>
         <input_file_ref idref="fl-d4"/>
      </object_component>
      <object_component id="oc-8e">
         <name>.debug_info</name>
         <load_address>0xd41d</load_address>
         <run_address>0xd41d</run_address>
         <size>0x1f0</size>
         <input_file_ref idref="fl-d4"/>
      </object_component>
      <object_component id="oc-210">
         <name>.debug_info</name>
         <load_address>0xd60d</load_address>
         <run_address>0xd60d</run_address>
         <size>0x144</size>
         <input_file_ref idref="fl-d5"/>
      </object_component>
      <object_component id="oc-d2">
         <name>.debug_info</name>
         <load_address>0xd751</load_address>
         <run_address>0xd751</run_address>
         <size>0x1c5</size>
         <input_file_ref idref="fl-d5"/>
      </object_component>
      <object_component id="oc-de">
         <name>.debug_info</name>
         <load_address>0xd916</load_address>
         <run_address>0xd916</run_address>
         <size>0x18b</size>
         <input_file_ref idref="fl-d5"/>
      </object_component>
      <object_component id="oc-e4">
         <name>.debug_info</name>
         <load_address>0xdaa1</load_address>
         <run_address>0xdaa1</run_address>
         <size>0x185</size>
         <input_file_ref idref="fl-d5"/>
      </object_component>
      <object_component id="oc-182">
         <name>.debug_info</name>
         <load_address>0xdc26</load_address>
         <run_address>0xdc26</run_address>
         <size>0x226</size>
         <input_file_ref idref="fl-d6"/>
      </object_component>
      <object_component id="oc-201">
         <name>.debug_info</name>
         <load_address>0xde4c</load_address>
         <run_address>0xde4c</run_address>
         <size>0xff</size>
         <input_file_ref idref="fl-d6"/>
      </object_component>
      <object_component id="oc-204">
         <name>.debug_info</name>
         <load_address>0xdf4b</load_address>
         <run_address>0xdf4b</run_address>
         <size>0x10b</size>
         <input_file_ref idref="fl-d6"/>
      </object_component>
      <object_component id="oc-2f5">
         <name>.debug_info</name>
         <load_address>0xe056</load_address>
         <run_address>0xe056</run_address>
         <size>0x105</size>
         <input_file_ref idref="fl-d6"/>
      </object_component>
      <object_component id="oc-207">
         <name>.debug_info</name>
         <load_address>0xe15b</load_address>
         <run_address>0xe15b</run_address>
         <size>0x112</size>
         <input_file_ref idref="fl-d6"/>
      </object_component>
      <object_component id="oc-189">
         <name>.debug_info</name>
         <load_address>0xe26d</load_address>
         <run_address>0xe26d</run_address>
         <size>0x1e7</size>
         <input_file_ref idref="fl-d6"/>
      </object_component>
      <object_component id="oc-7b">
         <name>.debug_info</name>
         <load_address>0xe454</load_address>
         <run_address>0xe454</run_address>
         <size>0x1e1</size>
         <input_file_ref idref="fl-d6"/>
      </object_component>
      <object_component id="oc-1c9">
         <name>.debug_info</name>
         <load_address>0xe635</load_address>
         <run_address>0xe635</run_address>
         <size>0x1eb</size>
         <input_file_ref idref="fl-d6"/>
      </object_component>
      <object_component id="oc-1f5">
         <name>.debug_info</name>
         <load_address>0xe820</load_address>
         <run_address>0xe820</run_address>
         <size>0x264</size>
         <input_file_ref idref="fl-d6"/>
      </object_component>
      <object_component id="oc-1fb">
         <name>.debug_info</name>
         <load_address>0xea84</load_address>
         <run_address>0xea84</run_address>
         <size>0x21e</size>
         <input_file_ref idref="fl-d6"/>
      </object_component>
      <object_component id="oc-cc">
         <name>.debug_info</name>
         <load_address>0xeca2</load_address>
         <run_address>0xeca2</run_address>
         <size>0x4c5</size>
         <input_file_ref idref="fl-d6"/>
      </object_component>
      <object_component id="oc-2af">
         <name>.debug_info</name>
         <load_address>0xf167</load_address>
         <run_address>0xf167</run_address>
         <size>0x5f</size>
         <input_file_ref idref="fl-d6"/>
      </object_component>
      <object_component id="oc-256">
         <name>.debug_info</name>
         <load_address>0xf1c6</load_address>
         <run_address>0xf1c6</run_address>
         <size>0x1c3</size>
         <input_file_ref idref="fl-d7"/>
      </object_component>
      <object_component id="oc-12e">
         <name>.debug_info</name>
         <load_address>0xf389</load_address>
         <run_address>0xf389</run_address>
         <size>0x1a6</size>
         <input_file_ref idref="fl-d7"/>
      </object_component>
      <object_component id="oc-133">
         <name>.debug_info</name>
         <load_address>0xf52f</load_address>
         <run_address>0xf52f</run_address>
         <size>0x1fe</size>
         <input_file_ref idref="fl-d7"/>
      </object_component>
      <object_component id="oc-127">
         <name>.debug_info</name>
         <load_address>0xf72d</load_address>
         <run_address>0xf72d</run_address>
         <size>0x3c2</size>
         <input_file_ref idref="fl-d7"/>
      </object_component>
      <object_component id="oc-1c7">
         <name>.debug_info</name>
         <load_address>0xfaef</load_address>
         <run_address>0xfaef</run_address>
         <size>0x1ba</size>
         <input_file_ref idref="fl-d8"/>
      </object_component>
      <object_component id="oc-1c4">
         <name>.debug_info</name>
         <load_address>0xfca9</load_address>
         <run_address>0xfca9</run_address>
         <size>0x1c2</size>
         <input_file_ref idref="fl-d8"/>
      </object_component>
      <object_component id="oc-da">
         <name>.debug_info</name>
         <load_address>0xfe6b</load_address>
         <run_address>0xfe6b</run_address>
         <size>0x1a2</size>
         <input_file_ref idref="fl-d8"/>
      </object_component>
      <object_component id="oc-a6">
         <name>.debug_info</name>
         <load_address>0x1000d</load_address>
         <run_address>0x1000d</run_address>
         <size>0x1cc</size>
         <input_file_ref idref="fl-d8"/>
      </object_component>
      <object_component id="oc-187">
         <name>.debug_info</name>
         <load_address>0x101d9</load_address>
         <run_address>0x101d9</run_address>
         <size>0x1d7</size>
         <input_file_ref idref="fl-d9"/>
      </object_component>
      <object_component id="oc-184">
         <name>.debug_info</name>
         <load_address>0x103b0</load_address>
         <run_address>0x103b0</run_address>
         <size>0x10d</size>
         <input_file_ref idref="fl-d9"/>
      </object_component>
      <object_component id="oc-fc">
         <name>.debug_info</name>
         <load_address>0x104bd</load_address>
         <run_address>0x104bd</run_address>
         <size>0x207</size>
         <input_file_ref idref="fl-d9"/>
      </object_component>
      <object_component id="oc-23e">
         <name>.debug_info</name>
         <load_address>0x106c4</load_address>
         <run_address>0x106c4</run_address>
         <size>0x217</size>
         <input_file_ref idref="fl-d9"/>
      </object_component>
      <object_component id="oc-238">
         <name>.debug_info</name>
         <load_address>0x108db</load_address>
         <run_address>0x108db</run_address>
         <size>0x312</size>
         <input_file_ref idref="fl-d9"/>
      </object_component>
      <object_component id="oc-121">
         <name>.debug_info</name>
         <load_address>0x10bed</load_address>
         <run_address>0x10bed</run_address>
         <size>0x1dd</size>
         <input_file_ref idref="fl-d9"/>
      </object_component>
      <object_component id="oc-f6">
         <name>.debug_info</name>
         <load_address>0x10dca</load_address>
         <run_address>0x10dca</run_address>
         <size>0x1eb</size>
         <input_file_ref idref="fl-d9"/>
      </object_component>
      <object_component id="oc-139">
         <name>.debug_info</name>
         <load_address>0x10fb5</load_address>
         <run_address>0x10fb5</run_address>
         <size>0x1e9</size>
         <input_file_ref idref="fl-d9"/>
      </object_component>
      <object_component id="oc-21b">
         <name>.debug_info</name>
         <load_address>0x1119e</load_address>
         <run_address>0x1119e</run_address>
         <size>0x1dd</size>
         <input_file_ref idref="fl-d9"/>
      </object_component>
      <object_component id="oc-140">
         <name>.debug_info</name>
         <load_address>0x1137b</load_address>
         <run_address>0x1137b</run_address>
         <size>0x1df</size>
         <input_file_ref idref="fl-d9"/>
      </object_component>
      <object_component id="oc-81">
         <name>.debug_info</name>
         <load_address>0x1155a</load_address>
         <run_address>0x1155a</run_address>
         <size>0x1e4</size>
         <input_file_ref idref="fl-d9"/>
      </object_component>
      <object_component id="oc-304">
         <name>.debug_info</name>
         <load_address>0x1173e</load_address>
         <run_address>0x1173e</run_address>
         <size>0x1a6</size>
         <input_file_ref idref="fl-da"/>
      </object_component>
      <object_component id="oc-221">
         <name>.debug_info</name>
         <load_address>0x118e4</load_address>
         <run_address>0x118e4</run_address>
         <size>0x1d8</size>
         <input_file_ref idref="fl-da"/>
      </object_component>
      <object_component id="oc-227">
         <name>.debug_info</name>
         <load_address>0x11abc</load_address>
         <run_address>0x11abc</run_address>
         <size>0x22c</size>
         <input_file_ref idref="fl-da"/>
      </object_component>
      <object_component id="oc-22d">
         <name>.debug_info</name>
         <load_address>0x11ce8</load_address>
         <run_address>0x11ce8</run_address>
         <size>0x1e2</size>
         <input_file_ref idref="fl-da"/>
      </object_component>
      <object_component id="oc-212">
         <name>.debug_info</name>
         <load_address>0x11eca</load_address>
         <run_address>0x11eca</run_address>
         <size>0x176</size>
         <input_file_ref idref="fl-db"/>
      </object_component>
      <object_component id="oc-395">
         <name>.debug_info</name>
         <load_address>0x12040</load_address>
         <run_address>0x12040</run_address>
         <size>0xbd</size>
      </object_component>
      <object_component id="oc-31a">
         <name>.debug_line</name>
         <load_address>0x0</load_address>
         <run_address>0x0</run_address>
         <size>0x2c</size>
         <input_file_ref idref="fl-2"/>
      </object_component>
      <object_component id="oc-308">
         <name>.debug_line</name>
         <load_address>0x2c</load_address>
         <run_address>0x2c</run_address>
         <size>0x2c</size>
         <input_file_ref idref="fl-2"/>
      </object_component>
      <object_component id="oc-f2">
         <name>.debug_line</name>
         <load_address>0x58</load_address>
         <run_address>0x58</run_address>
         <size>0x143</size>
         <input_file_ref idref="fl-2"/>
      </object_component>
      <object_component id="oc-14d">
         <name>.debug_line</name>
         <load_address>0x19b</load_address>
         <run_address>0x19b</run_address>
         <size>0x6f</size>
         <input_file_ref idref="fl-2"/>
      </object_component>
      <object_component id="oc-45">
         <name>.debug_line</name>
         <load_address>0x20a</load_address>
         <run_address>0x20a</run_address>
         <size>0x20</size>
         <input_file_ref idref="fl-2"/>
      </object_component>
      <object_component id="oc-252">
         <name>.debug_line</name>
         <load_address>0x22a</load_address>
         <run_address>0x22a</run_address>
         <size>0x73</size>
         <input_file_ref idref="fl-2"/>
      </object_component>
      <object_component id="oc-11e">
         <name>.debug_line</name>
         <load_address>0x29d</load_address>
         <run_address>0x29d</run_address>
         <size>0x70</size>
         <input_file_ref idref="fl-2"/>
      </object_component>
      <object_component id="oc-1e5">
         <name>.debug_line</name>
         <load_address>0x30d</load_address>
         <run_address>0x30d</run_address>
         <size>0x258</size>
         <input_file_ref idref="fl-3"/>
      </object_component>
      <object_component id="oc-1ef">
         <name>.debug_line</name>
         <load_address>0x565</load_address>
         <run_address>0x565</run_address>
         <size>0x30</size>
         <input_file_ref idref="fl-3"/>
      </object_component>
      <object_component id="oc-246">
         <name>.debug_line</name>
         <load_address>0x595</load_address>
         <run_address>0x595</run_address>
         <size>0x30</size>
         <input_file_ref idref="fl-3"/>
      </object_component>
      <object_component id="oc-1f3">
         <name>.debug_line</name>
         <load_address>0x5c5</load_address>
         <run_address>0x5c5</run_address>
         <size>0x30</size>
         <input_file_ref idref="fl-3"/>
      </object_component>
      <object_component id="oc-1e7">
         <name>.debug_line</name>
         <load_address>0x5f5</load_address>
         <run_address>0x5f5</run_address>
         <size>0x30</size>
         <input_file_ref idref="fl-3"/>
      </object_component>
      <object_component id="oc-1ed">
         <name>.debug_line</name>
         <load_address>0x625</load_address>
         <run_address>0x625</run_address>
         <size>0x30</size>
         <input_file_ref idref="fl-3"/>
      </object_component>
      <object_component id="oc-1f1">
         <name>.debug_line</name>
         <load_address>0x655</load_address>
         <run_address>0x655</run_address>
         <size>0x30</size>
         <input_file_ref idref="fl-3"/>
      </object_component>
      <object_component id="oc-1e9">
         <name>.debug_line</name>
         <load_address>0x685</load_address>
         <run_address>0x685</run_address>
         <size>0x34</size>
         <input_file_ref idref="fl-3"/>
      </object_component>
      <object_component id="oc-1eb">
         <name>.debug_line</name>
         <load_address>0x6b9</load_address>
         <run_address>0x6b9</run_address>
         <size>0x32</size>
         <input_file_ref idref="fl-3"/>
      </object_component>
      <object_component id="oc-1e3">
         <name>.debug_line</name>
         <load_address>0x6eb</load_address>
         <run_address>0x6eb</run_address>
         <size>0x32</size>
         <input_file_ref idref="fl-3"/>
      </object_component>
      <object_component id="oc-31">
         <name>.debug_line</name>
         <load_address>0x71d</load_address>
         <run_address>0x71d</run_address>
         <size>0x5a6</size>
         <input_file_ref idref="fl-3"/>
      </object_component>
      <object_component id="oc-119">
         <name>.debug_line</name>
         <load_address>0xcc3</load_address>
         <run_address>0xcc3</run_address>
         <size>0x20</size>
         <input_file_ref idref="fl-3"/>
      </object_component>
      <object_component id="oc-269">
         <name>.debug_line</name>
         <load_address>0xce3</load_address>
         <run_address>0xce3</run_address>
         <size>0x6b</size>
         <input_file_ref idref="fl-3"/>
      </object_component>
      <object_component id="oc-1bc">
         <name>.debug_line</name>
         <load_address>0xd4e</load_address>
         <run_address>0xd4e</run_address>
         <size>0x6b</size>
         <input_file_ref idref="fl-3"/>
      </object_component>
      <object_component id="oc-149">
         <name>.debug_line</name>
         <load_address>0xdb9</load_address>
         <run_address>0xdb9</run_address>
         <size>0x42</size>
         <input_file_ref idref="fl-4"/>
      </object_component>
      <object_component id="oc-3a">
         <name>.debug_line</name>
         <load_address>0xdfb</load_address>
         <run_address>0xdfb</run_address>
         <size>0x42</size>
         <input_file_ref idref="fl-4"/>
      </object_component>
      <object_component id="oc-2a">
         <name>.debug_line</name>
         <load_address>0xe3d</load_address>
         <run_address>0xe3d</run_address>
         <size>0xa2</size>
         <input_file_ref idref="fl-4"/>
      </object_component>
      <object_component id="oc-2d4">
         <name>.debug_line</name>
         <load_address>0xedf</load_address>
         <run_address>0xedf</run_address>
         <size>0xa2</size>
         <input_file_ref idref="fl-5"/>
      </object_component>
      <object_component id="oc-2c7">
         <name>.debug_line</name>
         <load_address>0xf81</load_address>
         <run_address>0xf81</run_address>
         <size>0x32</size>
         <input_file_ref idref="fl-5"/>
      </object_component>
      <object_component id="oc-2d2">
         <name>.debug_line</name>
         <load_address>0xfb3</load_address>
         <run_address>0xfb3</run_address>
         <size>0x32</size>
         <input_file_ref idref="fl-5"/>
      </object_component>
      <object_component id="oc-2c9">
         <name>.debug_line</name>
         <load_address>0xfe5</load_address>
         <run_address>0xfe5</run_address>
         <size>0x32</size>
         <input_file_ref idref="fl-5"/>
      </object_component>
      <object_component id="oc-2c5">
         <name>.debug_line</name>
         <load_address>0x1017</load_address>
         <run_address>0x1017</run_address>
         <size>0x32</size>
         <input_file_ref idref="fl-5"/>
      </object_component>
      <object_component id="oc-8b">
         <name>.debug_line</name>
         <load_address>0x1049</load_address>
         <run_address>0x1049</run_address>
         <size>0x280</size>
         <input_file_ref idref="fl-5"/>
      </object_component>
      <object_component id="oc-ee">
         <name>.debug_line</name>
         <load_address>0x12c9</load_address>
         <run_address>0x12c9</run_address>
         <size>0x71</size>
         <input_file_ref idref="fl-6"/>
      </object_component>
      <object_component id="oc-2ee">
         <name>.debug_line</name>
         <load_address>0x133a</load_address>
         <run_address>0x133a</run_address>
         <size>0xa2</size>
         <input_file_ref idref="fl-7"/>
      </object_component>
      <object_component id="oc-2e8">
         <name>.debug_line</name>
         <load_address>0x13dc</load_address>
         <run_address>0x13dc</run_address>
         <size>0x35</size>
         <input_file_ref idref="fl-7"/>
      </object_component>
      <object_component id="oc-2ea">
         <name>.debug_line</name>
         <load_address>0x1411</load_address>
         <run_address>0x1411</run_address>
         <size>0x35</size>
         <input_file_ref idref="fl-7"/>
      </object_component>
      <object_component id="oc-2ec">
         <name>.debug_line</name>
         <load_address>0x1446</load_address>
         <run_address>0x1446</run_address>
         <size>0x35</size>
         <input_file_ref idref="fl-7"/>
      </object_component>
      <object_component id="oc-2e6">
         <name>.debug_line</name>
         <load_address>0x147b</load_address>
         <run_address>0x147b</run_address>
         <size>0x35</size>
         <input_file_ref idref="fl-7"/>
      </object_component>
      <object_component id="oc-2e4">
         <name>.debug_line</name>
         <load_address>0x14b0</load_address>
         <run_address>0x14b0</run_address>
         <size>0x35</size>
         <input_file_ref idref="fl-7"/>
      </object_component>
      <object_component id="oc-2dd">
         <name>.debug_line</name>
         <load_address>0x14e5</load_address>
         <run_address>0x14e5</run_address>
         <size>0x4b</size>
         <input_file_ref idref="fl-7"/>
      </object_component>
      <object_component id="oc-ac">
         <name>.debug_line</name>
         <load_address>0x1530</load_address>
         <run_address>0x1530</run_address>
         <size>0x742</size>
         <input_file_ref idref="fl-7"/>
      </object_component>
      <object_component id="oc-2f2">
         <name>.debug_line</name>
         <load_address>0x1c72</load_address>
         <run_address>0x1c72</run_address>
         <size>0x5d</size>
         <input_file_ref idref="fl-7"/>
      </object_component>
      <object_component id="oc-2e1">
         <name>.debug_line</name>
         <load_address>0x1ccf</load_address>
         <run_address>0x1ccf</run_address>
         <size>0x4b</size>
         <input_file_ref idref="fl-7"/>
      </object_component>
      <object_component id="oc-25c">
         <name>.debug_line</name>
         <load_address>0x1d1a</load_address>
         <run_address>0x1d1a</run_address>
         <size>0x147</size>
         <input_file_ref idref="fl-8"/>
      </object_component>
      <object_component id="oc-35">
         <name>.debug_line</name>
         <load_address>0x1e61</load_address>
         <run_address>0x1e61</run_address>
         <size>0x219</size>
         <input_file_ref idref="fl-8"/>
      </object_component>
      <object_component id="oc-1b3">
         <name>.debug_line</name>
         <load_address>0x207a</load_address>
         <run_address>0x207a</run_address>
         <size>0x5b</size>
         <input_file_ref idref="fl-c4"/>
      </object_component>
      <object_component id="oc-26c">
         <name>.debug_line</name>
         <load_address>0x20d5</load_address>
         <run_address>0x20d5</run_address>
         <size>0x92</size>
         <input_file_ref idref="fl-c5"/>
      </object_component>
      <object_component id="oc-55">
         <name>.debug_line</name>
         <load_address>0x2167</load_address>
         <run_address>0x2167</run_address>
         <size>0x56</size>
         <input_file_ref idref="fl-c5"/>
      </object_component>
      <object_component id="oc-161">
         <name>.debug_line</name>
         <load_address>0x21bd</load_address>
         <run_address>0x21bd</run_address>
         <size>0x34</size>
         <input_file_ref idref="fl-c5"/>
      </object_component>
      <object_component id="oc-15c">
         <name>.debug_line</name>
         <load_address>0x21f1</load_address>
         <run_address>0x21f1</run_address>
         <size>0x20</size>
         <input_file_ref idref="fl-c6"/>
      </object_component>
      <object_component id="oc-20">
         <name>.debug_line</name>
         <load_address>0x2211</load_address>
         <run_address>0x2211</run_address>
         <size>0x55</size>
         <input_file_ref idref="fl-c6"/>
      </object_component>
      <object_component id="oc-50">
         <name>.debug_line</name>
         <load_address>0x2266</load_address>
         <run_address>0x2266</run_address>
         <size>0x3a</size>
         <input_file_ref idref="fl-c6"/>
      </object_component>
      <object_component id="oc-159">
         <name>.debug_line</name>
         <load_address>0x22a0</load_address>
         <run_address>0x22a0</run_address>
         <size>0x92</size>
         <input_file_ref idref="fl-c6"/>
      </object_component>
      <object_component id="oc-265">
         <name>.debug_line</name>
         <load_address>0x2332</load_address>
         <run_address>0x2332</run_address>
         <size>0x20</size>
         <input_file_ref idref="fl-c7"/>
      </object_component>
      <object_component id="oc-18">
         <name>.debug_line</name>
         <load_address>0x2352</load_address>
         <run_address>0x2352</run_address>
         <size>0xa9</size>
         <input_file_ref idref="fl-c7"/>
      </object_component>
      <object_component id="oc-40">
         <name>.debug_line</name>
         <load_address>0x23fb</load_address>
         <run_address>0x23fb</run_address>
         <size>0x3a</size>
         <input_file_ref idref="fl-c7"/>
      </object_component>
      <object_component id="oc-262">
         <name>.debug_line</name>
         <load_address>0x2435</load_address>
         <run_address>0x2435</run_address>
         <size>0x9a</size>
         <input_file_ref idref="fl-c7"/>
      </object_component>
      <object_component id="oc-152">
         <name>.debug_line</name>
         <load_address>0x24cf</load_address>
         <run_address>0x24cf</run_address>
         <size>0x96</size>
         <input_file_ref idref="fl-c7"/>
      </object_component>
      <object_component id="oc-316">
         <name>.debug_line</name>
         <load_address>0x2565</load_address>
         <run_address>0x2565</run_address>
         <size>0x2a</size>
         <input_file_ref idref="fl-c8"/>
      </object_component>
[...]
         <value>0x64600</value>
         <object_component_ref idref="oc-101"/>
      </symbol>
      <symbol id="sm-19d">
         <name>start</name>
         <value>0x20000204</value>
         <object_component_ref idref="oc-bc"/>
      </symbol>
      <symbol id="sm-19e">
         <name>ClearBoom</name>
         <value>0x66d7d</value>
         <object_component_ref idref="oc-2d"/>
      </symbol>
      <symbol id="sm-19f">
         <name>boom</name>
         <value>0x5de08</value>
         <object_component_ref idref="oc-c2"/>
      </symbol>
      <symbol id="sm-1a0">
         <name>DrawStone</name>
         <value>0x66e7b</value>
         <object_component_ref idref="oc-2d"/>
      </symbol>
      <symbol id="sm-1a1">
         <name>main</name>
         <value>0x67181</value>
         <object_component_ref idref="oc-2d"/>
      </symbol>
      <symbol id="sm-1a2">
         <name>score</name>
         <value>0x20000200</value>
         <object_component_ref idref="oc-bc"/>
      </symbol>
      <symbol id="sm-1a3">
         <name>ConfigureUART</name>
         <value>0x669c3</value>
         <object_component_ref idref="oc-2d"/>
      </symbol>
      <symbol id="sm-1a4">
         <name>gameover</name>
         <value>0x2f008</value>
         <object_component_ref idref="oc-bf"/>
      </symbol>
      <symbol id="sm-1a5">
         <name>stone</name>
         <value>0x5fa28</value>
         <object_component_ref idref="oc-c5"/>
      </symbol>
      <symbol id="sm-1a6">
         <name>ClearBullet</name>
         <value>0x670fd</value>
         <object_component_ref idref="oc-2d"/>
      </symbol>
      <symbol id="sm-1a7">
         <name>DrawBoom</name>
         <value>0x66d11</value>
         <object_component_ref idref="oc-2d"/>
      </symbol>
      <symbol id="sm-1a8">
         <name>DrawMenu</name>
         <value>0x66b57</value>
         <object_component_ref idref="oc-2d"/>
      </symbol>
      <symbol id="sm-1a9">
         <name>ClearPlane</name>
         <value>0x66ad7</value>
         <object_component_ref idref="oc-2d"/>
      </symbol>
      <symbol id="sm-1aa">
         <name>gImage_plane_6060</name>
         <value>0x61648</value>
         <object_component_ref idref="oc-b6"/>
      </symbol>
      <symbol id="sm-1ab">
         <name>flag_bullet</name>
         <value>0x20000205</value>
         <object_component_ref idref="oc-bc"/>
      </symbol>
      <symbol id="sm-1ac">
         <name>flag_stone</name>
         <value>0x20000206</value>
         <object_component_ref idref="oc-bc"/>
      </symbol>
      <symbol id="sm-1ad">
         <name>x_plane</name>
         <value>0x2000020c</value>
         <object_component_ref idref="oc-bc"/>
      </symbol>
      <symbol id="sm-1ae">
         <name>ClearEnemy</name>
         <value>0x66f89</value>
         <object_component_ref idref="oc-2d"/>
      </symbol>
      <symbol id="sm-1af">
         <name>GameOver</name>
         <value>0x66c79</value>
         <object_component_ref idref="oc-2d"/>
      </symbol>
      <symbol id="sm-1b0">
         <name>game_back</name>
         <value>0x208</value>
         <object_component_ref idref="oc-b9"/>
      </symbol>
      <symbol id="sm-1cc">
         <name>ResetISR</name>
         <value>0x68c49</value>
         <object_component_ref idref="oc-27"/>
      </symbol>
      <symbol id="sm-1cd">
         <name>g_pfnVectors</name>
         <value>0x0</value>
         <object_component_ref idref="oc-12"/>
      </symbol>
      <symbol id="sm-23c">
         <name>UARTgetc</name>
         <value>0x6773b</value>
         <object_component_ref idref="oc-86"/>
      </symbol>
      <symbol id="sm-23d">
         <name>UARTgets</name>
         <value>0x67681</value>
         <object_component_ref idref="oc-86"/>
      </symbol>
      <symbol id="sm-23e">
         <name>UARTStdioConfig</name>
         <value>0x675f5</value>
         <object_component_ref idref="oc-86"/>
      </symbol>
      <symbol id="sm-23f">
         <name>UARTwrite</name>
         <value>0x6763b</value>
         <object_component_ref idref="oc-86"/>
      </symbol>
      <symbol id="sm-240">
         <name>UARTprintf</name>
         <value>0x67a5b</value>
         <object_component_ref idref="oc-86"/>
      </symbol>
      <symbol id="sm-241">
         <name>UARTvprintf</name>
         <value>0x67761</value>
         <object_component_ref idref="oc-86"/>
      </symbol>
      <symbol id="sm-25d">
         <name>EPIGPIOinit</name>
         <value>0x68409</value>
         <object_component_ref idref="oc-e9"/>
      </symbol>
      <symbol id="sm-33b">
         <name>TFTLCD_ShowPicture</name>
         <value>0x6688d</value>
         <object_component_ref idref="oc-aa"/>
      </symbol>
      <symbol id="sm-33c">
         <name>asc2_1608</name>
         <value>0x64000</value>
         <object_component_ref idref="oc-1d1"/>
      </symbol>
      <symbol id="sm-33d">
         <name>TFTLCD_Showoption2</name>
         <value>0x66429</value>
         <object_component_ref idref="oc-aa"/>
      </symbol>
      <symbol id="sm-33e">
         <name>TFTLCD_Showoption3</name>
         <value>0x664b9</value>
         <object_component_ref idref="oc-aa"/>
      </symbol>
      <symbol id="sm-33f">
         <name>TFTLCD_ExitSleep</name>
         <value>0x658cf</value>
         <object_component_ref idref="oc-aa"/>
      </symbol>
      <symbol id="sm-340">
         <name>TFTLCD_Showoption</name>
         <value>0x66399</value>
         <object_component_ref idref="oc-aa"/>
      </symbol>
      <symbol id="sm-341">
         <name>WriteData</name>
         <value>0x2000021c</value>
         <object_component_ref idref="oc-1ce"/>
      </symbol>
      <symbol id="sm-342">
         <name>TFTLCD_DrawVerticalLine</name>
         <value>0x667bd</value>
         <object_component_ref idref="oc-aa"/>
      </symbol>
      <symbol id="sm-343">
         <name>TFTLCD_ShowData</name>
         <value>0x66665</value>
         <object_component_ref idref="oc-aa"/>
      </symbol>
      <symbol id="sm-344">
         <name>TFTLCD_DrawHorizontalLine</name>
         <value>0x6676d</value>
         <object_component_ref idref="oc-aa"/>
      </symbol>
      <symbol id="sm-345">
         <name>TFTLCD_ShowString</name>
         <value>0x66549</value>
         <object_component_ref idref="oc-aa"/>
      </symbol>
      <symbol id="sm-346">
         <name>TFTLCD_REFRESH_GRAM</name>
         <value>0x66189</value>
         <object_component_ref idref="oc-aa"/>
      </symbol>
      <symbol id="sm-347">
         <name>TFTLCD_CLEAR</name>
         <value>0x665ad</value>
         <object_component_ref idref="oc-aa"/>
      </symbol>
      <symbol id="sm-348">
         <name>my_chinese</name>
         <value>0x64920</value>
         <object_component_ref idref="oc-1d4"/>
      </symbol>
      <symbol id="sm-349">
         <name>option_1</name>
         <value>0x64c40</value>
         <object_component_ref idref="oc-1d7"/>
      </symbol>
      <symbol id="sm-34a">
         <name>option_3</name>
         <value>0x65280</value>
         <object_component_ref idref="oc-1dd"/>
      </symbol>
      <symbol id="sm-34b">
         <name>option_2</name>
         <value>0x64f60</value>
         <object_component_ref idref="oc-1da"/>
      </symbol>
      <symbol id="sm-34c">
         <name>TFTLCD_SetPos</name>
         <value>0x6619d</value>
         <object_component_ref idref="oc-aa"/>
      </symbol>
      <symbol id="sm-34d">
         <name>TFTLCD_EnterSleep</name>
         <value>0x6584f</value>
         <object_component_ref idref="oc-aa"/>
      </symbol>
      <symbol id="sm-34e">
         <name>TFTLCD_ShowPicture1</name>
         <value>0x66807</value>
         <object_component_ref idref="oc-aa"/>
      </symbol>
      <symbol id="sm-34f">
         <name>InitGPIOLCDInterface</name>
         <value>0x65791</value>
         <object_component_ref idref="oc-aa"/>
      </symbol>
      <symbol id="sm-350">
         <name>TFTLCD_FillBlock</name>
         <value>0x66601</value>
         <object_component_ref idref="oc-aa"/>
      </symbol>
      <symbol id="sm-351">
         <name>TFTLCD_ShowChar</name>
         <value>0x66277</value>
         <object_component_ref idref="oc-aa"/>
      </symbol>
      <symbol id="sm-352">
         <name>TFTLCD_ShowChineseChar</name>
         <value>0x66307</value>
         <object_component_ref idref="oc-aa"/>
      </symbol>
      <symbol id="sm-353">
         <name>WriteCommand</name>
         <value>0x20000220</value>
         <object_component_ref idref="oc-1ce"/>
      </symbol>
      <symbol id="sm-354">
         <name>TFTLCD_DrawPoint</name>
         <value>0x66255</value>
         <object_component_ref idref="oc-aa"/>
      </symbol>
      <symbol id="sm-355">
         <name>TFT_400x240_OTM4001Ainit</name>
         <value>0x65985</value>
         <object_component_ref idref="oc-aa"/>
      </symbol>
      <symbol id="sm-38a">
         <name>SoftSPI_GetData</name>
         <value>0x67bdf</value>
         <object_component_ref idref="oc-33"/>
      </symbol>
      <symbol id="sm-38b">
         <name>SSIinit</name>
         <value>0x67a91</value>
         <object_component_ref idref="oc-33"/>
      </symbol>
      <symbol id="sm-38c">
         <name>SoftSPIinit</name>
         <value>0x67af9</value>
         <object_component_ref idref="oc-33"/>
      </symbol>
      <symbol id="sm-38d">
         <name>TOUCH_TSC2046init</name>
         <value>0x67d91</value>
         <object_component_ref idref="oc-33"/>
      </symbol>
      <symbol id="sm-38e">
         <name>TouchInit</name>
         <value>0x67b2b</value>
         <object_component_ref idref="oc-33"/>
      </symbol>
      <symbol id="sm-38f">
         <name>SoftSPI_PutData</name>
         <value>0x67b5f</value>
         <object_component_ref idref="oc-33"/>
      </symbol>
      <symbol id="sm-390">
         <name>touch_getx</name>
         <value>0x67c71</value>
         <object_component_ref idref="oc-33"/>
      </symbol>
      <symbol id="sm-391">
         <name>touch_gety</name>
         <value>0x67d01</value>
         <object_component_ref idref="oc-33"/>
      </symbol>
      <symbol id="sm-392">
         <name>IntGPIOb</name>
         <value>0x67e53</value>
         <object_component_ref idref="oc-33"/>
      </symbol>
      <symbol id="sm-393">
         <name>TOUCH_PointAdjust</name>
         <value>0x67dc9</value>
         <object_component_ref idref="oc-33"/>
      </symbol>
      <symbol id="sm-3a2">
         <name>__aeabi_uidivmod</name>
         <value>0x68993</value>
         <object_component_ref idref="oc-1af"/>
      </symbol>
      <symbol id="sm-3a3">
         <name>__aeabi_uidiv</name>
         <value>0x68993</value>
         <object_component_ref idref="oc-1af"/>
      </symbol>
      <symbol id="sm-3b7">
         <name>__TI_zero_init_nomemset</name>
         <value>0x68b45</value>
         <object_component_ref idref="oc-53"/>
      </symbol>
      <symbol id="sm-3ce">
         <name>__TI_decompress_none</name>
         <value>0x68c2f</value>
         <object_component_ref idref="oc-1b"/>
      </symbol>
      <symbol id="sm-3f1">
         <name>__TI_decompress_lzss</name>
         <value>0x68719</value>
         <object_component_ref idref="oc-15"/>
      </symbol>
      <symbol id="sm-407">
         <name>rand</name>
         <value>0x68a71</value>
         <object_component_ref idref="oc-10b"/>
      </symbol>
      <symbol id="sm-41a">
         <name>__stack</name>
         <value>0x20000000</value>
         <object_component_ref idref="oc-24"/>
      </symbol>
      <symbol id="sm-41b">
         <name>_c_int00_noargs</name>
         <value>0x68a3d</value>
         <object_component_ref idref="oc-65"/>
      </symbol>
      <symbol id="sm-425">
         <name>__aeabi_idiv0</name>
         <value>0x68c0f</value>
         <object_component_ref idref="oc-2ca"/>
      </symbol>
      <symbol id="sm-426">
         <name>__aeabi_ldiv0</name>
         <value>0x68c0f</value>
         <object_component_ref idref="oc-2ca"/>
      </symbol>
      <symbol id="sm-442">
         <name>memcpy</name>
         <value>0x6867d</value>
         <object_component_ref idref="oc-47"/>
      </symbol>
      <symbol id="sm-443">
         <name>__aeabi_memcpy</name>
         <value>0x6867d</value>
         <object_component_ref idref="oc-47"/>
      </symbol>
      <symbol id="sm-444">
         <name>__aeabi_memcpy8</name>
         <value>0x6867d</value>
         <object_component_ref idref="oc-47"/>
      </symbol>
      <symbol id="sm-445">
         <name>__aeabi_memcpy4</name>
         <value>0x6867d</value>
         <object_component_ref idref="oc-47"/>
      </symbol>
      <symbol id="sm-46d">
         <name>__TI_auto_init_nobinit_nopinit</name>
         <value>0x688cd</value>
         <object_component_ref idref="oc-27b"/>
      </symbol>
      <symbol id="sm-477">
         <name>_system_pre_init</name>
         <value>0x68ca3</value>
         <object_component_ref idref="oc-16a"/>
      </symbol>
      <symbol id="sm-483">
         <name>C$$EXIT</name>
         <value>0x68ca7</value>
         <object_component_ref idref="oc-26f"/>
      </symbol>
      <symbol id="sm-484">
         <name>abort</name>
         <value>0x68ca7</value>
         <object_component_ref idref="oc-26f"/>
      </symbol>
      <symbol id="sm-499">
         <name>_nop</name>
         <value>0x689d3</value>
         <object_component_ref idref="oc-30b"/>
      </symbol>
      <symbol id="sm-49a">
         <name>_lock</name>
         <value>0x20000214</value>
         <object_component_ref idref="oc-248"/>
      </symbol>
      <symbol id="sm-49b">
         <name>_unlock</name>
         <value>0x20000218</value>
         <object_component_ref idref="oc-248"/>
      </symbol>
      <symbol id="sm-4df">
         <name>UARTConfigSetExpClk</name>
         <value>0x68953</value>
         <object_component_ref idref="oc-18e"/>
      </symbol>
      <symbol id="sm-4e0">
         <name>UARTDisable</name>
         <value>0x68b0d</value>
         <object_component_ref idref="oc-2b9"/>
      </symbol>
      <symbol id="sm-4e1">
         <name>UARTCharPut</name>
         <value>0x68c73</value>
         <object_component_ref idref="oc-19a"/>
      </symbol>
      <symbol id="sm-4e2">
         <name>UARTEnable</name>
         <value>0x68ba1</value>
         <object_component_ref idref="oc-194"/>
      </symbol>
      <symbol id="sm-4e3">
         <name>UARTCharGet</name>
         <value>0x68c69</value>
         <object_component_ref idref="oc-1a0"/>
      </symbol>
      <symbol id="sm-516">
         <name>TimerLoadSet</name>
         <value>0x68bfd</value>
         <object_component_ref idref="oc-92"/>
      </symbol>
      <symbol id="sm-517">
         <name>TimerEnable</name>
         <value>0x68c21</value>
         <object_component_ref idref="oc-9e"/>
      </symbol>
      <symbol id="sm-518">
         <name>TimerIntEnable</name>
         <value>0x68c7d</value>
         <object_component_ref idref="oc-98"/>
      </symbol>
      <symbol id="sm-519">
         <name>TimerConfigure</name>
         <value>0x687e1</value>
         <object_component_ref idref="oc-8c"/>
      </symbol>
      <symbol id="sm-51a">
         <name>TimerIntClear</name>
         <value>0x68c9f</value>
         <object_component_ref idref="oc-104"/>
      </symbol>
      <symbol id="sm-53d">
         <name>SysTickEnable</name>
         <value>0x68b79</value>
         <object_component_ref idref="oc-e3"/>
      </symbol>
      <symbol id="sm-53e">
         <name>SysTickIntEnable</name>
         <value>0x68b8d</value>
         <object_component_ref idref="oc-dd"/>
      </symbol>
      <symbol id="sm-53f">
         <name>SysTickPeriodSet</name>
         <value>0x68c11</value>
         <object_component_ref idref="oc-d1"/>
      </symbol>
      <symbol id="sm-5cb">
         <name>SysCtlGPIOAHBEnable</name>
         <value>0x68af1</value>
         <object_component_ref idref="oc-1c8"/>
      </symbol>
      <symbol id="sm-5cc">
         <name>SysCtlPeripheralPresent</name>
         <value>0x68a09</value>
         <object_component_ref idref="oc-188"/>
      </symbol>
      <symbol id="sm-5cd">
         <name>SysCtlDelay</name>
         <value>0x68c91</value>
         <object_component_ref idref="oc-13e"/>
      </symbol>
      <symbol id="sm-5ce">
         <name>SysCtlPeripheralEnable</name>
         <value>0x689d5</value>
         <object_component_ref idref="oc-7a"/>
      </symbol>
      <symbol id="sm-5cf">
         <name>SysCtlClockFreqSet</name>
         <value>0x6820d</value>
         <object_component_ref idref="oc-cb"/>
      </symbol>
      <symbol id="sm-5f1">
         <name>SSIDataGetNonBlocking</name>
         <value>0x68beb</value>
         <object_component_ref idref="oc-132"/>
      </symbol>
      <symbol id="sm-5f2">
         <name>SSIConfigSetExpClk</name>
         <value>0x68911</value>
         <object_component_ref idref="oc-126"/>
      </symbol>
      <symbol id="sm-5f3">
         <name>SSIEnable</name>
         <value>0x68c5f</value>
         <object_component_ref idref="oc-12c"/>
      </symbol>
      <symbol id="sm-621">
         <name>IntEnable</name>
         <value>0x68781</value>
         <object_component_ref idref="oc-a4"/>
      </symbol>
      <symbol id="sm-622">
         <name>IntMasterEnable</name>
         <value>0x68c55</value>
         <object_component_ref idref="oc-d7"/>
      </symbol>
      <symbol id="sm-682">
         <name>GPIOPinConfigure</name>
         <value>0x6883d</value>
         <object_component_ref idref="oc-80"/>
      </symbol>
      <symbol id="sm-683">
         <name>GPIOPinTypeGPIOInput</name>
         <value>0x68bc7</value>
         <object_component_ref idref="oc-138"/>
      </symbol>
      <symbol id="sm-684">
         <name>GPIOPinTypeGPIOOutput</name>
         <value>0x68b61</value>
         <object_component_ref idref="oc-f5"/>
      </symbol>
      <symbol id="sm-685">
         <name>GPIOPinRead</name>
         <value>0x68c85</value>
         <object_component_ref idref="oc-13f"/>
      </symbol>
      <symbol id="sm-686">
         <name>GPIODirModeSet</name>
         <value>0x68aa5</value>
         <object_component_ref idref="oc-23d"/>
      </symbol>
      <symbol id="sm-687">
         <name>GPIOPinWrite</name>
         <value>0x68c8b</value>
         <object_component_ref idref="oc-fb"/>
      </symbol>
      <symbol id="sm-688">
         <name>GPIOPadConfigSet</name>
         <value>0x6854d</value>
         <object_component_ref idref="oc-237"/>
      </symbol>
      <symbol id="sm-689">
         <name>GPIOPinTypeSSI</name>
         <value>0x68bd9</value>
         <object_component_ref idref="oc-120"/>
      </symbol>
      <symbol id="sm-68a">
         <name>GPIOPinTypeEPI</name>
         <value>0x68bb5</value>
         <object_component_ref idref="oc-21a"/>
      </symbol>
      <symbol id="sm-6a7">
         <name>EPIModeSet</name>
         <value>0x68c9b</value>
         <object_component_ref idref="oc-220"/>
      </symbol>
      <symbol id="sm-6a8">
         <name>EPIConfigHB16Set</name>
         <value>0x68acf</value>
         <object_component_ref idref="oc-226"/>
      </symbol>
      <symbol id="sm-6a9">
         <name>EPIAddressMapSet</name>
         <value>0x68c97</value>
         <object_component_ref idref="oc-22c"/>
      </symbol>
      <symbol id="sm-6b3">
         <name>CPUcpsie</name>
         <value>0x68c3d</value>
         <object_component_ref idref="oc-211"/>
      </symbol>
      <symbol id="sm-6b4">
         <name>__TI_static_base__</name>
         <value>0x0</value>
      </symbol>
      <symbol id="sm-6b7">
         <name>__mpu_init</name>
         <value>0x0</value>
      </symbol>
      <symbol id="sm-6b8">
         <name>_system_post_cinit</name>
         <value>0x0</value>
      </symbol>
   </symbol_table>
   <title>Link successful</title>
</link_info>
