******************************************************************************
                  TI ARM Linker PC v20.2.1                     
******************************************************************************
>> Linked Tue Dec 15 21:35:46 2020

OUTPUT FILE NAME:   <plane_fight.out>
ENTRY POINT SYMBOL: "_c_int00_noargs"  address: 00068a3d


MEMORY CONFIGURATION

         name            origin    length      used     unused   attr    fill
----------------------  --------  ---------  --------  --------  ----  --------
  FLASH                 00000000   00100000  00068cfa  00097306  R  X
  SRAM                  20000000   00040000  0000024c  0003fdb4  RW X


SEGMENT ALLOCATION MAP

run origin  load origin   length   init length attrs members
----------  ----------- ---------- ----------- ----- -------
00000000    00000000    00068d00   00068d00    r-x
  00000000    00000000    00000208   00000208    r-- .intvecs
  00000208    00000208    000654fc   000654fc    r-- .const
  00065704    00065704    000035a6   000035a6    r-x .text
  00068cb0    00068cb0    00000050   00000050    r-- .cinit
20000000    20000000    0000024c   00000000    rw-
  20000000    20000000    00000200   00000000    rw- .stack
  20000200    20000200    00000030   00000000    rw- .data
  20000230    20000230    0000001c   00000000    rw- .bss


SECTION ALLOCATION MAP

 output                                  attributes/
section   page    origin      length       input sections
--------  ----  ----------  ----------   ----------------
.intvecs   0    00000000    00000208     
                  00000000    00000208     tm4c1294ncpdt_startup_ccs.obj (.intvecs)

.const     0    00000208    000654fc     
                  00000208    0002ee00     Sine_wave.obj (.const:.string:game_back)
                  0002f008    0002ee00     Sine_wave.obj (.const:.string:gameover)
                  0005de08    00001c20     Sine_wave.obj (.const:.string:boom)
                  0005fa28    00001c20     Sine_wave.obj (.const:.string:stone)
                  00061648    00001680     Sine_wave.obj (.const:.string:gImage_plane_6060)
                  00062cc8    00001338     Sine_wave.obj (.const:.string:gImage_Enemy6060)
                  00064000    00000600     TFT_400x240_OTM4001A_16bit.obj (.const:asc2_1608)
                  00064600    00000320     Sine_wave.obj (.const:.string:bullet)
                  00064920    00000320     TFT_400x240_OTM4001A_16bit.obj (.const:my_chinese)
                  00064c40    00000320     TFT_400x240_OTM4001A_16bit.obj (.const:option_1)
                  00064f60    00000320     TFT_400x240_OTM4001A_16bit.obj (.const:option_2)
                  00065280    00000190     TFT_400x240_OTM4001A_16bit.obj (.const:option_3)
                  00065410    00000120     driverlib.lib : sysctl.obj (.const:g_pppui32XTALtoVCO)
                  00065530    00000090                   : gpio.obj (.const:g_pui32GPIOBaseAddrs)
                  000655c0    00000070                   : interrupt.obj (.const)
                  00065630    0000006c                   : sysctl.obj (.const:g_pui32Xtals)
                  0006569c    00000030                   : sysctl.obj (.const:g_sXTALtoMEMTIM)
                  000656cc    00000012     uartstdio.obj (.const:.string)
                  000656de    00000002     --HOLE-- [fill = 0]
                  000656e0    0000000c     uartstdio.obj (.const:g_ui32UARTBase)
                  000656ec    0000000c     uartstdio.obj (.const:g_ui32UARTPeriph)
                  000656f8    00000008     driverlib.lib : sysctl.obj (.const)
                  00065700    00000004     uartstdio.obj (.const)

.text      0    00065704    000035a6     
                  00065704    000012a4     TFT_400x240_OTM4001A_16bit.obj (.text)
                  000669a8    00000c4c     Sine_wave.obj (.text)
                  000675f4    0000049c     uartstdio.obj (.text)
                  00067a90    000003d8     TOUCH_TSC2046.obj (.text)
                  00067e68    000003a4     KEY.obj (.text)
                  0006820c    000001fc     driverlib.lib : sysctl.obj (.text:SysCtlClockFreqSet)
                  00068408    00000144     EPIinit.obj (.text)
                  0006854c    00000130     driverlib.lib : gpio.obj (.text:GPIOPadConfigSet)
                  0006867c    0000009c     rtsv7M4_T_le_v4SPD16_eabi.lib : memcpy_t2.asm.obj (.text)
                  00068718    00000068                                   : copy_decompress_lzss.c.obj (.text:decompress:lzss:__TI_decompress_lzss)
                  00068780    00000060     driverlib.lib : interrupt.obj (.text:IntEnable)
                  000687e0    0000005c                   : timer.obj (.text:TimerConfigure)
                  0006883c    00000048                   : gpio.obj (.text:GPIOPinConfigure)
                  00068884    00000048                   : sysctl.obj (.text:_SysCtlFrequencyGet)
                  000688cc    00000044     rtsv7M4_T_le_v4SPD16_eabi.lib : autoinit.c.obj (.text:__TI_auto_init_nobinit_nopinit:__TI_auto_init_nobinit_nopinit)
                  00068910    00000042     driverlib.lib : ssi.obj (.text:SSIConfigSetExpClk)
                  00068952    00000040                   : uart.obj (.text:UARTConfigSetExpClk)
                  00068992    00000040     rtsv7M4_T_le_v4SPD16_eabi.lib : u_divt2.asm.obj (.text)
                  000689d2    00000002                                   : _lock.c.obj (.text:_nop)
                  000689d4    00000034     driverlib.lib : sysctl.obj (.text:SysCtlPeripheralEnable)
                  00068a08    00000034                   : sysctl.obj (.text:SysCtlPeripheralPresent)
                  00068a3c    00000034     rtsv7M4_T_le_v4SPD16_eabi.lib : boot_cortex_m.c.obj (.text:_c_int00_noargs:_c_int00_noargs)
                  00068a70    00000034                                   : rand.c.obj (.text:rand)
                  00068aa4    0000002a     driverlib.lib : gpio.obj (.text:GPIODirModeSet)
                  00068ace    00000022                   : epi.obj (.text:EPIConfigHB16Set)
                  00068af0    0000001c                   : sysctl.obj (.text:SysCtlGPIOAHBEnable)
                  00068b0c    0000001c                   : uart.obj (.text:UARTDisable)
                  00068b28    0000001c                   : sysctl.obj (.text:_SysCtlMemTimingGet)
                  00068b44    0000001c     rtsv7M4_T_le_v4SPD16_eabi.lib : copy_zero_init.c.obj (.text:decompress:ZI:__TI_zero_init_nomemset:__TI_zero_init_nomemset)
                  00068b60    00000018     driverlib.lib : gpio.obj (.text:GPIOPinTypeGPIOOutput)
                  00068b78    00000014                   : systick.obj (.text:SysTickEnable)
                  00068b8c    00000014                   : systick.obj (.text:SysTickIntEnable)
                  00068ba0    00000014                   : uart.obj (.text:UARTEnable)
                  00068bb4    00000012                   : gpio.obj (.text:GPIOPinTypeEPI)
                  00068bc6    00000012                   : gpio.obj (.text:GPIOPinTypeGPIOInput)
                  00068bd8    00000012                   : gpio.obj (.text:GPIOPinTypeSSI)
                  00068bea    00000012                   : ssi.obj (.text:SSIDataGetNonBlocking)
                  00068bfc    00000012                   : timer.obj (.text:TimerLoadSet)
                  00068c0e    00000002     rtsv7M4_T_le_v4SPD16_eabi.lib : div0.asm.obj (.text)
                  00068c10    00000010     driverlib.lib : systick.obj (.text:SysTickPeriodSet)
                  00068c20    0000000e                   : timer.obj (.text:TimerEnable)
                  00068c2e    0000000e     rtsv7M4_T_le_v4SPD16_eabi.lib : copy_decompress_none.c.obj (.text:decompress:none:__TI_decompress_none)
                  00068c3c    0000000c     driverlib.lib : cpu.obj (.text:CPUcpsie)
                  00068c48    0000000c     tm4c1294ncpdt_startup_ccs.obj (.text)
                  00068c54    0000000a     driverlib.lib : interrupt.obj (.text:IntMasterEnable)
                  00068c5e    0000000a                   : ssi.obj (.text:SSIEnable)
                  00068c68    0000000a                   : uart.obj (.text:UARTCharGet)
                  00068c72    0000000a                   : uart.obj (.text:UARTCharPut)
                  00068c7c    00000008                   : timer.obj (.text:TimerIntEnable)
                  00068c84    00000006                   : gpio.obj (.text:GPIOPinRead)
                  00068c8a    00000006                   : gpio.obj (.text:GPIOPinWrite)
                  00068c90    00000006                   : sysctl.obj (.text:SysCtlDelay)
                  00068c96    00000004                   : epi.obj (.text:EPIAddressMapSet)
                  00068c9a    00000004                   : epi.obj (.text:EPIModeSet)
                  00068c9e    00000004                   : timer.obj (.text:TimerIntClear)
                  00068ca2    00000004     rtsv7M4_T_le_v4SPD16_eabi.lib : pre_init.c.obj (.text:_system_pre_init)
                  00068ca6    00000004                                   : exit.c.obj (.text:abort:abort)

.cinit     0    00068cb0    00000050     
                  00068cb0    00000027     (.cinit..data.load) [load image, compression = lzss]
                  00068cd7    00000001     --HOLE-- [fill = 0]
                  00068cd8    0000000c     (__TI_handler_table)
                  00068ce4    00000004     --HOLE-- [fill = 0]
                  00068ce8    00000008     (.cinit..bss.load) [load image, compression = zero_init]
                  00068cf0    00000010     (__TI_cinit_table)

.init_array 
*          0    00000000    00000000     UNINITIALIZED

.data      0    20000200    00000030     UNINITIALIZED
                  20000200    00000014     Sine_wave.obj (.data)
                  20000214    00000008     rtsv7M4_T_le_v4SPD16_eabi.lib : _lock.c.obj (.data:$O1$$)
                  2000021c    00000008     TFT_400x240_OTM4001A_16bit.obj (.data)
                  20000224    00000005     uartstdio.obj (.data)
                  20000229    00000002     KEY.obj (.data)
                  2000022b    00000001     --HOLE--
                  2000022c    00000004     rtsv7M4_T_le_v4SPD16_eabi.lib : rand.c.obj (.data)

.bss       0    20000230    0000001c     UNINITIALIZED
                  20000230    00000004     Sine_wave.obj (.bss)
                  20000234    00000004     (.common:g_ui32SysClock)
                  20000238    00000004     (.common:key)
                  2000023c    00000004     (.common:x_bullet)
                  20000240    00000004     (.common:x_stone)
                  20000244    00000004     (.common:y_bullet)
                  20000248    00000004     (.common:y_stone)

.stack     0    20000000    00000200     UNINITIALIZED
                  20000000    00000004     rtsv7M4_T_le_v4SPD16_eabi.lib : boot_cortex_m.c.obj (.stack)
                  20000004    000001fc     --HOLE--

__llvm_prf_cnts 
*          0    20000000    00000000     UNINITIALIZED

MODULE SUMMARY

       Module                           code    ro data   rw data
       ------                           ----    -------   -------
    .\
       Sine_wave.obj                    3148    409880    48     
       uartstdio.obj                    1180    46        5      
       KEY.obj                          932     0         2      
       tm4c1294ncpdt_startup_ccs.obj    12      520       0      
    +--+--------------------------------+-------+---------+---------+
       Total:                           5272    410446    55     
                                                                 
    .\EPIinit\
       EPIinit.obj                      324     0         0      
    +--+--------------------------------+-------+---------+---------+
       Total:                           324     0         0      
                                                                 
    .\TFTinit\
       TFT_400x240_OTM4001A_16bit.obj   4772    4336      8      
    +--+--------------------------------+-------+---------+---------+
       Total:                           4772    4336      8      
                                                                 
    .\TOUCHinit\
       TOUCH_TSC2046.obj                984     0         0      
    +--+--------------------------------+-------+---------+---------+
       Total:                           984     0         0      
                                                                 
    F:/ti/ccs1011/TivaWare_C_Series-2.1.0.12573/driverlib/ccs/Debug/driverlib.lib
       sysctl.obj                       746     452       0      
       gpio.obj                         508     144       0      
       interrupt.obj                    106     112       0      
       timer.obj                        136     0         0      
       uart.obj                         132     0         0      
       ssi.obj                          94      0         0      
       systick.obj                      56      0         0      
       epi.obj                          42      0         0      
       cpu.obj                          12      0         0      
    +--+--------------------------------+-------+---------+---------+
       Total:                           1832    708       0      
                                                                 
    F:\ti\ccs1011\ccs\tools\compiler\ti-cgt-arm_20.2.1.LTS\lib\rtsv7M4_T_le_v4SPD16_eabi.lib
       memcpy_t2.asm.obj                156     0         0      
       copy_decompress_lzss.c.obj       104     0         0      
       autoinit.c.obj                   68      0         0      
       u_divt2.asm.obj                  64      0         0      
       rand.c.obj                       52      0         4      
       boot_cortex_m.c.obj              52      0         0      
       copy_zero_init.c.obj             28      0         0      
       copy_decompress_none.c.obj       14      0         0      
       _lock.c.obj                      2       0         8      
       exit.c.obj                       4       0         0      
       pre_init.c.obj                   4       0         0      
       div0.asm.obj                     2       0         0      
    +--+--------------------------------+-------+---------+---------+
       Total:                           550     0         12     
                                                                 
       Stack:                           0       0         512    
       Linker Generated:                0       75        0      
    +--+--------------------------------+-------+---------+---------+
       Grand Total:                     13734   415565    587    


LINKER GENERATED COPY TABLES

__TI_cinit_table @ 00068cf0 records: 2, size/record: 8, table size: 16
	.data: load addr=00068cb0, load size=00000027 bytes, run addr=20000200, run size=00000030 bytes, compression=lzss
	.bss: load addr=00068ce8, load size=00000008 bytes, run addr=20000230, run size=0000001c bytes, compression=zero_init


LINKER GENERATED HANDLER TABLE

__TI_handler_table @ 00068cd8 records: 3, size/record: 4, table size: 12
	index: 0, handler: __TI_decompress_lzss
	index: 1, handler: __TI_decompress_none
	index: 2, handler: __TI_zero_init


GLOBAL SYMBOLS: SORTED ALPHABETICALLY BY Name 

address   name                          
-------   ----                          
00068ca7  C$$EXIT                       
00068c3d  CPUcpsie                      
00066d7d  ClearBoom                     
000670fd  ClearBullet                   
00066f89  ClearEnemy                    
00066ad7  ClearPlane                    
00067009  ClearStone                    
000669c3  ConfigureUART                 
00066d11  DrawBoom                      
0006708d  DrawBullet                    
00066ef5  DrawEnemy                     
00066e09  DrawGameback                  
00066b57  DrawMenu                      
00066a67  DrawPlane                     
00066e7b  DrawStone                     
00068c97  EPIAddressMapSet              
00068acf  EPIConfigHB16Set              
00068409  EPIGPIOinit                   
00068c9b  EPIModeSet                    
00068aa5  GPIODirModeSet                
0006854d  GPIOPadConfigSet              
0006883d  GPIOPinConfigure              
00068c85  GPIOPinRead                   
00068bb5  GPIOPinTypeEPI                
00068bc7  GPIOPinTypeGPIOInput          
00068b61  GPIOPinTypeGPIOOutput         
00068bd9  GPIOPinTypeSSI                
00068c8b  GPIOPinWrite                  
00066c79  GameOver                      
00065791  InitGPIOLCDInterface          
00068781  IntEnable                     
00067e53  IntGPIOb                      
00068c55  IntMasterEnable               
2000022a  Key_Dely                      
20000229  Key_Flg                       
00068c49  ResetISR                      
00068911  SSIConfigSetExpClk            
00068beb  SSIDataGetNonBlocking         
00068c5f  SSIEnable                     
00067a91  SSIinit                       
00067bdf  SoftSPI_GetData               
00067b5f  SoftSPI_PutData               
00067af9  SoftSPIinit                   
0006820d  SysCtlClockFreqSet            
00068c91  SysCtlDelay                   
00068af1  SysCtlGPIOAHBEnable           
000689d5  SysCtlPeripheralEnable        
00068a09  SysCtlPeripheralPresent       
00068b79  SysTickEnable                 
00068b8d  SysTickIntEnable              
000669a9  SysTickIntHandler             
00068c11  SysTickPeriodSet              
000665ad  TFTLCD_CLEAR                  
0006676d  TFTLCD_DrawHorizontalLine     
00066255  TFTLCD_DrawPoint              
000667bd  TFTLCD_DrawVerticalLine       
0006584f  TFTLCD_EnterSleep             
000658cf  TFTLCD_ExitSleep              
00066601  TFTLCD_FillBlock              
00066189  TFTLCD_REFRESH_GRAM           
0006619d  TFTLCD_SetPos                 
00066277  TFTLCD_ShowChar               
00066307  TFTLCD_ShowChineseChar        
00066665  TFTLCD_ShowData               
0006688d  TFTLCD_ShowPicture            
00066807  TFTLCD_ShowPicture1           
00066549  TFTLCD_ShowString             
00066399  TFTLCD_Showoption             
00066429  TFTLCD_Showoption2            
000664b9  TFTLCD_Showoption3            
00065985  TFT_400x240_OTM4001Ainit      
00067dc9  TOUCH_PointAdjust             
00067d91  TOUCH_TSC2046init             
20000208  T_Flag                        
000674d5  Timer0AIntHandler             
0006723d  Timer0BIntHandler             
000687e1  TimerConfigure                
00068c21  TimerEnable                   
00068c9f  TimerIntClear                 
00068c7d  TimerIntEnable                
000669ef  TimerIntInitial               
00068bfd  TimerLoadSet                  
00067b2b  TouchInit                     
00068c69  UARTCharGet                   
00068c73  UARTCharPut                   
00068953  UARTConfigSetExpClk           
00068b0d  UARTDisable                   
00068ba1  UARTEnable                    
000675f5  UARTStdioConfig               
0006773b  UARTgetc                      
00067681  UARTgets                      
00067a5b  UARTprintf                    
00067761  UARTvprintf                   
0006763b  UARTwrite                     
20000220  WriteCommand                  
2000021c  WriteData                     
20000200  __STACK_END                   
00000200  __STACK_SIZE                  
20000200  __STACK_TOP                   
00068cf0  __TI_CINIT_Base               
00068d00  __TI_CINIT_Limit              
00068cd8  __TI_Handler_Table_Base       
00068ce4  __TI_Handler_Table_Limit      
000688cd  __TI_auto_init_nobinit_nopinit
00068719  __TI_decompress_lzss          
00068c2f  __TI_decompress_none          
ffffffff  __TI_pprof_out_hndl           
ffffffff  __TI_prof_data_size           
ffffffff  __TI_prof_data_start          
00000000  __TI_static_base__            
00068b45  __TI_zero_init_nomemset       
00068c0f  __aeabi_idiv0                 
00068c0f  __aeabi_ldiv0                 
0006867d  __aeabi_memcpy                
0006867d  __aeabi_memcpy4               
0006867d  __aeabi_memcpy8               
00068993  __aeabi_uidiv                 
00068993  __aeabi_uidivmod              
ffffffff  __binit__                     
ffffffff  __c_args__                    
UNDEFED   __mpu_init                    
20000000  __stack                       
20000000  __start___llvm_prf_cnts       
20000000  __stop___llvm_prf_cnts        
00068a3d  _c_int00_noargs               
20000214  _lock                         
000689d3  _nop                          
UNDEFED   _system_post_cinit            
00068ca3  _system_pre_init              
20000218  _unlock                       
00068ca7  abort                         
00064000  asc2_1608                     
ffffffff  binit                         
0005de08  boom                          
00064600  bullet                        
20000205  flag_bullet                   
20000206  flag_stone                    
00062cc8  gImage_Enemy6060              
00061648  gImage_plane_6060             
00000000  g_pfnVectors                  
20000234  g_ui32SysClock                
00000208  game_back                     
0002f008  gameover                      
00067ed1  identify_key                  
20000238  key                           
00067e69  key_init                      
00067181  main                          
0006867d  memcpy                        
00064920  my_chinese                    
00064c40  option_1                      
00064f60  option_2                      
00065280  option_3                      
00068a71  rand                          
20000200  score                         
20000204  start                         
0005fa28  stone                         
00067c71  touch_getx                    
00067d01  touch_gety                    
2000023c  x_bullet                      
2000020c  x_plane                       
20000240  x_stone                       
20000244  y_bullet                      
20000210  y_plane                       
20000248  y_stone                       


GLOBAL SYMBOLS: SORTED BY Symbol Address 

address   name                          
-------   ----                          
00000000  __TI_static_base__            
00000000  g_pfnVectors                  
00000200  __STACK_SIZE                  
00000208  game_back                     
0002f008  gameover                      
0005de08  boom                          
0005fa28  stone                         
00061648  gImage_plane_6060             
00062cc8  gImage_Enemy6060              
00064000  asc2_1608                     
00064600  bullet                        
00064920  my_chinese                    
00064c40  option_1                      
00064f60  option_2                      
00065280  option_3                      
00065791  InitGPIOLCDInterface          
0006584f  TFTLCD_EnterSleep             
000658cf  TFTLCD_ExitSleep              
00065985  TFT_400x240_OTM4001Ainit      
00066189  TFTLCD_REFRESH_GRAM           
0006619d  TFTLCD_SetPos                 
00066255  TFTLCD_DrawPoint              
00066277  TFTLCD_ShowChar               
00066307  TFTLCD_ShowChineseChar        
00066399  TFTLCD_Showoption             
00066429  TFTLCD_Showoption2            
000664b9  TFTLCD_Showoption3            
00066549  TFTLCD_ShowString             
000665ad  TFTLCD_CLEAR                  
00066601  TFTLCD_FillBlock              
00066665  TFTLCD_ShowData               
0006676d  TFTLCD_DrawHorizontalLine     
000667bd  TFTLCD_DrawVerticalLine       
00066807  TFTLCD_ShowPicture1           
0006688d  TFTLCD_ShowPicture            
000669a9  SysTickIntHandler             
000669c3  ConfigureUART                 
000669ef  TimerIntInitial               
00066a67  DrawPlane                     
00066ad7  ClearPlane                    
00066b57  DrawMenu                      
00066c79  GameOver                      
00066d11  DrawBoom                      
00066d7d  ClearBoom                     
00066e09  DrawGameback                  
00066e7b  DrawStone                     
00066ef5  DrawEnemy                     
00066f89  ClearEnemy                    
00067009  ClearStone                    
0006708d  DrawBullet                    
000670fd  ClearBullet                   
00067181  main                          
0006723d  Timer0BIntHandler             
000674d5  Timer0AIntHandler             
000675f5  UARTStdioConfig               
0006763b  UARTwrite                     
00067681  UARTgets                      
0006773b  UARTgetc                      
00067761  UARTvprintf                   
00067a5b  UARTprintf                    
00067a91  SSIinit                       
00067af9  SoftSPIinit                   
00067b2b  TouchInit                     
00067b5f  SoftSPI_PutData               
00067bdf  SoftSPI_GetData               
00067c71  touch_getx                    
00067d01  touch_gety                    
00067d91  TOUCH_TSC2046init             
00067dc9  TOUCH_PointAdjust             
00067e53  IntGPIOb                      
00067e69  key_init                      
00067ed1  identify_key                  
0006820d  SysCtlClockFreqSet            
00068409  EPIGPIOinit                   
0006854d  GPIOPadConfigSet              
0006867d  __aeabi_memcpy                
0006867d  __aeabi_memcpy4               
0006867d  __aeabi_memcpy8               
0006867d  memcpy                        
00068719  __TI_decompress_lzss          
00068781  IntEnable                     
000687e1  TimerConfigure                
0006883d  GPIOPinConfigure              
000688cd  __TI_auto_init_nobinit_nopinit
00068911  SSIConfigSetExpClk            
00068953  UARTConfigSetExpClk           
00068993  __aeabi_uidiv                 
00068993  __aeabi_uidivmod              
000689d3  _nop                          
000689d5  SysCtlPeripheralEnable        
00068a09  SysCtlPeripheralPresent       
00068a3d  _c_int00_noargs               
00068a71  rand                          
00068aa5  GPIODirModeSet                
00068acf  EPIConfigHB16Set              
00068af1  SysCtlGPIOAHBEnable           
00068b0d  UARTDisable                   
00068b45  __TI_zero_init_nomemset       
00068b61  GPIOPinTypeGPIOOutput         
00068b79  SysTickEnable                 
00068b8d  SysTickIntEnable              
00068ba1  UARTEnable                    
00068bb5  GPIOPinTypeEPI                
00068bc7  GPIOPinTypeGPIOInput          
00068bd9  GPIOPinTypeSSI                
00068beb  SSIDataGetNonBlocking         
00068bfd  TimerLoadSet                  
00068c0f  __aeabi_idiv0                 
00068c0f  __aeabi_ldiv0                 
00068c11  SysTickPeriodSet              
00068c21  TimerEnable                   
00068c2f  __TI_decompress_none          
00068c3d  CPUcpsie                      
00068c49  ResetISR                      
00068c55  IntMasterEnable               
00068c5f  SSIEnable                     
00068c69  UARTCharGet                   
00068c73  UARTCharPut                   
00068c7d  TimerIntEnable                
00068c85  GPIOPinRead                   
00068c8b  GPIOPinWrite                  
00068c91  SysCtlDelay                   
00068c97  EPIAddressMapSet              
00068c9b  EPIModeSet                    
00068c9f  TimerIntClear                 
00068ca3  _system_pre_init              
00068ca7  C$$EXIT                       
00068ca7  abort                         
00068cd8  __TI_Handler_Table_Base       
00068ce4  __TI_Handler_Table_Limit      
00068cf0  __TI_CINIT_Base               
00068d00  __TI_CINIT_Limit              
20000000  __stack                       
20000000  __start___llvm_prf_cnts       
20000000  __stop___llvm_prf_cnts        
20000200  __STACK_END                   
20000200  __STACK_TOP                   
20000200  score                         
20000204  start                         
20000205  flag_bullet                   
20000206  flag_stone                    
20000208  T_Flag                        
2000020c  x_plane                       
20000210  y_plane                       
20000214  _lock                         
20000218  _unlock                       
2000021c  WriteData                     
20000220  WriteCommand                  
20000229  Key_Flg                       
2000022a  Key_Dely                      
20000234  g_ui32SysClock                
20000238  key                           
2000023c  x_bullet                      
20000240  x_stone                       
20000244  y_bullet                      
20000248  y_stone                       
ffffffff  __TI_pprof_out_hndl           
ffffffff  __TI_prof_data_size           
ffffffff  __TI_prof_data_start          
ffffffff  __binit__                     
ffffffff  __c_args__                    
ffffffff  binit                         
UNDEFED   __mpu_init                    
UNDEFED   _system_post_cinit            

[164 symbols]
