<?xml version="1.0"?>
<link_info>
   <banner>TI ARM Linker PC v5.1.6</banner>
   <copyright>Copyright (c) 1996-2014 Texas Instruments Incorporated</copyright>
   <link_time>0x5bea19e9</link_time>
   <link_errors>0x0</link_errors>
   <output_file>Sine_wave_TFT.out</output_file>
   <entry_point>
      <name>_c_int00</name>
      <address>0x2d11</address>
   </entry_point>
   <input_file_list>
      <input_file id="fl-2">
         <path>.\</path>
         <kind>object</kind>
         <file>Sine_wave.obj</file>
         <name>Sine_wave.obj</name>
      </input_file>
      <input_file id="fl-3">
         <path>.\</path>
         <kind>object</kind>
         <file>tm4c1294ncpdt_startup_ccs.obj</file>
         <name>tm4c1294ncpdt_startup_ccs.obj</name>
      </input_file>
      <input_file id="fl-4">
         <path>.\</path>
         <kind>object</kind>
         <file>uartstdio.obj</file>
         <name>uartstdio.obj</name>
      </input_file>
      <input_file id="fl-5">
         <path>.\TOUCHinit\</path>
         <kind>object</kind>
         <file>TOUCH_TSC2046.obj</file>
         <name>TOUCH_TSC2046.obj</name>
      </input_file>
      <input_file id="fl-6">
         <path>.\TFTinit\</path>
         <kind>object</kind>
         <file>TFT_400x240_OTM4001A_16bit.obj</file>
         <name>TFT_400x240_OTM4001A_16bit.obj</name>
      </input_file>
      <input_file id="fl-7">
         <path>.\EPIinit\</path>
         <kind>object</kind>
         <file>EPIinit.obj</file>
         <name>EPIinit.obj</name>
      </input_file>
      <input_file id="fl-136">
         <path>c:\ti\ccsv6\tools\compiler\arm_5.1.6\lib\</path>
         <kind>archive</kind>
         <file>rtsv7M4_T_le_v4SPD16_eabi.lib</file>
         <name>boot.obj</name>
      </input_file>
      <input_file id="fl-137">
         <path>c:\ti\ccsv6\tools\compiler\arm_5.1.6\lib\</path>
         <kind>archive</kind>
         <file>rtsv7M4_T_le_v4SPD16_eabi.lib</file>
         <name>copy_decompress_none.obj</name>
      </input_file>
      <input_file id="fl-138">
         <path>c:\ti\ccsv6\tools\compiler\arm_5.1.6\lib\</path>
         <kind>archive</kind>
         <file>rtsv7M4_T_le_v4SPD16_eabi.lib</file>
         <name>copy_decompress_rle.obj</name>
      </input_file>
      <input_file id="fl-139">
         <path>c:\ti\ccsv6\tools\compiler\arm_5.1.6\lib\</path>
         <kind>archive</kind>
         <file>rtsv7M4_T_le_v4SPD16_eabi.lib</file>
         <name>copy_zero_init.obj</name>
      </input_file>
      <input_file id="fl-13a">
         <path>c:\ti\ccsv6\tools\compiler\arm_5.1.6\lib\</path>
         <kind>archive</kind>
         <file>rtsv7M4_T_le_v4SPD16_eabi.lib</file>
         <name>exit.obj</name>
      </input_file>
      <input_file id="fl-13b">
         <path>c:\ti\ccsv6\tools\compiler\arm_5.1.6\lib\</path>
         <kind>archive</kind>
         <file>rtsv7M4_T_le_v4SPD16_eabi.lib</file>
         <name>memcpy_t2.obj</name>
      </input_file>
      <input_file id="fl-13c">
         <path>c:\ti\ccsv6\tools\compiler\arm_5.1.6\lib\</path>
         <kind>archive</kind>
         <file>rtsv7M4_T_le_v4SPD16_eabi.lib</file>
         <name>stkdepth_vars.obj</name>
      </input_file>
      <input_file id="fl-13d">
         <path>c:\ti\ccsv6\tools\compiler\arm_5.1.6\lib\</path>
         <kind>archive</kind>
         <file>rtsv7M4_T_le_v4SPD16_eabi.lib</file>
         <name>u_divt2.obj</name>
      </input_file>
      <input_file id="fl-13e">
         <path>c:\ti\ccsv6\tools\compiler\arm_5.1.6\lib\</path>
         <kind>archive</kind>
         <file>rtsv7M4_T_le_v4SPD16_eabi.lib</file>
         <name>_lock.obj</name>
      </input_file>
      <input_file id="fl-13f">
         <path>c:\ti\ccsv6\tools\compiler\arm_5.1.6\lib\</path>
         <kind>archive</kind>
         <file>rtsv7M4_T_le_v4SPD16_eabi.lib</file>
         <name>args_main.obj</name>
      </input_file>
      <input_file id="fl-140">
         <path>c:\ti\ccsv6\tools\compiler\arm_5.1.6\lib\</path>
         <kind>archive</kind>
         <file>rtsv7M4_T_le_v4SPD16_eabi.lib</file>
         <name>auto_init.obj</name>
      </input_file>
      <input_file id="fl-141">
         <path>c:\ti\ccsv6\tools\compiler\arm_5.1.6\lib\</path>
         <kind>archive</kind>
         <file>rtsv7M4_T_le_v4SPD16_eabi.lib</file>
         <name>cpy_tbl.obj</name>
      </input_file>
      <input_file id="fl-142">
         <path>C:\ti\TivaWare_C_Series-2.1.0.12573\IQmath\ccs\IQmathLib\Debug\</path>
         <kind>archive</kind>
         <file>IQmathLib.lib</file>
         <name>IQNsin.obj</name>
      </input_file>
      <input_file id="fl-143">
         <path>C:\ti\TivaWare_C_Series-2.1.0.12573\IQmath\ccs\IQmathLib\Debug\</path>
         <kind>archive</kind>
         <file>IQmathLib.lib</file>
         <name>IQNmpyI32int.obj</name>
      </input_file>
      <input_file id="fl-144">
         <path>C:\ti\TivaWare_C_Series-2.1.0.12573\IQmath\ccs\IQmathLib\Debug\</path>
         <kind>archive</kind>
         <file>IQmathLib.lib</file>
         <name>IQtables.obj</name>
      </input_file>
      <input_file id="fl-145">
         <path>C:\ti\TivaWare_C_Series-2.1.0.12573\driverlib\ccs\Debug\</path>
         <kind>archive</kind>
         <file>driverlib.lib</file>
         <name>uart.obj</name>
      </input_file>
      <input_file id="fl-146">
         <path>C:\ti\TivaWare_C_Series-2.1.0.12573\driverlib\ccs\Debug\</path>
         <kind>archive</kind>
         <file>driverlib.lib</file>
         <name>systick.obj</name>
      </input_file>
      <input_file id="fl-147">
         <path>C:\ti\TivaWare_C_Series-2.1.0.12573\driverlib\ccs\Debug\</path>
         <kind>archive</kind>
         <file>driverlib.lib</file>
         <name>sysctl.obj</name>
      </input_file>
      <input_file id="fl-148">
         <path>C:\ti\TivaWare_C_Series-2.1.0.12573\driverlib\ccs\Debug\</path>
         <kind>archive</kind>
         <file>driverlib.lib</file>
         <name>ssi.obj</name>
      </input_file>
      <input_file id="fl-149">
         <path>C:\ti\TivaWare_C_Series-2.1.0.12573\driverlib\ccs\Debug\</path>
         <kind>archive</kind>
         <file>driverlib.lib</file>
         <name>interrupt.obj</name>
      </input_file>
      <input_file id="fl-14a">
         <path>C:\ti\TivaWare_C_Series-2.1.0.12573\driverlib\ccs\Debug\</path>
         <kind>archive</kind>
         <file>driverlib.lib</file>
         <name>gpio.obj</name>
      </input_file>
      <input_file id="fl-14b">
         <path>C:\ti\TivaWare_C_Series-2.1.0.12573\driverlib\ccs\Debug\</path>
         <kind>archive</kind>
         <file>driverlib.lib</file>
         <name>fpu.obj</name>
      </input_file>
      <input_file id="fl-14c">
         <path>C:\ti\TivaWare_C_Series-2.1.0.12573\driverlib\ccs\Debug\</path>
         <kind>archive</kind>
         <file>driverlib.lib</file>
         <name>epi.obj</name>
      </input_file>
      <input_file id="fl-14d">
         <path>C:\ti\TivaWare_C_Series-2.1.0.12573\driverlib\ccs\Debug\</path>
         <kind>archive</kind>
         <file>driverlib.lib</file>
         <name>cpu.obj</name>
      </input_file>
   </input_file_list>
   <object_component_list>
      <object_component id="oc-e">
         <name>.intvecs</name>
         <load_address>0x0</load_address>
         <run_address>0x0</run_address>
         <size>0x208</size>
         <input_file_ref idref="fl-3"/>
      </object_component>
      <object_component id="oc-bc">
         <name>.text</name>
         <load_address>0x208</load_address>
         <run_address>0x208</run_address>
         <size>0xfec</size>
         <input_file_ref idref="fl-6"/>
      </object_component>
      <object_component id="oc-1de">
         <name>.text:sincos_table</name>
         <load_address>0x11f4</load_address>
         <run_address>0x11f4</run_address>
         <size>0x804</size>
         <input_file_ref idref="fl-144"/>
      </object_component>
      <object_component id="oc-86">
         <name>.text</name>
         <load_address>0x19f8</load_address>
         <run_address>0x19f8</run_address>
         <size>0x49c</size>
         <input_file_ref idref="fl-4"/>
      </object_component>
      <object_component id="oc-35">
         <name>.text</name>
         <load_address>0x1e94</load_address>
         <run_address>0x1e94</run_address>
         <size>0x3d8</size>
         <input_file_ref idref="fl-5"/>
      </object_component>
      <object_component id="oc-2f">
         <name>.text</name>
         <load_address>0x226c</load_address>
         <run_address>0x226c</run_address>
         <size>0x360</size>
         <input_file_ref idref="fl-2"/>
      </object_component>
      <object_component id="oc-98">
         <name>.text:SysCtlClockFreqSet</name>
         <load_address>0x25cc</load_address>
         <run_address>0x25cc</run_address>
         <size>0x1fc</size>
         <input_file_ref idref="fl-147"/>
      </object_component>
      <object_component id="oc-b6">
         <name>.text</name>
         <load_address>0x27c8</load_address>
         <run_address>0x27c8</run_address>
         <size>0x144</size>
         <input_file_ref idref="fl-7"/>
      </object_component>
      <object_component id="oc-156">
         <name>.text:GPIOPadConfigSet</name>
         <load_address>0x290c</load_address>
         <run_address>0x290c</run_address>
         <size>0x130</size>
         <input_file_ref idref="fl-14a"/>
      </object_component>
      <object_component id="oc-ce">
         <name>.text:_IQ24sin</name>
         <load_address>0x2a3c</load_address>
         <run_address>0x2a3c</run_address>
         <size>0xb4</size>
         <input_file_ref idref="fl-142"/>
      </object_component>
      <object_component id="oc-53">
         <name>.text</name>
         <load_address>0x2af0</load_address>
         <run_address>0x2af0</run_address>
         <size>0x9c</size>
         <input_file_ref idref="fl-13b"/>
      </object_component>
      <object_component id="oc-3e">
         <name>.text</name>
         <load_address>0x2b8c</load_address>
         <run_address>0x2b8c</run_address>
         <size>0x94</size>
         <input_file_ref idref="fl-140"/>
      </object_component>
      <object_component id="oc-66">
         <name>.text</name>
         <load_address>0x2c20</load_address>
         <run_address>0x2c20</run_address>
         <size>0x5e</size>
         <input_file_ref idref="fl-138"/>
      </object_component>
      <object_component id="oc-7a">
         <name>.text:GPIOPinConfigure</name>
         <load_address>0x2c80</load_address>
         <run_address>0x2c80</run_address>
         <size>0x48</size>
         <input_file_ref idref="fl-14a"/>
      </object_component>
      <object_component id="oc-195">
         <name>.text:_SysCtlFrequencyGet</name>
         <load_address>0x2cc8</load_address>
         <run_address>0x2cc8</run_address>
         <size>0x48</size>
         <input_file_ref idref="fl-147"/>
      </object_component>
      <object_component id="oc-11">
         <name>.text</name>
         <load_address>0x2d10</load_address>
         <run_address>0x2d10</run_address>
         <size>0x48</size>
         <input_file_ref idref="fl-136"/>
      </object_component>
      <object_component id="oc-11e">
         <name>.text</name>
         <load_address>0x2d58</load_address>
         <run_address>0x2d58</run_address>
         <size>0x44</size>
         <input_file_ref idref="fl-141"/>
      </object_component>
      <object_component id="oc-49">
         <name>.text</name>
         <load_address>0x2d9c</load_address>
         <run_address>0x2d9c</run_address>
         <size>0x44</size>
         <input_file_ref idref="fl-13a"/>
      </object_component>
      <object_component id="oc-f5">
         <name>.text:SSIConfigSetExpClk</name>
         <load_address>0x2de0</load_address>
         <run_address>0x2de0</run_address>
         <size>0x42</size>
         <input_file_ref idref="fl-148"/>
      </object_component>
      <object_component id="oc-181">
         <name>.text</name>
         <load_address>0x2e22</load_address>
         <run_address>0x2e22</run_address>
         <size>0x42</size>
         <input_file_ref idref="fl-13d"/>
      </object_component>
      <object_component id="oc-163">
         <name>.text:UARTConfigSetExpClk</name>
         <load_address>0x2e64</load_address>
         <run_address>0x2e64</run_address>
         <size>0x40</size>
         <input_file_ref idref="fl-145"/>
      </object_component>
      <object_component id="oc-74">
         <name>.text:SysCtlPeripheralEnable</name>
         <load_address>0x2ea4</load_address>
         <run_address>0x2ea4</run_address>
         <size>0x34</size>
         <input_file_ref idref="fl-147"/>
      </object_component>
      <object_component id="oc-15d">
         <name>.text:SysCtlPeripheralPresent</name>
         <load_address>0x2ed8</load_address>
         <run_address>0x2ed8</run_address>
         <size>0x34</size>
         <input_file_ref idref="fl-147"/>
      </object_component>
      <object_component id="oc-150">
         <name>.text:GPIODirModeSet</name>
         <load_address>0x2f0c</load_address>
         <run_address>0x2f0c</run_address>
         <size>0x2a</size>
         <input_file_ref idref="fl-14a"/>
      </object_component>
      <object_component id="oc-1c1">
         <name>.text:EPIConfigHB16Set</name>
         <load_address>0x2f36</load_address>
         <run_address>0x2f36</run_address>
         <size>0x22</size>
         <input_file_ref idref="fl-14c"/>
      </object_component>
      <object_component id="oc-1ce">
         <name>.text:SysCtlGPIOAHBEnable</name>
         <load_address>0x2f58</load_address>
         <run_address>0x2f58</run_address>
         <size>0x1c</size>
         <input_file_ref idref="fl-147"/>
      </object_component>
      <object_component id="oc-218">
         <name>.text:UARTDisable</name>
         <load_address>0x2f74</load_address>
         <run_address>0x2f74</run_address>
         <size>0x1c</size>
         <input_file_ref idref="fl-145"/>
      </object_component>
      <object_component id="oc-d3">
         <name>.text:_IQ24mpyI32int</name>
         <load_address>0x2f90</load_address>
         <run_address>0x2f90</run_address>
         <size>0x1c</size>
         <input_file_ref idref="fl-143"/>
      </object_component>
      <object_component id="oc-18f">
         <name>.text:_SysCtlMemTimingGet</name>
         <load_address>0x2fac</load_address>
         <run_address>0x2fac</run_address>
         <size>0x1c</size>
         <input_file_ref idref="fl-147"/>
      </object_component>
      <object_component id="oc-c2">
         <name>.text:GPIOPinTypeGPIOOutput</name>
         <load_address>0x2fc8</load_address>
         <run_address>0x2fc8</run_address>
         <size>0x18</size>
         <input_file_ref idref="fl-14a"/>
      </object_component>
      <object_component id="oc-43">
         <name>.text</name>
         <load_address>0x2fe0</load_address>
         <run_address>0x2fe0</run_address>
         <size>0x18</size>
         <input_file_ref idref="fl-13f"/>
      </object_component>
      <object_component id="oc-b0">
         <name>.text:SysTickEnable</name>
         <load_address>0x2ff8</load_address>
         <run_address>0x2ff8</run_address>
         <size>0x14</size>
         <input_file_ref idref="fl-146"/>
      </object_component>
      <object_component id="oc-aa">
         <name>.text:SysTickIntEnable</name>
         <load_address>0x300c</load_address>
         <run_address>0x300c</run_address>
         <size>0x14</size>
         <input_file_ref idref="fl-146"/>
      </object_component>
      <object_component id="oc-169">
         <name>.text:UARTEnable</name>
         <load_address>0x3020</load_address>
         <run_address>0x3020</run_address>
         <size>0x14</size>
         <input_file_ref idref="fl-145"/>
      </object_component>
      <object_component id="oc-1fc">
         <name>.text</name>
         <load_address>0x3034</load_address>
         <run_address>0x3034</run_address>
         <size>0x14</size>
         <input_file_ref idref="fl-13e"/>
      </object_component>
      <object_component id="oc-1b5">
         <name>.text:GPIOPinTypeEPI</name>
         <load_address>0x3048</load_address>
         <run_address>0x3048</run_address>
         <size>0x12</size>
         <input_file_ref idref="fl-14a"/>
      </object_component>
      <object_component id="oc-107">
         <name>.text:GPIOPinTypeGPIOInput</name>
         <load_address>0x305a</load_address>
         <run_address>0x305a</run_address>
         <size>0x12</size>
         <input_file_ref idref="fl-14a"/>
      </object_component>
      <object_component id="oc-ef">
         <name>.text:GPIOPinTypeSSI</name>
         <load_address>0x306c</load_address>
         <run_address>0x306c</run_address>
         <size>0x12</size>
         <input_file_ref idref="fl-14a"/>
      </object_component>
      <object_component id="oc-80">
         <name>.text:GPIOPinTypeUART</name>
         <load_address>0x307e</load_address>
         <run_address>0x307e</run_address>
         <size>0x12</size>
         <input_file_ref idref="fl-14a"/>
      </object_component>
      <object_component id="oc-101">
         <name>.text:SSIDataGetNonBlocking</name>
         <load_address>0x3090</load_address>
         <run_address>0x3090</run_address>
         <size>0x12</size>
         <input_file_ref idref="fl-148"/>
      </object_component>
      <object_component id="oc-1c">
         <name>.text:decompress:ZI</name>
         <load_address>0x30a2</load_address>
         <run_address>0x30a2</run_address>
         <size>0x12</size>
         <input_file_ref idref="fl-139"/>
      </object_component>
      <object_component id="oc-8c">
         <name>.text:FPUEnable</name>
         <load_address>0x30b4</load_address>
         <run_address>0x30b4</run_address>
         <size>0x10</size>
         <input_file_ref idref="fl-14b"/>
      </object_component>
      <object_component id="oc-92">
         <name>.text:FPULazyStackingEnable</name>
         <load_address>0x30c4</load_address>
         <run_address>0x30c4</run_address>
         <size>0x10</size>
         <input_file_ref idref="fl-14b"/>
      </object_component>
      <object_component id="oc-9e">
         <name>.text:SysTickPeriodSet</name>
         <load_address>0x30d4</load_address>
         <run_address>0x30d4</run_address>
         <size>0x10</size>
         <input_file_ref idref="fl-146"/>
      </object_component>
      <object_component id="oc-16">
         <name>.text:decompress:none</name>
         <load_address>0x30e4</load_address>
         <run_address>0x30e4</run_address>
         <size>0xe</size>
         <input_file_ref idref="fl-137"/>
      </object_component>
      <object_component id="oc-1ac">
         <name>.text:CPUcpsie</name>
         <load_address>0x30f2</load_address>
         <run_address>0x30f2</run_address>
         <size>0xc</size>
         <input_file_ref idref="fl-14d"/>
      </object_component>
      <object_component id="oc-29">
         <name>.text</name>
         <load_address>0x30fe</load_address>
         <run_address>0x30fe</run_address>
         <size>0xc</size>
         <input_file_ref idref="fl-3"/>
      </object_component>
      <object_component id="oc-a4">
         <name>.text:IntMasterEnable</name>
         <load_address>0x310a</load_address>
         <run_address>0x310a</run_address>
         <size>0xa</size>
         <input_file_ref idref="fl-149"/>
      </object_component>
      <object_component id="oc-fb">
         <name>.text:SSIEnable</name>
         <load_address>0x3114</load_address>
         <run_address>0x3114</run_address>
         <size>0xa</size>
         <input_file_ref idref="fl-148"/>
      </object_component>
      <object_component id="oc-175">
         <name>.text:UARTCharGet</name>
         <load_address>0x311e</load_address>
         <run_address>0x311e</run_address>
         <size>0xa</size>
         <input_file_ref idref="fl-145"/>
      </object_component>
      <object_component id="oc-16f">
         <name>.text:UARTCharPut</name>
         <load_address>0x3128</load_address>
         <run_address>0x3128</run_address>
         <size>0xa</size>
         <input_file_ref idref="fl-145"/>
      </object_component>
      <object_component id="oc-10e">
         <name>.text:GPIOPinRead</name>
         <load_address>0x3132</load_address>
         <run_address>0x3132</run_address>
         <size>0x6</size>
         <input_file_ref idref="fl-14a"/>
      </object_component>
      <object_component id="oc-c8">
         <name>.text:GPIOPinWrite</name>
         <load_address>0x3138</load_address>
         <run_address>0x3138</run_address>
         <size>0x6</size>
         <input_file_ref idref="fl-14a"/>
      </object_component>
      <object_component id="oc-10d">
         <name>.text:SysCtlDelay</name>
         <load_address>0x313e</load_address>
         <run_address>0x313e</run_address>
         <size>0x6</size>
         <input_file_ref idref="fl-147"/>
      </object_component>
      <object_component id="oc-22">
         <name>.text:decompress:rle24</name>
         <load_address>0x3144</load_address>
         <run_address>0x3144</run_address>
         <size>0x6</size>
         <input_file_ref idref="fl-138"/>
      </object_component>
      <object_component id="oc-1c7">
         <name>.text:EPIAddressMapSet</name>
         <load_address>0x314a</load_address>
         <run_address>0x314a</run_address>
         <size>0x4</size>
         <input_file_ref idref="fl-14c"/>
      </object_component>
      <object_component id="oc-1bb">
         <name>.text:EPIModeSet</name>
         <load_address>0x314e</load_address>
         <run_address>0x314e</run_address>
         <size>0x4</size>
         <input_file_ref idref="fl-14c"/>
      </object_component>
      <object_component id="oc-1d7">
         <name>.const:asc2_1608</name>
         <load_address>0x3154</load_address>
         <run_address>0x3154</run_address>
         <size>0x600</size>
         <input_file_ref idref="fl-6"/>
      </object_component>
      <object_component id="oc-19e">
         <name>.const:g_pppui32XTALtoVCO</name>
         <load_address>0x3754</load_address>
         <run_address>0x3754</run_address>
         <size>0x120</size>
         <input_file_ref idref="fl-147"/>
      </object_component>
      <object_component id="oc-14b">
         <name>.const:g_pui32GPIOBaseAddrs</name>
         <load_address>0x3874</load_address>
         <run_address>0x3874</run_address>
         <size>0x90</size>
         <input_file_ref idref="fl-14a"/>
      </object_component>
      <object_component id="oc-19b">
         <name>.const:g_pui32Xtals</name>
         <load_address>0x3904</load_address>
         <run_address>0x3904</run_address>
         <size>0x6c</size>
         <input_file_ref idref="fl-147"/>
      </object_component>
      <object_component id="oc-22b">
         <name>.const:g_sXTALtoMEMTIM</name>
         <load_address>0x3970</load_address>
         <run_address>0x3970</run_address>
         <size>0x30</size>
         <input_file_ref idref="fl-147"/>
      </object_component>
      <object_component id="oc-17b">
         <name>.const</name>
         <load_address>0x39a0</load_address>
         <run_address>0x39a0</run_address>
         <size>0x1c</size>
         <input_file_ref idref="fl-4"/>
      </object_component>
      <object_component id="oc-223">
         <name>.const:.string</name>
         <load_address>0x39bc</load_address>
         <run_address>0x39bc</run_address>
         <size>0x12</size>
         <input_file_ref idref="fl-4"/>
      </object_component>
      <object_component id="oc-1a1">
         <name>.const</name>
         <load_address>0x39d0</load_address>
         <run_address>0x39d0</run_address>
         <size>0x8</size>
         <input_file_ref idref="fl-147"/>
      </object_component>
      <object_component id="oc-280">
         <name>.cinit..data.load</name>
         <load_address>0x39d8</load_address>
         <run_address>0x39d8</run_address>
         <size>0x17</size>
      </object_component>
      <object_component id="oc-27e">
         <name>__TI_handler_table</name>
         <load_address>0x39f0</load_address>
         <run_address>0x39f0</run_address>
         <size>0xc</size>
      </object_component>
      <object_component id="oc-281">
         <name>.cinit..bss.load</name>
         <load_address>0x3a00</load_address>
         <run_address>0x3a00</run_address>
         <size>0x8</size>
      </object_component>
      <object_component id="oc-27f">
         <name>__TI_cinit_table</name>
         <load_address>0x3a08</load_address>
         <run_address>0x3a08</run_address>
         <size>0x10</size>
      </object_component>
      <object_component id="oc-4f">
         <name>.data</name>
         <load_address>0x200009a8</load_address>
         <run_address>0x200009a8</run_address>
         <size>0x4</size>
         <input_file_ref idref="fl-13c"/>
      </object_component>
      <object_component id="oc-127">
         <name>.data</name>
         <load_address>0x20000990</load_address>
         <run_address>0x20000990</run_address>
         <size>0x8</size>
         <input_file_ref idref="fl-13e"/>
      </object_component>
      <object_component id="oc-12a">
         <name>.data</name>
         <load_address>0x20000998</load_address>
         <run_address>0x20000998</run_address>
         <size>0x8</size>
         <input_file_ref idref="fl-13a"/>
      </object_component>
      <object_component id="oc-17e">
         <name>.data</name>
         <load_address>0x200009a0</load_address>
         <run_address>0x200009a0</run_address>
         <size>0x5</size>
         <input_file_ref idref="fl-4"/>
      </object_component>
      <object_component id="oc-1d4">
         <name>.data</name>
         <load_address>0x20000988</load_address>
         <run_address>0x20000988</run_address>
         <size>0x8</size>
         <input_file_ref idref="fl-6"/>
      </object_component>
      <object_component id="oc-dc">
         <name>.bss:g_cSeries</name>
         <uninitialized>true</uninitialized>
         <run_address>0x20000000</run_address>
         <size>0x780</size>
         <input_file_ref idref="fl-2"/>
      </object_component>
      <object_component id="oc-d8">
         <name>.common:g_ulTickCount</name>
         <uninitialized>true</uninitialized>
         <run_address>0x20000784</run_address>
         <size>0x4</size>
      </object_component>
      <object_component id="oc-db">
         <name>.common:g_ui32SysClock</name>
         <uninitialized>true</uninitialized>
         <run_address>0x20000780</run_address>
         <size>0x4</size>
      </object_component>
      <object_component id="oc-28">
         <name>.stack</name>
         <uninitialized>true</uninitialized>
         <run_address>0x20000788</run_address>
         <size>0x0</size>
         <input_file_ref idref="fl-136"/>
      </object_component>
      <object_component id="oc-282">
         <name>.stack</name>
         <uninitialized>true</uninitialized>
         <run_address>0x20000788</run_address>
         <size>0x0</size>
      </object_component>
      <object_component id="oc-f">
         <name>.debug_info</name>
         <load_address>0x0</load_address>
         <run_address>0x0</run_address>
         <size>0xe5</size>
         <input_file_ref idref="fl-3"/>
      </object_component>
      <object_component id="oc-12">
         <name>.debug_info</name>
         <load_address>0xe5</load_address>
         <run_address>0xe5</run_address>
         <size>0xf3</size>
         <input_file_ref idref="fl-136"/>
      </object_component>
      <object_component id="oc-19">
         <name>.debug_info</name>
         <load_address>0x1d8</load_address>
         <run_address>0x1d8</run_address>
         <size>0x194</size>
         <input_file_ref idref="fl-137"/>
      </object_component>
      <object_component id="oc-1e">
         <name>.debug_info</name>
         <load_address>0x36c</load_address>
         <run_address>0x36c</run_address>
         <size>0x16a</size>
         <input_file_ref idref="fl-139"/>
      </object_component>
      <object_component id="oc-24">
         <name>.debug_info</name>
         <load_address>0x4d6</load_address>
         <run_address>0x4d6</run_address>
         <size>0x18e</size>
         <input_file_ref idref="fl-138"/>
      </object_component>
      <object_component id="oc-2a">
         <name>.debug_info</name>
         <load_address>0x664</load_address>
         <run_address>0x664</run_address>
         <size>0x264</size>
         <input_file_ref idref="fl-3"/>
      </object_component>
      <object_component id="oc-30">
         <name>.debug_info</name>
         <load_address>0x8c8</load_address>
         <run_address>0x8c8</run_address>
         <size>0x614</size>
         <input_file_ref idref="fl-2"/>
      </object_component>
      <object_component id="oc-36">
         <name>.debug_info</name>
         <load_address>0xedc</load_address>
         <run_address>0xedc</run_address>
         <size>0xaff</size>
         <input_file_ref idref="fl-5"/>
      </object_component>
      <object_component id="oc-3d">
         <name>.debug_info</name>
         <load_address>0x19db</load_address>
         <run_address>0x19db</run_address>
         <size>0x142</size>
         <input_file_ref idref="fl-3"/>
      </object_component>
      <object_component id="oc-41">
         <name>.debug_info</name>
         <load_address>0x1b1d</load_address>
         <run_address>0x1b1d</run_address>
         <size>0x13d</size>
         <input_file_ref idref="fl-140"/>
      </object_component>
      <object_component id="oc-46">
         <name>.debug_info</name>
         <load_address>0x1c5a</load_address>
         <run_address>0x1c5a</run_address>
         <size>0x11c</size>
         <input_file_ref idref="fl-13f"/>
      </object_component>
      <object_component id="oc-4b">
         <name>.debug_info</name>
         <load_address>0x1d76</load_address>
         <run_address>0x1d76</run_address>
         <size>0x1c2</size>
         <input_file_ref idref="fl-13a"/>
      </object_component>
      <object_component id="oc-50">
         <name>.debug_info</name>
         <load_address>0x1f38</load_address>
         <run_address>0x1f38</run_address>
         <size>0xbe</size>
         <input_file_ref idref="fl-13c"/>
      </object_component>
      <object_component id="oc-54">
         <name>.debug_info</name>
         <load_address>0x1ff6</load_address>
         <run_address>0x1ff6</run_address>
         <size>0xcc</size>
         <input_file_ref idref="fl-13b"/>
      </object_component>
      <object_component id="oc-59">
         <name>.debug_info</name>
         <load_address>0x20c2</load_address>
         <run_address>0x20c2</run_address>
         <size>0x46</size>
         <input_file_ref idref="fl-137"/>
      </object_component>
      <object_component id="oc-5e">
         <name>.debug_info</name>
         <load_address>0x2108</load_address>
         <run_address>0x2108</run_address>
         <size>0xf2</size>
         <input_file_ref idref="fl-137"/>
      </object_component>
      <object_component id="oc-60">
         <name>.debug_info</name>
         <load_address>0x21fa</load_address>
         <run_address>0x21fa</run_address>
         <size>0x46</size>
         <input_file_ref idref="fl-139"/>
      </object_component>
      <object_component id="oc-65">
         <name>.debug_info</name>
         <load_address>0x2240</load_address>
         <run_address>0x2240</run_address>
         <size>0xad</size>
         <input_file_ref idref="fl-139"/>
      </object_component>
      <object_component id="oc-68">
         <name>.debug_info</name>
         <load_address>0x22ed</load_address>
         <run_address>0x22ed</run_address>
         <size>0x1ef</size>
         <input_file_ref idref="fl-138"/>
      </object_component>
      <object_component id="oc-6d">
         <name>.debug_info</name>
         <load_address>0x24dc</load_address>
         <run_address>0x24dc</run_address>
         <size>0xb7</size>
         <input_file_ref idref="fl-138"/>
      </object_component>
      <object_component id="oc-6e">
         <name>.debug_info</name>
         <load_address>0x2593</load_address>
         <run_address>0x2593</run_address>
         <size>0x39</size>
         <input_file_ref idref="fl-138"/>
      </object_component>
      <object_component id="oc-75">
         <name>.debug_info</name>
         <load_address>0x25cc</load_address>
         <run_address>0x25cc</run_address>
         <size>0x1e1</size>
         <input_file_ref idref="fl-147"/>
      </object_component>
      <object_component id="oc-7c">
         <name>.debug_info</name>
         <load_address>0x27ad</load_address>
         <run_address>0x27ad</run_address>
         <size>0x1e4</size>
         <input_file_ref idref="fl-14a"/>
      </object_component>
      <object_component id="oc-82">
         <name>.debug_info</name>
         <load_address>0x2991</load_address>
         <run_address>0x2991</run_address>
         <size>0x1df</size>
         <input_file_ref idref="fl-14a"/>
      </object_component>
      <object_component id="oc-87">
         <name>.debug_info</name>
         <load_address>0x2b70</load_address>
         <run_address>0x2b70</run_address>
         <size>0x779</size>
         <input_file_ref idref="fl-4"/>
      </object_component>
      <object_component id="oc-8e">
         <name>.debug_info</name>
         <load_address>0x32e9</load_address>
         <run_address>0x32e9</run_address>
         <size>0x171</size>
         <input_file_ref idref="fl-14b"/>
      </object_component>
      <object_component id="oc-95">
         <name>.debug_info</name>
         <load_address>0x345a</load_address>
         <run_address>0x345a</run_address>
         <size>0x189</size>
         <input_file_ref idref="fl-14b"/>
      </object_component>
      <object_component id="oc-99">
         <name>.debug_info</name>
         <load_address>0x35e3</load_address>
         <run_address>0x35e3</run_address>
         <size>0x4c5</size>
         <input_file_ref idref="fl-147"/>
      </object_component>
      <object_component id="oc-a0">
         <name>.debug_info</name>
         <load_address>0x3aa8</load_address>
         <run_address>0x3aa8</run_address>
         <size>0x1c5</size>
         <input_file_ref idref="fl-146"/>
      </object_component>
      <object_component id="oc-a5">
         <name>.debug_info</name>
         <load_address>0x3c6d</load_address>
         <run_address>0x3c6d</run_address>
         <size>0x1a2</size>
         <input_file_ref idref="fl-149"/>
      </object_component>
      <object_component id="oc-ab">
         <name>.debug_info</name>
         <load_address>0x3e0f</load_address>
         <run_address>0x3e0f</run_address>
         <size>0x18b</size>
         <input_file_ref idref="fl-146"/>
      </object_component>
      <object_component id="oc-b2">
         <name>.debug_info</name>
         <load_address>0x3f9a</load_address>
         <run_address>0x3f9a</run_address>
         <size>0x185</size>
         <input_file_ref idref="fl-146"/>
      </object_component>
      <object_component id="oc-b7">
         <name>.debug_info</name>
         <load_address>0x411f</load_address>
         <run_address>0x411f</run_address>
         <size>0x287</size>
         <input_file_ref idref="fl-7"/>
      </object_component>
      <object_component id="oc-bd">
         <name>.debug_info</name>
         <load_address>0x43a6</load_address>
         <run_address>0x43a6</run_address>
         <size>0x1ca5</size>
         <input_file_ref idref="fl-6"/>
      </object_component>
      <object_component id="oc-c4">
         <name>.debug_info</name>
         <load_address>0x604b</load_address>
         <run_address>0x604b</run_address>
         <size>0x1eb</size>
         <input_file_ref idref="fl-14a"/>
      </object_component>
      <object_component id="oc-ca">
         <name>.debug_info</name>
         <load_address>0x6236</load_address>
         <run_address>0x6236</run_address>
         <size>0x207</size>
         <input_file_ref idref="fl-14a"/>
      </object_component>
      <object_component id="oc-d0">
         <name>.debug_info</name>
         <load_address>0x643d</load_address>
         <run_address>0x643d</run_address>
         <size>0x149</size>
         <input_file_ref idref="fl-142"/>
      </object_component>
      <object_component id="oc-d4">
         <name>.debug_info</name>
         <load_address>0x6586</load_address>
         <run_address>0x6586</run_address>
         <size>0x14c</size>
         <input_file_ref idref="fl-143"/>
      </object_component>
      <object_component id="oc-d9">
         <name>.debug_info</name>
         <load_address>0x66d2</load_address>
         <run_address>0x66d2</run_address>
         <size>0x5ef</size>
         <input_file_ref idref="fl-2"/>
      </object_component>
      <object_component id="oc-dd">
         <name>.debug_info</name>
         <load_address>0x6cc1</load_address>
         <run_address>0x6cc1</run_address>
         <size>0xce</size>
         <input_file_ref idref="fl-2"/>
      </object_component>
      <object_component id="oc-e0">
         <name>.debug_info</name>
         <load_address>0x6d8f</load_address>
         <run_address>0x6d8f</run_address>
         <size>0x18b</size>
         <input_file_ref idref="fl-2"/>
      </object_component>
      <object_component id="oc-e5">
         <name>.debug_info</name>
         <load_address>0x6f1a</load_address>
         <run_address>0x6f1a</run_address>
         <size>0x8b</size>
         <input_file_ref idref="fl-2"/>
      </object_component>
      <object_component id="oc-ea">
         <name>.debug_info</name>
         <load_address>0x6fa5</load_address>
         <run_address>0x6fa5</run_address>
         <size>0x1b2</size>
         <input_file_ref idref="fl-2"/>
      </object_component>
      <object_component id="oc-f1">
         <name>.debug_info</name>
         <load_address>0x7157</load_address>
         <run_address>0x7157</run_address>
         <size>0x1dd</size>
         <input_file_ref idref="fl-14a"/>
      </object_component>
      <object_component id="oc-f6">
         <name>.debug_info</name>
         <load_address>0x7334</load_address>
         <run_address>0x7334</run_address>
         <size>0x3c2</size>
         <input_file_ref idref="fl-148"/>
      </object_component>
      <object_component id="oc-fc">
         <name>.debug_info</name>
         <load_address>0x76f6</load_address>
         <run_address>0x76f6</run_address>
         <size>0x1a6</size>
         <input_file_ref idref="fl-148"/>
      </object_component>
      <object_component id="oc-102">
         <name>.debug_info</name>
         <load_address>0x789c</load_address>
         <run_address>0x789c</run_address>
         <size>0x1fe</size>
         <input_file_ref idref="fl-148"/>
      </object_component>
      <object_component id="oc-109">
         <name>.debug_info</name>
         <load_address>0x7a9a</load_address>
         <run_address>0x7a9a</run_address>
         <size>0x1e9</size>
         <input_file_ref idref="fl-14a"/>
      </object_component>
      <object_component id="oc-110">
         <name>.debug_info</name>
         <load_address>0x7c83</load_address>
         <run_address>0x7c83</run_address>
         <size>0x1df</size>
         <input_file_ref idref="fl-14a"/>
      </object_component>
      <object_component id="oc-115">
         <name>.debug_info</name>
         <load_address>0x7e62</load_address>
         <run_address>0x7e62</run_address>
         <size>0x33d</size>
         <input_file_ref idref="fl-5"/>
      </object_component>
      <object_component id="oc-119">
         <name>.debug_info</name>
         <load_address>0x819f</load_address>
         <run_address>0x819f</run_address>
         <size>0x84</size>
         <input_file_ref idref="fl-3"/>
      </object_component>
      <object_component id="oc-120">
         <name>.debug_info</name>
         <load_address>0x8223</load_address>
         <run_address>0x8223</run_address>
         <size>0x14b</size>
         <input_file_ref idref="fl-141"/>
      </object_component>
      <object_component id="oc-126">
         <name>.debug_info</name>
         <load_address>0x836e</load_address>
         <run_address>0x836e</run_address>
         <size>0x11b</size>
         <input_file_ref idref="fl-13f"/>
      </object_component>
      <object_component id="oc-128">
         <name>.debug_info</name>
         <load_address>0x8489</load_address>
         <run_address>0x8489</run_address>
         <size>0xc8</size>
         <input_file_ref idref="fl-13e"/>
      </object_component>
      <object_component id="oc-12b">
         <name>.debug_info</name>
         <load_address>0x8551</load_address>
         <run_address>0x8551</run_address>
         <size>0xeb</size>
         <input_file_ref idref="fl-13a"/>
      </object_component>
      <object_component id="oc-12e">
         <name>.debug_info</name>
         <load_address>0x863c</load_address>
         <run_address>0x863c</run_address>
         <size>0x146</size>
         <input_file_ref idref="fl-13a"/>
      </object_component>
      <object_component id="oc-133">
         <name>.debug_info</name>
         <load_address>0x8782</load_address>
         <run_address>0x8782</run_address>
         <size>0x2c</size>
         <input_file_ref idref="fl-137"/>
      </object_component>
      <object_component id="oc-13a">
         <name>.debug_info</name>
         <load_address>0x87ae</load_address>
         <run_address>0x87ae</run_address>
         <size>0x2c</size>
         <input_file_ref idref="fl-2"/>
      </object_component>
      <object_component id="oc-145">
         <name>.debug_info</name>
         <load_address>0x87da</load_address>
         <run_address>0x87da</run_address>
         <size>0x18b</size>
         <input_file_ref idref="fl-145"/>
      </object_component>
      <object_component id="oc-14a">
         <name>.debug_info</name>
         <load_address>0x8965</load_address>
         <run_address>0x8965</run_address>
         <size>0x226</size>
         <input_file_ref idref="fl-147"/>
      </object_component>
      <object_component id="oc-14c">
         <name>.debug_info</name>
         <load_address>0x8b8b</load_address>
         <run_address>0x8b8b</run_address>
         <size>0x10d</size>
         <input_file_ref idref="fl-14a"/>
      </object_component>
      <object_component id="oc-14f">
         <name>.debug_info</name>
         <load_address>0x8c98</load_address>
         <run_address>0x8c98</run_address>
         <size>0x1d7</size>
         <input_file_ref idref="fl-14a"/>
      </object_component>
      <object_component id="oc-152">
         <name>.debug_info</name>
         <load_address>0x8e6f</load_address>
         <run_address>0x8e6f</run_address>
         <size>0x217</size>
         <input_file_ref idref="fl-14a"/>
      </object_component>
      <object_component id="oc-158">
         <name>.debug_info</name>
         <load_address>0x9086</load_address>
         <run_address>0x9086</run_address>
         <size>0x312</size>
         <input_file_ref idref="fl-14a"/>
      </object_component>
      <object_component id="oc-15e">
         <name>.debug_info</name>
         <load_address>0x9398</load_address>
         <run_address>0x9398</run_address>
         <size>0x1e7</size>
         <input_file_ref idref="fl-147"/>
      </object_component>
      <object_component id="oc-166">
         <name>.debug_info</name>
         <load_address>0x957f</load_address>
         <run_address>0x957f</run_address>
         <size>0x28a</size>
         <input_file_ref idref="fl-145"/>
      </object_component>
      <object_component id="oc-16c">
         <name>.debug_info</name>
         <load_address>0x9809</load_address>
         <run_address>0x9809</run_address>
         <size>0x1ab</size>
         <input_file_ref idref="fl-145"/>
      </object_component>
      <object_component id="oc-171">
         <name>.debug_info</name>
         <load_address>0x99b4</load_address>
         <run_address>0x99b4</run_address>
         <size>0x25d</size>
         <input_file_ref idref="fl-145"/>
      </object_component>
      <object_component id="oc-177">
         <name>.debug_info</name>
         <load_address>0x9c11</load_address>
         <run_address>0x9c11</run_address>
         <size>0x237</size>
         <input_file_ref idref="fl-145"/>
      </object_component>
      <object_component id="oc-17c">
         <name>.debug_info</name>
         <load_address>0x9e48</load_address>
         <run_address>0x9e48</run_address>
         <size>0x126</size>
         <input_file_ref idref="fl-4"/>
      </object_component>
      <object_component id="oc-17f">
         <name>.debug_info</name>
         <load_address>0x9f6e</load_address>
         <run_address>0x9f6e</run_address>
         <size>0xd0</size>
         <input_file_ref idref="fl-4"/>
      </object_component>
      <object_component id="oc-183">
         <name>.debug_info</name>
         <load_address>0xa03e</load_address>
         <run_address>0xa03e</run_address>
         <size>0x137</size>
         <input_file_ref idref="fl-13d"/>
      </object_component>
      <object_component id="oc-187">
         <name>.debug_info</name>
         <load_address>0xa175</load_address>
         <run_address>0xa175</run_address>
         <size>0x233</size>
         <input_file_ref idref="fl-4"/>
      </object_component>
      <object_component id="oc-188">
         <name>.debug_info</name>
         <load_address>0xa3a8</load_address>
         <run_address>0xa3a8</run_address>
         <size>0x4e</size>
         <input_file_ref idref="fl-2"/>
      </object_component>
      <object_component id="oc-190">
         <name>.debug_info</name>
         <load_address>0xa3f6</load_address>
         <run_address>0xa3f6</run_address>
         <size>0x264</size>
         <input_file_ref idref="fl-147"/>
      </object_component>
      <object_component id="oc-196">
         <name>.debug_info</name>
         <load_address>0xa65a</load_address>
         <run_address>0xa65a</run_address>
         <size>0x21e</size>
         <input_file_ref idref="fl-147"/>
      </object_component>
      <object_component id="oc-19c">
         <name>.debug_info</name>
         <load_address>0xa878</load_address>
         <run_address>0xa878</run_address>
         <size>0xff</size>
         <input_file_ref idref="fl-147"/>
      </object_component>
      <object_component id="oc-19f">
         <name>.debug_info</name>
         <load_address>0xa977</load_address>
         <run_address>0xa977</run_address>
         <size>0x10b</size>
         <input_file_ref idref="fl-147"/>
      </object_component>
      <object_component id="oc-1a2">
         <name>.debug_info</name>
         <load_address>0xaa82</load_address>
         <run_address>0xaa82</run_address>
         <size>0x112</size>
         <input_file_ref idref="fl-147"/>
      </object_component>
      <object_component id="oc-1a5">
         <name>.debug_info</name>
         <load_address>0xab94</load_address>
         <run_address>0xab94</run_address>
         <size>0x90</size>
         <input_file_ref idref="fl-145"/>
      </object_component>
      <object_component id="oc-1ab">
         <name>.debug_info</name>
         <load_address>0xac24</load_address>
         <run_address>0xac24</run_address>
         <size>0x144</size>
         <input_file_ref idref="fl-146"/>
      </object_component>
      <object_component id="oc-1ad">
         <name>.debug_info</name>
         <load_address>0xad68</load_address>
         <run_address>0xad68</run_address>
         <size>0x176</size>
         <input_file_ref idref="fl-14d"/>
      </object_component>
      <object_component id="oc-1b7">
         <name>.debug_info</name>
         <load_address>0xaede</load_address>
         <run_address>0xaede</run_address>
         <size>0x1dd</size>
         <input_file_ref idref="fl-14a"/>
      </object_component>
      <object_component id="oc-1bc">
         <name>.debug_info</name>
         <load_address>0xb0bb</load_address>
         <run_address>0xb0bb</run_address>
         <size>0x1d8</size>
         <input_file_ref idref="fl-14c"/>
      </object_component>
      <object_component id="oc-1c2">
         <name>.debug_info</name>
         <load_address>0xb293</load_address>
         <run_address>0xb293</run_address>
         <size>0x22c</size>
         <input_file_ref idref="fl-14c"/>
      </object_component>
      <object_component id="oc-1c8">
         <name>.debug_info</name>
         <load_address>0xb4bf</load_address>
         <run_address>0xb4bf</run_address>
         <size>0x1e2</size>
         <input_file_ref idref="fl-14c"/>
      </object_component>
      <object_component id="oc-1cf">
         <name>.debug_info</name>
         <load_address>0xb6a1</load_address>
         <run_address>0xb6a1</run_address>
         <size>0x1eb</size>
         <input_file_ref idref="fl-147"/>
      </object_component>
      <object_component id="oc-1d5">
         <name>.debug_info</name>
         <load_address>0xb88c</load_address>
         <run_address>0xb88c</run_address>
         <size>0x111</size>
         <input_file_ref idref="fl-6"/>
      </object_component>
      <object_component id="oc-1d8">
         <name>.debug_info</name>
         <load_address>0xb99d</load_address>
         <run_address>0xb99d</run_address>
         <size>0xe8</size>
         <input_file_ref idref="fl-6"/>
      </object_component>
      <object_component id="oc-1db">
         <name>.debug_info</name>
         <load_address>0xba85</load_address>
         <run_address>0xba85</run_address>
         <size>0x462</size>
         <input_file_ref idref="fl-6"/>
      </object_component>
      <object_component id="oc-1e3">
         <name>.debug_info</name>
         <load_address>0xbee7</load_address>
         <run_address>0xbee7</run_address>
         <size>0x70</size>
         <input_file_ref idref="fl-2"/>
      </object_component>
      <object_component id="oc-1ec">
         <name>.debug_info</name>
         <load_address>0xbf57</load_address>
         <run_address>0xbf57</run_address>
         <size>0x1c3</size>
         <input_file_ref idref="fl-148"/>
      </object_component>
      <object_component id="oc-1f4">
         <name>.debug_info</name>
         <load_address>0xc11a</load_address>
         <run_address>0xc11a</run_address>
         <size>0x148</size>
         <input_file_ref idref="fl-141"/>
      </object_component>
      <object_component id="oc-1f7">
         <name>.debug_info</name>
         <load_address>0xc262</load_address>
         <run_address>0xc262</run_address>
         <size>0x5e</size>
         <input_file_ref idref="fl-13f"/>
      </object_component>
      <object_component id="oc-1fd">
         <name>.debug_info</name>
         <load_address>0xc2c0</load_address>
         <run_address>0xc2c0</run_address>
         <size>0x1d4</size>
         <input_file_ref idref="fl-13e"/>
      </object_component>
      <object_component id="oc-204">
         <name>.debug_info</name>
         <load_address>0xc494</load_address>
         <run_address>0xc494</run_address>
         <size>0xd9</size>
         <input_file_ref idref="fl-13e"/>
      </object_component>
      <object_component id="oc-20c">
         <name>.debug_info</name>
         <load_address>0xc56d</load_address>
         <run_address>0xc56d</run_address>
         <size>0x5f</size>
         <input_file_ref idref="fl-147"/>
      </object_component>
      <object_component id="oc-21b">
         <name>.debug_info</name>
         <load_address>0xc5cc</load_address>
         <run_address>0xc5cc</run_address>
         <size>0x233</size>
         <input_file_ref idref="fl-145"/>
      </object_component>
      <object_component id="oc-21f">
         <name>.debug_info</name>
         <load_address>0xc7ff</load_address>
         <run_address>0xc7ff</run_address>
         <size>0x1ce</size>
         <input_file_ref idref="fl-145"/>
      </object_component>
      <object_component id="oc-22c">
         <name>.debug_info</name>
         <load_address>0xc9cd</load_address>
         <run_address>0xc9cd</run_address>
         <size>0x105</size>
         <input_file_ref idref="fl-147"/>
      </object_component>
      <object_component id="oc-23b">
         <name>.debug_info</name>
         <load_address>0xcad2</load_address>
         <run_address>0xcad2</run_address>
         <size>0x1a6</size>
         <input_file_ref idref="fl-14c"/>
      </object_component>
      <object_component id="oc-241">
         <name>.debug_info</name>
         <load_address>0xcc78</load_address>
         <run_address>0xcc78</run_address>
         <size>0x47</size>
         <input_file_ref idref="fl-6"/>
      </object_component>
      <object_component id="oc-24a">
         <name>.debug_info</name>
         <load_address>0xccbf</load_address>
         <run_address>0xccbf</run_address>
         <size>0x6bd</size>
         <input_file_ref idref="fl-6"/>
      </object_component>
      <object_component id="oc-253">
         <name>.debug_info</name>
         <load_address>0xd37c</load_address>
         <run_address>0xd37c</run_address>
         <size>0xcd</size>
         <input_file_ref idref="fl-141"/>
      </object_component>
      <object_component id="oc-283">
         <name>.debug_info</name>
         <load_address>0xd449</load_address>
         <run_address>0xd449</run_address>
         <size>0x9e</size>
      </object_component>
      <object_component id="oc-10">
         <name>.debug_pubnames</name>
         <load_address>0x0</load_address>
         <run_address>0x0</run_address>
         <size>0x23</size>
         <input_file_ref idref="fl-3"/>
      </object_component>
      <object_component id="oc-14">
         <name>.debug_pubnames</name>
         <load_address>0x23</load_address>
         <run_address>0x23</run_address>
         <size>0x1f</size>
         <input_file_ref idref="fl-136"/>
      </object_component>
      <object_component id="oc-1b">
         <name>.debug_pubnames</name>
         <load_address>0x42</load_address>
         <run_address>0x42</run_address>
         <size>0x2b</size>
         <input_file_ref idref="fl-137"/>
      </object_component>
      <object_component id="oc-1f">
         <name>.debug_pubnames</name>
         <load_address>0x6d</load_address>
         <run_address>0x6d</run_address>
         <size>0x25</size>
         <input_file_ref idref="fl-139"/>
      </object_component>
      <object_component id="oc-25">
         <name>.debug_pubnames</name>
         <load_address>0x92</load_address>
         <run_address>0x92</run_address>
         <size>0x2c</size>
         <input_file_ref idref="fl-138"/>
      </object_component>
      <object_component id="oc-2c">
         <name>.debug_pubnames</name>
         <load_address>0xbe</load_address>
         <run_address>0xbe</run_address>
         <size>0x4c</size>
         <input_file_ref idref="fl-3"/>
      </object_component>
      <object_component id="oc-31">
         <name>.debug_pubnames</name>
         <load_address>0x10a</load_address>
         <run_address>0x10a</run_address>
         <size>0x43</size>
         <input_file_ref idref="fl-2"/>
      </object_component>
      <object_component id="oc-38">
         <name>.debug_pubnames</name>
         <load_address>0x14d</load_address>
         <run_address>0x14d</run_address>
         <size>0xbb</size>
         <input_file_ref idref="fl-5"/>
      </object_component>
      <object_component id="oc-42">
         <name>.debug_pubnames</name>
         <load_address>0x208</load_address>
         <run_address>0x208</run_address>
         <size>0x37</size>
         <input_file_ref idref="fl-140"/>
      </object_component>
      <object_component id="oc-47">
         <name>.debug_pubnames</name>
         <load_address>0x23f</load_address>
         <run_address>0x23f</run_address>
         <size>0x21</size>
         <input_file_ref idref="fl-13f"/>
      </object_component>
      <object_component id="oc-4d">
         <name>.debug_pubnames</name>
         <load_address>0x260</load_address>
         <run_address>0x260</run_address>
         <size>0x35</size>
         <input_file_ref idref="fl-13a"/>
      </object_component>
      <object_component id="oc-51">
         <name>.debug_pubnames</name>
         <load_address>0x295</load_address>
         <run_address>0x295</run_address>
         <size>0x23</size>
         <input_file_ref idref="fl-13c"/>
      </object_component>
      <object_component id="oc-55">
         <name>.debug_pubnames</name>
         <load_address>0x2b8</load_address>
         <run_address>0x2b8</run_address>
         <size>0x1d</size>
         <input_file_ref idref="fl-13b"/>
      </object_component>
      <object_component id="oc-69">
         <name>.debug_pubnames</name>
         <load_address>0x2d5</load_address>
         <run_address>0x2d5</run_address>
         <size>0x2f</size>
         <input_file_ref idref="fl-138"/>
      </object_component>
      <object_component id="oc-76">
         <name>.debug_pubnames</name>
         <load_address>0x304</load_address>
         <run_address>0x304</run_address>
         <size>0x2d</size>
         <input_file_ref idref="fl-147"/>
      </object_component>
      <object_component id="oc-7d">
         <name>.debug_pubnames</name>
         <load_address>0x331</load_address>
         <run_address>0x331</run_address>
         <size>0x27</size>
         <input_file_ref idref="fl-14a"/>
      </object_component>
      <object_component id="oc-83">
         <name>.debug_pubnames</name>
         <load_address>0x358</load_address>
         <run_address>0x358</run_address>
         <size>0x26</size>
         <input_file_ref idref="fl-14a"/>
      </object_component>
      <object_component id="oc-88">
         <name>.debug_pubnames</name>
         <load_address>0x37e</load_address>
         <run_address>0x37e</run_address>
         <size>0x6d</size>
         <input_file_ref idref="fl-4"/>
      </object_component>
      <object_component id="oc-90">
         <name>.debug_pubnames</name>
         <load_address>0x3eb</load_address>
         <run_address>0x3eb</run_address>
         <size>0x20</size>
         <input_file_ref idref="fl-14b"/>
      </object_component>
      <object_component id="oc-97">
         <name>.debug_pubnames</name>
         <load_address>0x40b</load_address>
         <run_address>0x40b</run_address>
         <size>0x2c</size>
         <input_file_ref idref="fl-14b"/>
      </object_component>
      <object_component id="oc-9a">
         <name>.debug_pubnames</name>
         <load_address>0x437</load_address>
         <run_address>0x437</run_address>
         <size>0x29</size>
         <input_file_ref idref="fl-147"/>
      </object_component>
      <object_component id="oc-a2">
         <name>.debug_pubnames</name>
         <load_address>0x460</load_address>
         <run_address>0x460</run_address>
         <size>0x27</size>
         <input_file_ref idref="fl-146"/>
      </object_component>
      <object_component id="oc-a7">
         <name>.debug_pubnames</name>
         <load_address>0x487</load_address>
         <run_address>0x487</run_address>
         <size>0x26</size>
         <input_file_ref idref="fl-149"/>
      </object_component>
      <object_component id="oc-ad">
         <name>.debug_pubnames</name>
         <load_address>0x4ad</load_address>
         <run_address>0x4ad</run_address>
         <size>0x27</size>
         <input_file_ref idref="fl-146"/>
      </object_component>
      <object_component id="oc-b3">
         <name>.debug_pubnames</name>
         <load_address>0x4d4</load_address>
         <run_address>0x4d4</run_address>
         <size>0x24</size>
         <input_file_ref idref="fl-146"/>
      </object_component>
      <object_component id="oc-b9">
         <name>.debug_pubnames</name>
         <load_address>0x4f8</load_address>
         <run_address>0x4f8</run_address>
         <size>0x22</size>
         <input_file_ref idref="fl-7"/>
      </object_component>
      <object_component id="oc-bf">
         <name>.debug_pubnames</name>
         <load_address>0x51a</load_address>
         <run_address>0x51a</run_address>
         <size>0x18e</size>
         <input_file_ref idref="fl-6"/>
      </object_component>
      <object_component id="oc-c5">
         <name>.debug_pubnames</name>
         <load_address>0x6a8</load_address>
         <run_address>0x6a8</run_address>
         <size>0x2c</size>
         <input_file_ref idref="fl-14a"/>
      </object_component>
      <object_component id="oc-cb">
         <name>.debug_pubnames</name>
         <load_address>0x6d4</load_address>
         <run_address>0x6d4</run_address>
         <size>0x23</size>
         <input_file_ref idref="fl-14a"/>
      </object_component>
      <object_component id="oc-d2">
         <name>.debug_pubnames</name>
         <load_address>0x6f7</load_address>
         <run_address>0x6f7</run_address>
         <size>0x59</size>
         <input_file_ref idref="fl-142"/>
      </object_component>
      <object_component id="oc-d5">
         <name>.debug_pubnames</name>
         <load_address>0x750</load_address>
         <run_address>0x750</run_address>
         <size>0x5f</size>
         <input_file_ref idref="fl-143"/>
      </object_component>
      <object_component id="oc-da">
         <name>.debug_pubnames</name>
         <load_address>0x7af</load_address>
         <run_address>0x7af</run_address>
         <size>0x37</size>
         <input_file_ref idref="fl-2"/>
      </object_component>
      <object_component id="oc-de">
         <name>.debug_pubnames</name>
         <load_address>0x7e6</load_address>
         <run_address>0x7e6</run_address>
         <size>0x20</size>
         <input_file_ref idref="fl-2"/>
      </object_component>
      <object_component id="oc-f2">
         <name>.debug_pubnames</name>
         <load_address>0x806</load_address>
         <run_address>0x806</run_address>
         <size>0x25</size>
         <input_file_ref idref="fl-14a"/>
      </object_component>
      <object_component id="oc-f7">
         <name>.debug_pubnames</name>
         <load_address>0x82b</load_address>
         <run_address>0x82b</run_address>
         <size>0x29</size>
         <input_file_ref idref="fl-148"/>
      </object_component>
      <object_component id="oc-fe">
         <name>.debug_pubnames</name>
         <load_address>0x854</load_address>
         <run_address>0x854</run_address>
         <size>0x20</size>
         <input_file_ref idref="fl-148"/>
      </object_component>
      <object_component id="oc-103">
         <name>.debug_pubnames</name>
         <load_address>0x874</load_address>
         <run_address>0x874</run_address>
         <size>0x2c</size>
         <input_file_ref idref="fl-148"/>
      </object_component>
      <object_component id="oc-10a">
         <name>.debug_pubnames</name>
         <load_address>0x8a0</load_address>
         <run_address>0x8a0</run_address>
         <size>0x2b</size>
         <input_file_ref idref="fl-14a"/>
      </object_component>
      <object_component id="oc-111">
         <name>.debug_pubnames</name>
         <load_address>0x8cb</load_address>
         <run_address>0x8cb</run_address>
         <size>0x22</size>
         <input_file_ref idref="fl-14a"/>
      </object_component>
      <object_component id="oc-116">
         <name>.debug_pubnames</name>
         <load_address>0x8ed</load_address>
         <run_address>0x8ed</run_address>
         <size>0x1e</size>
         <input_file_ref idref="fl-5"/>
      </object_component>
      <object_component id="oc-121">
         <name>.debug_pubnames</name>
         <load_address>0x90b</load_address>
         <run_address>0x90b</run_address>
         <size>0x1e</size>
         <input_file_ref idref="fl-141"/>
      </object_component>
      <object_component id="oc-129">
         <name>.debug_pubnames</name>
         <load_address>0x929</load_address>
         <run_address>0x929</run_address>
         <size>0x28</size>
         <input_file_ref idref="fl-13e"/>
      </object_component>
      <object_component id="oc-12c">
         <name>.debug_pubnames</name>
         <load_address>0x951</load_address>
         <run_address>0x951</run_address>
         <size>0x3a</size>
         <input_file_ref idref="fl-13a"/>
      </object_component>
      <object_component id="oc-14d">
         <name>.debug_pubnames</name>
         <load_address>0x98b</load_address>
         <run_address>0x98b</run_address>
         <size>0x2b</size>
         <input_file_ref idref="fl-14a"/>
      </object_component>
      <object_component id="oc-153">
         <name>.debug_pubnames</name>
         <load_address>0x9b6</load_address>
         <run_address>0x9b6</run_address>
         <size>0x25</size>
         <input_file_ref idref="fl-14a"/>
      </object_component>
      <object_component id="oc-159">
         <name>.debug_pubnames</name>
         <load_address>0x9db</load_address>
         <run_address>0x9db</run_address>
         <size>0x27</size>
         <input_file_ref idref="fl-14a"/>
      </object_component>
      <object_component id="oc-160">
         <name>.debug_pubnames</name>
         <load_address>0xa02</load_address>
         <run_address>0xa02</run_address>
         <size>0x2e</size>
         <input_file_ref idref="fl-147"/>
      </object_component>
      <object_component id="oc-168">
         <name>.debug_pubnames</name>
         <load_address>0xa30</load_address>
         <run_address>0xa30</run_address>
         <size>0x2a</size>
         <input_file_ref idref="fl-145"/>
      </object_component>
      <object_component id="oc-16e">
         <name>.debug_pubnames</name>
         <load_address>0xa5a</load_address>
         <run_address>0xa5a</run_address>
         <size>0x21</size>
         <input_file_ref idref="fl-145"/>
      </object_component>
      <object_component id="oc-173">
         <name>.debug_pubnames</name>
         <load_address>0xa7b</load_address>
         <run_address>0xa7b</run_address>
         <size>0x22</size>
         <input_file_ref idref="fl-145"/>
      </object_component>
      <object_component id="oc-179">
         <name>.debug_pubnames</name>
         <load_address>0xa9d</load_address>
         <run_address>0xa9d</run_address>
         <size>0x22</size>
         <input_file_ref idref="fl-145"/>
      </object_component>
      <object_component id="oc-17d">
         <name>.debug_pubnames</name>
         <load_address>0xabf</load_address>
         <run_address>0xabf</run_address>
         <size>0x46</size>
         <input_file_ref idref="fl-4"/>
      </object_component>
      <object_component id="oc-180">
         <name>.debug_pubnames</name>
         <load_address>0xb05</load_address>
         <run_address>0xb05</run_address>
         <size>0x21</size>
         <input_file_ref idref="fl-4"/>
      </object_component>
      <object_component id="oc-184">
         <name>.debug_pubnames</name>
         <load_address>0xb26</load_address>
         <run_address>0xb26</run_address>
         <size>0x39</size>
         <input_file_ref idref="fl-13d"/>
      </object_component>
      <object_component id="oc-191">
         <name>.debug_pubnames</name>
         <load_address>0xb5f</load_address>
         <run_address>0xb5f</run_address>
         <size>0x2a</size>
         <input_file_ref idref="fl-147"/>
      </object_component>
      <object_component id="oc-197">
         <name>.debug_pubnames</name>
         <load_address>0xb89</load_address>
         <run_address>0xb89</run_address>
         <size>0x2a</size>
         <input_file_ref idref="fl-147"/>
      </object_component>
      <object_component id="oc-19d">
         <name>.debug_pubnames</name>
         <load_address>0xbb3</load_address>
         <run_address>0xbb3</run_address>
         <size>0x23</size>
         <input_file_ref idref="fl-147"/>
      </object_component>
      <object_component id="oc-1a0">
         <name>.debug_pubnames</name>
         <load_address>0xbd6</load_address>
         <run_address>0xbd6</run_address>
         <size>0x29</size>
         <input_file_ref idref="fl-147"/>
      </object_component>
      <object_component id="oc-1a3">
         <name>.debug_pubnames</name>
         <load_address>0xbff</load_address>
         <run_address>0xbff</run_address>
         <size>0x2c</size>
         <input_file_ref idref="fl-147"/>
      </object_component>
      <object_component id="oc-1af">
         <name>.debug_pubnames</name>
         <load_address>0xc2b</load_address>
         <run_address>0xc2b</run_address>
         <size>0x1f</size>
         <input_file_ref idref="fl-14d"/>
      </object_component>
      <object_component id="oc-1b8">
         <name>.debug_pubnames</name>
         <load_address>0xc4a</load_address>
         <run_address>0xc4a</run_address>
         <size>0x25</size>
         <input_file_ref idref="fl-14a"/>
      </object_component>
      <object_component id="oc-1be">
         <name>.debug_pubnames</name>
         <load_address>0xc6f</load_address>
         <run_address>0xc6f</run_address>
         <size>0x21</size>
         <input_file_ref idref="fl-14c"/>
      </object_component>
      <object_component id="oc-1c4">
         <name>.debug_pubnames</name>
         <load_address>0xc90</load_address>
         <run_address>0xc90</run_address>
         <size>0x27</size>
         <input_file_ref idref="fl-14c"/>
      </object_component>
      <object_component id="oc-1ca">
         <name>.debug_pubnames</name>
         <load_address>0xcb7</load_address>
         <run_address>0xcb7</run_address>
         <size>0x27</size>
         <input_file_ref idref="fl-14c"/>
      </object_component>
      <object_component id="oc-1d0">
         <name>.debug_pubnames</name>
         <load_address>0xcde</load_address>
         <run_address>0xcde</run_address>
         <size>0x2a</size>
         <input_file_ref idref="fl-147"/>
      </object_component>
      <object_component id="oc-1d6">
         <name>.debug_pubnames</name>
         <load_address>0xd08</load_address>
         <run_address>0xd08</run_address>
         <size>0x31</size>
         <input_file_ref idref="fl-6"/>
      </object_component>
      <object_component id="oc-1d9">
         <name>.debug_pubnames</name>
         <load_address>0xd39</load_address>
         <run_address>0xd39</run_address>
         <size>0x20</size>
         <input_file_ref idref="fl-6"/>
      </object_component>
      <object_component id="oc-1ff">
         <name>.debug_pubnames</name>
         <load_address>0xd59</load_address>
         <run_address>0xd59</run_address>
         <size>0x43</size>
         <input_file_ref idref="fl-13e"/>
      </object_component>
      <object_component id="oc-21d">
         <name>.debug_pubnames</name>
         <load_address>0xd9c</load_address>
         <run_address>0xd9c</run_address>
         <size>0x22</size>
         <input_file_ref idref="fl-145"/>
      </object_component>
      <object_component id="oc-22d">
         <name>.debug_pubnames</name>
         <load_address>0xdbe</load_address>
         <run_address>0xdbe</run_address>
         <size>0x26</size>
         <input_file_ref idref="fl-147"/>
      </object_component>
      <object_component id="oc-13">
         <name>.debug_aranges</name>
         <load_address>0x0</load_address>
         <run_address>0x0</run_address>
         <size>0x20</size>
         <input_file_ref idref="fl-136"/>
      </object_component>
      <object_component id="oc-1a">
         <name>.debug_aranges</name>
         <load_address>0x20</load_address>
         <run_address>0x20</run_address>
         <size>0x20</size>
         <input_file_ref idref="fl-137"/>
      </object_component>
      <object_component id="oc-20">
         <name>.debug_aranges</name>
         <load_address>0x40</load_address>
         <run_address>0x40</run_address>
         <size>0x20</size>
         <input_file_ref idref="fl-139"/>
      </object_component>
      <object_component id="oc-23">
         <name>.debug_aranges</name>
         <load_address>0x60</load_address>
         <run_address>0x60</run_address>
         <size>0x20</size>
         <input_file_ref idref="fl-138"/>
      </object_component>
      <object_component id="oc-2b">
         <name>.debug_aranges</name>
         <load_address>0x80</load_address>
         <run_address>0x80</run_address>
         <size>0x38</size>
         <input_file_ref idref="fl-3"/>
      </object_component>
      <object_component id="oc-32">
         <name>.debug_aranges</name>
         <load_address>0xb8</load_address>
         <run_address>0xb8</run_address>
         <size>0x30</size>
         <input_file_ref idref="fl-2"/>
      </object_component>
      <object_component id="oc-37">
         <name>.debug_aranges</name>
         <load_address>0xe8</load_address>
         <run_address>0xe8</run_address>
         <size>0x68</size>
         <input_file_ref idref="fl-5"/>
      </object_component>
      <object_component id="oc-40">
         <name>.debug_aranges</name>
         <load_address>0x150</load_address>
         <run_address>0x150</run_address>
         <size>0x28</size>
         <input_file_ref idref="fl-140"/>
      </object_component>
      <object_component id="oc-48">
         <name>.debug_aranges</name>
         <load_address>0x178</load_address>
         <run_address>0x178</run_address>
         <size>0x20</size>
         <input_file_ref idref="fl-13f"/>
      </object_component>
      <object_component id="oc-4c">
         <name>.debug_aranges</name>
         <load_address>0x198</load_address>
         <run_address>0x198</run_address>
         <size>0x30</size>
         <input_file_ref idref="fl-13a"/>
      </object_component>
      <object_component id="oc-56">
         <name>.debug_aranges</name>
         <load_address>0x1c8</load_address>
         <run_address>0x1c8</run_address>
         <size>0x20</size>
         <input_file_ref idref="fl-13b"/>
      </object_component>
      <object_component id="oc-67">
         <name>.debug_aranges</name>
         <load_address>0x1e8</load_address>
         <run_address>0x1e8</run_address>
         <size>0x20</size>
         <input_file_ref idref="fl-138"/>
      </object_component>
      <object_component id="oc-77">
         <name>.debug_aranges</name>
         <load_address>0x208</load_address>
         <run_address>0x208</run_address>
         <size>0x20</size>
         <input_file_ref idref="fl-147"/>
      </object_component>
      <object_component id="oc-7b">
         <name>.debug_aranges</name>
         <load_address>0x228</load_address>
         <run_address>0x228</run_address>
         <size>0x20</size>
         <input_file_ref idref="fl-14a"/>
      </object_component>
      <object_component id="oc-81">
         <name>.debug_aranges</name>
         <load_address>0x248</load_address>
         <run_address>0x248</run_address>
         <size>0x20</size>
         <input_file_ref idref="fl-14a"/>
      </object_component>
      <object_component id="oc-89">
         <name>.debug_aranges</name>
         <load_address>0x268</load_address>
         <run_address>0x268</run_address>
         <size>0x48</size>
         <input_file_ref idref="fl-4"/>
      </object_component>
      <object_component id="oc-8f">
         <name>.debug_aranges</name>
         <load_address>0x2b0</load_address>
         <run_address>0x2b0</run_address>
         <size>0x20</size>
         <input_file_ref idref="fl-14b"/>
      </object_component>
      <object_component id="oc-96">
         <name>.debug_aranges</name>
         <load_address>0x2d0</load_address>
         <run_address>0x2d0</run_address>
         <size>0x20</size>
         <input_file_ref idref="fl-14b"/>
      </object_component>
      <object_component id="oc-9b">
         <name>.debug_aranges</name>
         <load_address>0x2f0</load_address>
         <run_address>0x2f0</run_address>
         <size>0x20</size>
         <input_file_ref idref="fl-147"/>
      </object_component>
      <object_component id="oc-a1">
         <name>.debug_aranges</name>
         <load_address>0x310</load_address>
         <run_address>0x310</run_address>
         <size>0x20</size>
         <input_file_ref idref="fl-146"/>
      </object_component>
      <object_component id="oc-a6">
         <name>.debug_aranges</name>
         <load_address>0x330</load_address>
         <run_address>0x330</run_address>
         <size>0x20</size>
         <input_file_ref idref="fl-149"/>
      </object_component>
      <object_component id="oc-ac">
         <name>.debug_aranges</name>
         <load_address>0x350</load_address>
         <run_address>0x350</run_address>
         <size>0x20</size>
         <input_file_ref idref="fl-146"/>
      </object_component>
      <object_component id="oc-b4">
         <name>.debug_aranges</name>
         <load_address>0x370</load_address>
         <run_address>0x370</run_address>
         <size>0x20</size>
         <input_file_ref idref="fl-146"/>
      </object_component>
      <object_component id="oc-b8">
         <name>.debug_aranges</name>
         <load_address>0x390</load_address>
         <run_address>0x390</run_address>
         <size>0x20</size>
         <input_file_ref idref="fl-7"/>
      </object_component>
      <object_component id="oc-be">
         <name>.debug_aranges</name>
         <load_address>0x3b0</load_address>
         <run_address>0x3b0</run_address>
         <size>0xa0</size>
         <input_file_ref idref="fl-6"/>
      </object_component>
      <object_component id="oc-c3">
         <name>.debug_aranges</name>
         <load_address>0x450</load_address>
         <run_address>0x450</run_address>
         <size>0x20</size>
         <input_file_ref idref="fl-14a"/>
      </object_component>
      <object_component id="oc-c9">
         <name>.debug_aranges</name>
         <load_address>0x470</load_address>
         <run_address>0x470</run_address>
         <size>0x20</size>
         <input_file_ref idref="fl-14a"/>
      </object_component>
      <object_component id="oc-d1">
         <name>.debug_aranges</name>
         <load_address>0x490</load_address>
         <run_address>0x490</run_address>
         <size>0x20</size>
         <input_file_ref idref="fl-142"/>
      </object_component>
      <object_component id="oc-d6">
         <name>.debug_aranges</name>
         <load_address>0x4b0</load_address>
         <run_address>0x4b0</run_address>
         <size>0x20</size>
         <input_file_ref idref="fl-143"/>
      </object_component>
      <object_component id="oc-f0">
         <name>.debug_aranges</name>
         <load_address>0x4d0</load_address>
         <run_address>0x4d0</run_address>
         <size>0x20</size>
         <input_file_ref idref="fl-14a"/>
      </object_component>
      <object_component id="oc-f8">
         <name>.debug_aranges</name>
         <load_address>0x4f0</load_address>
         <run_address>0x4f0</run_address>
         <size>0x20</size>
         <input_file_ref idref="fl-148"/>
      </object_component>
      <object_component id="oc-fd">
         <name>.debug_aranges</name>
         <load_address>0x510</load_address>
         <run_address>0x510</run_address>
         <size>0x20</size>
         <input_file_ref idref="fl-148"/>
      </object_component>
      <object_component id="oc-104">
         <name>.debug_aranges</name>
         <load_address>0x530</load_address>
         <run_address>0x530</run_address>
         <size>0x20</size>
[...]
            </allocated_space>
            <available_space>
               <start_address>0x3a18</start_address>
               <size>0xfc5e8</size>
            </available_space>
         </usage_details>
      </memory_area>
      <memory_area display="yes" color="green">
         <name>SRAM</name>
         <page_id>0x0</page_id>
         <origin>0x20000000</origin>
         <length>0x40000</length>
         <used_space>0x9ac</used_space>
         <unused_space>0x3f654</unused_space>
         <attributes>RWX</attributes>
         <usage_details>
            <allocated_space>
               <start_address>0x20000000</start_address>
               <size>0x788</size>
               <logical_group_ref idref="lg-b"/>
            </allocated_space>
            <allocated_space>
               <start_address>0x20000788</start_address>
               <size>0x200</size>
               <logical_group_ref idref="lg-d"/>
            </allocated_space>
            <allocated_space>
               <start_address>0x20000988</start_address>
               <size>0x24</size>
               <logical_group_ref idref="lg-a"/>
            </allocated_space>
            <available_space>
               <start_address>0x200009ac</start_address>
               <size>0x3f654</size>
            </available_space>
         </usage_details>
      </memory_area>
   </placement_map>
   <cptbl_list>
      <cptbl>
         <name>__TI_cinit_table</name>
         <cprec>
            <name>.data</name>
            <load_address>0x39d8</load_address>
            <load_size>0x17</load_size>
            <run_address>0x20000988</run_address>
            <run_size>0x24</run_size>
            <compression>rle</compression>
         </cprec>
         <cprec>
            <name>.bss</name>
            <load_address>0x3a00</load_address>
            <load_size>0x8</load_size>
            <run_address>0x20000000</run_address>
            <run_size>0x788</run_size>
            <compression>zero_init</compression>
         </cprec>
      </cptbl>
   </cptbl_list>
   <handler_table>
      <handler_table_name>__TI_handler_table</handler_table_name>
      <handler>
         <index>0x0</index>
         <name>__TI_decompress_rle24</name>
      </handler>
      <handler>
         <index>0x1</index>
         <name>__TI_decompress_none</name>
      </handler>
      <handler>
         <index>0x2</index>
         <name>__TI_zero_init</name>
      </handler>
   </handler_table>
   <symbol_table>
      <symbol id="sm-1">
         <name>__STACK_TOP</name>
         <value>0x20000988</value>
      </symbol>
      <symbol id="sm-2">
         <name>__TI_CINIT_Base</name>
         <value>0x3a08</value>
      </symbol>
      <symbol id="sm-3">
         <name>__TI_CINIT_Limit</name>
         <value>0x3a18</value>
      </symbol>
      <symbol id="sm-4">
         <name>__TI_Handler_Table_Base</name>
         <value>0x39f0</value>
      </symbol>
      <symbol id="sm-5">
         <name>__TI_Handler_Table_Limit</name>
         <value>0x39fc</value>
      </symbol>
      <symbol id="sm-6">
         <name>binit</name>
         <value>0xffffffff</value>
      </symbol>
      <symbol id="sm-7">
         <name>__binit__</name>
         <value>0xffffffff</value>
      </symbol>
      <symbol id="sm-8">
         <name>__STACK_SIZE</name>
         <value>0x200</value>
      </symbol>
      <symbol id="sm-9">
         <name>__STACK_END</name>
         <value>0x20000988</value>
      </symbol>
      <symbol id="sm-a">
         <name>__c_args__</name>
         <value>0xffffffff</value>
      </symbol>
      <symbol id="sm-70">
         <name>g_ui32SysClock</name>
         <value>0x20000780</value>
      </symbol>
      <symbol id="sm-71">
         <name>SysTickIntHandler</name>
         <value>0x226d</value>
         <object_component_ref idref="oc-2f"/>
      </symbol>
      <symbol id="sm-72">
         <name>main</name>
         <value>0x22bd</value>
         <object_component_ref idref="oc-2f"/>
      </symbol>
      <symbol id="sm-73">
         <name>ConfigureUART</name>
         <value>0x2287</value>
         <object_component_ref idref="oc-2f"/>
      </symbol>
      <symbol id="sm-94">
         <name>ResetISR</name>
         <value>0x30ff</value>
         <object_component_ref idref="oc-29"/>
      </symbol>
      <symbol id="sm-95">
         <name>g_pfnVectors</name>
         <value>0x0</value>
         <object_component_ref idref="oc-e"/>
      </symbol>
      <symbol id="sm-fa">
         <name>UARTgetc</name>
         <value>0x1b3f</value>
         <object_component_ref idref="oc-86"/>
      </symbol>
      <symbol id="sm-fb">
         <name>UARTgets</name>
         <value>0x1a85</value>
         <object_component_ref idref="oc-86"/>
      </symbol>
      <symbol id="sm-fc">
         <name>UARTStdioConfig</name>
         <value>0x19f9</value>
         <object_component_ref idref="oc-86"/>
      </symbol>
      <symbol id="sm-fd">
         <name>UARTwrite</name>
         <value>0x1a3f</value>
         <object_component_ref idref="oc-86"/>
      </symbol>
      <symbol id="sm-fe">
         <name>UARTprintf</name>
         <value>0x1e5f</value>
         <object_component_ref idref="oc-86"/>
      </symbol>
      <symbol id="sm-ff">
         <name>UARTvprintf</name>
         <value>0x1b65</value>
         <object_component_ref idref="oc-86"/>
      </symbol>
      <symbol id="sm-134">
         <name>SoftSPI_GetData</name>
         <value>0x1fe3</value>
         <object_component_ref idref="oc-35"/>
      </symbol>
      <symbol id="sm-135">
         <name>SSIinit</name>
         <value>0x1e95</value>
         <object_component_ref idref="oc-35"/>
      </symbol>
      <symbol id="sm-136">
         <name>SoftSPIinit</name>
         <value>0x1efd</value>
         <object_component_ref idref="oc-35"/>
      </symbol>
      <symbol id="sm-137">
         <name>TOUCH_TSC2046init</name>
         <value>0x2195</value>
         <object_component_ref idref="oc-35"/>
      </symbol>
      <symbol id="sm-138">
         <name>TouchInit</name>
         <value>0x1f2f</value>
         <object_component_ref idref="oc-35"/>
      </symbol>
      <symbol id="sm-139">
         <name>SoftSPI_PutData</name>
         <value>0x1f63</value>
         <object_component_ref idref="oc-35"/>
      </symbol>
      <symbol id="sm-13a">
         <name>touch_getx</name>
         <value>0x2075</value>
         <object_component_ref idref="oc-35"/>
      </symbol>
      <symbol id="sm-13b">
         <name>touch_gety</name>
         <value>0x2105</value>
         <object_component_ref idref="oc-35"/>
      </symbol>
      <symbol id="sm-13c">
         <name>IntGPIOb</name>
         <value>0x2257</value>
         <object_component_ref idref="oc-35"/>
      </symbol>
      <symbol id="sm-13d">
         <name>TOUCH_PointAdjust</name>
         <value>0x21cd</value>
         <object_component_ref idref="oc-35"/>
      </symbol>
      <symbol id="sm-1d3">
         <name>TFTLCD_ShowPicture</name>
         <value>0x10c1</value>
         <object_component_ref idref="oc-bc"/>
      </symbol>
      <symbol id="sm-1d4">
         <name>asc2_1608</name>
         <value>0x3154</value>
         <object_component_ref idref="oc-1d7"/>
      </symbol>
      <symbol id="sm-1d5">
         <name>TFTLCD_ExitSleep</name>
         <value>0x3d3</value>
         <object_component_ref idref="oc-bc"/>
      </symbol>
      <symbol id="sm-1d6">
         <name>WriteData</name>
         <value>0x20000988</value>
         <object_component_ref idref="oc-1d4"/>
      </symbol>
      <symbol id="sm-1d7">
         <name>TFTLCD_DrawVerticalLine</name>
         <value>0x1077</value>
         <object_component_ref idref="oc-bc"/>
      </symbol>
      <symbol id="sm-1d8">
         <name>TFTLCD_ShowData</name>
         <value>0xf25</value>
         <object_component_ref idref="oc-bc"/>
      </symbol>
      <symbol id="sm-1d9">
         <name>TFTLCD_DrawHorizontalLine</name>
         <value>0x102d</value>
         <object_component_ref idref="oc-bc"/>
      </symbol>
      <symbol id="sm-1da">
         <name>TFTLCD_ShowString</name>
         <value>0xe0b</value>
         <object_component_ref idref="oc-bc"/>
      </symbol>
      <symbol id="sm-1db">
         <name>TFTLCD_REFRESH_GRAM</name>
         <value>0xc8d</value>
         <object_component_ref idref="oc-bc"/>
      </symbol>
      <symbol id="sm-1dc">
         <name>TFTLCD_CLEAR</name>
         <value>0xe69</value>
         <object_component_ref idref="oc-bc"/>
      </symbol>
      <symbol id="sm-1dd">
         <name>TFTLCD_SetPos</name>
         <value>0xca1</value>
         <object_component_ref idref="oc-bc"/>
      </symbol>
      <symbol id="sm-1de">
         <name>TFTLCD_EnterSleep</name>
         <value>0x353</value>
         <object_component_ref idref="oc-bc"/>
      </symbol>
      <symbol id="sm-1df">
         <name>InitGPIOLCDInterface</name>
         <value>0x295</value>
         <object_component_ref idref="oc-bc"/>
      </symbol>
      <symbol id="sm-1e0">
         <name>TFTLCD_FillBlock</name>
         <value>0xebd</value>
         <object_component_ref idref="oc-bc"/>
      </symbol>
      <symbol id="sm-1e1">
         <name>TFTLCD_ShowChar</name>
         <value>0xd7b</value>
         <object_component_ref idref="oc-bc"/>
      </symbol>
      <symbol id="sm-1e2">
         <name>WriteCommand</name>
         <value>0x2000098c</value>
         <object_component_ref idref="oc-1d4"/>
      </symbol>
      <symbol id="sm-1e3">
         <name>TFTLCD_DrawPoint</name>
         <value>0xd59</value>
         <object_component_ref idref="oc-bc"/>
      </symbol>
      <symbol id="sm-1e4">
         <name>TFT_400x240_OTM4001Ainit</name>
         <value>0x489</value>
         <object_component_ref idref="oc-bc"/>
      </symbol>
      <symbol id="sm-200">
         <name>EPIGPIOinit</name>
         <value>0x27c9</value>
         <object_component_ref idref="oc-b6"/>
      </symbol>
      <symbol id="sm-210">
         <name>_c_int00</name>
         <value>0x2d11</value>
         <object_component_ref idref="oc-11"/>
      </symbol>
      <symbol id="sm-211">
         <name>__stack</name>
         <value>0x20000788</value>
         <object_component_ref idref="oc-28"/>
      </symbol>
      <symbol id="sm-228">
         <name>__TI_decompress_none</name>
         <value>0x30e5</value>
         <object_component_ref idref="oc-16"/>
      </symbol>
      <symbol id="sm-24c">
         <name>__TI_decompress_rle24</name>
         <value>0x3145</value>
         <object_component_ref idref="oc-22"/>
      </symbol>
      <symbol id="sm-260">
         <name>__TI_zero_init</name>
         <value>0x30a3</value>
         <object_component_ref idref="oc-1c"/>
      </symbol>
      <symbol id="sm-27f">
         <name>C$$EXIT</name>
         <value>0x2d9d</value>
         <object_component_ref idref="oc-49"/>
      </symbol>
      <symbol id="sm-280">
         <name>abort</name>
         <value>0x2da1</value>
         <object_component_ref idref="oc-49"/>
      </symbol>
      <symbol id="sm-281">
         <name>exit</name>
         <value>0x2da9</value>
         <object_component_ref idref="oc-49"/>
      </symbol>
      <symbol id="sm-282">
         <name>__TI_dtors_ptr</name>
         <value>0x2000099c</value>
         <object_component_ref idref="oc-12a"/>
      </symbol>
      <symbol id="sm-283">
         <name>__TI_cleanup_ptr</name>
         <value>0x20000998</value>
         <object_component_ref idref="oc-12a"/>
      </symbol>
      <symbol id="sm-29e">
         <name>memcpy</name>
         <value>0x2af1</value>
         <object_component_ref idref="oc-53"/>
      </symbol>
      <symbol id="sm-29f">
         <name>__aeabi_memcpy</name>
         <value>0x2af1</value>
         <object_component_ref idref="oc-53"/>
      </symbol>
      <symbol id="sm-2a0">
         <name>__aeabi_memcpy8</name>
         <value>0x2af1</value>
         <object_component_ref idref="oc-53"/>
      </symbol>
      <symbol id="sm-2a1">
         <name>__aeabi_memcpy4</name>
         <value>0x2af1</value>
         <object_component_ref idref="oc-53"/>
      </symbol>
      <symbol id="sm-2a9">
         <name>main_func_sp</name>
         <value>0x200009a8</value>
         <object_component_ref idref="oc-4f"/>
      </symbol>
      <symbol id="sm-2b9">
         <name>__aeabi_uidivmod</name>
         <value>0x2e23</value>
         <object_component_ref idref="oc-181"/>
      </symbol>
      <symbol id="sm-2d2">
         <name>_nop</name>
         <value>0x3043</value>
         <object_component_ref idref="oc-1fc"/>
      </symbol>
      <symbol id="sm-2d3">
         <name>_lock</name>
         <value>0x20000990</value>
         <object_component_ref idref="oc-127"/>
      </symbol>
      <symbol id="sm-2d4">
         <name>_unlock</name>
         <value>0x20000994</value>
         <object_component_ref idref="oc-127"/>
      </symbol>
      <symbol id="sm-2d5">
         <name>_register_lock</name>
         <value>0x303b</value>
         <object_component_ref idref="oc-1fc"/>
      </symbol>
      <symbol id="sm-2d6">
         <name>_register_unlock</name>
         <value>0x3035</value>
         <object_component_ref idref="oc-1fc"/>
      </symbol>
      <symbol id="sm-2ea">
         <name>_args_main</name>
         <value>0x2fe1</value>
         <object_component_ref idref="oc-43"/>
      </symbol>
      <symbol id="sm-307">
         <name>__TI_auto_init</name>
         <value>0x2b8d</value>
         <object_component_ref idref="oc-3e"/>
      </symbol>
      <symbol id="sm-320">
         <name>copy_in</name>
         <value>0x2d59</value>
         <object_component_ref idref="oc-11e"/>
      </symbol>
      <symbol id="sm-32f">
         <name>_IQ24sin</name>
         <value>0x2a3d</value>
         <object_component_ref idref="oc-ce"/>
      </symbol>
      <symbol id="sm-339">
         <name>_IQ24mpyI32int</name>
         <value>0x2f91</value>
         <object_component_ref idref="oc-d3"/>
      </symbol>
      <symbol id="sm-33d">
         <name>sincos_table</name>
         <value>0x11f4</value>
         <object_component_ref idref="oc-1de"/>
      </symbol>
      <symbol id="sm-380">
         <name>UARTConfigSetExpClk</name>
         <value>0x2e65</value>
         <object_component_ref idref="oc-163"/>
      </symbol>
      <symbol id="sm-381">
         <name>UARTDisable</name>
         <value>0x2f75</value>
         <object_component_ref idref="oc-218"/>
      </symbol>
      <symbol id="sm-382">
         <name>UARTCharPut</name>
         <value>0x3129</value>
         <object_component_ref idref="oc-16f"/>
      </symbol>
      <symbol id="sm-383">
         <name>UARTEnable</name>
         <value>0x3021</value>
         <object_component_ref idref="oc-169"/>
      </symbol>
      <symbol id="sm-384">
         <name>UARTCharGet</name>
         <value>0x311f</value>
         <object_component_ref idref="oc-175"/>
      </symbol>
      <symbol id="sm-3a7">
         <name>SysTickEnable</name>
         <value>0x2ff9</value>
         <object_component_ref idref="oc-b0"/>
      </symbol>
      <symbol id="sm-3a8">
         <name>SysTickIntEnable</name>
         <value>0x300d</value>
         <object_component_ref idref="oc-aa"/>
      </symbol>
      <symbol id="sm-3a9">
         <name>SysTickPeriodSet</name>
         <value>0x30d5</value>
         <object_component_ref idref="oc-9e"/>
      </symbol>
      <symbol id="sm-435">
         <name>SysCtlGPIOAHBEnable</name>
         <value>0x2f59</value>
         <object_component_ref idref="oc-1ce"/>
      </symbol>
      <symbol id="sm-436">
         <name>SysCtlPeripheralPresent</name>
         <value>0x2ed9</value>
         <object_component_ref idref="oc-15d"/>
      </symbol>
      <symbol id="sm-437">
         <name>SysCtlDelay</name>
         <value>0x313f</value>
         <object_component_ref idref="oc-10d"/>
      </symbol>
      <symbol id="sm-438">
         <name>SysCtlPeripheralEnable</name>
         <value>0x2ea5</value>
         <object_component_ref idref="oc-74"/>
      </symbol>
      <symbol id="sm-439">
         <name>SysCtlClockFreqSet</name>
         <value>0x25cd</value>
         <object_component_ref idref="oc-98"/>
      </symbol>
      <symbol id="sm-45b">
         <name>SSIDataGetNonBlocking</name>
         <value>0x3091</value>
         <object_component_ref idref="oc-101"/>
      </symbol>
      <symbol id="sm-45c">
         <name>SSIConfigSetExpClk</name>
         <value>0x2de1</value>
         <object_component_ref idref="oc-f5"/>
      </symbol>
      <symbol id="sm-45d">
         <name>SSIEnable</name>
         <value>0x3115</value>
         <object_component_ref idref="oc-fb"/>
      </symbol>
      <symbol id="sm-467">
         <name>IntMasterEnable</name>
         <value>0x310b</value>
         <object_component_ref idref="oc-a4"/>
      </symbol>
      <symbol id="sm-4cf">
         <name>GPIOPinConfigure</name>
         <value>0x2c81</value>
         <object_component_ref idref="oc-7a"/>
      </symbol>
      <symbol id="sm-4d0">
         <name>GPIOPinTypeGPIOInput</name>
         <value>0x305b</value>
         <object_component_ref idref="oc-107"/>
      </symbol>
      <symbol id="sm-4d1">
         <name>GPIOPinTypeUART</name>
         <value>0x307f</value>
         <object_component_ref idref="oc-80"/>
      </symbol>
      <symbol id="sm-4d2">
         <name>GPIOPinTypeGPIOOutput</name>
         <value>0x2fc9</value>
         <object_component_ref idref="oc-c2"/>
      </symbol>
      <symbol id="sm-4d3">
         <name>GPIOPinRead</name>
         <value>0x3133</value>
         <object_component_ref idref="oc-10e"/>
      </symbol>
      <symbol id="sm-4d4">
         <name>GPIODirModeSet</name>
         <value>0x2f0d</value>
         <object_component_ref idref="oc-150"/>
      </symbol>
      <symbol id="sm-4d5">
         <name>GPIOPinWrite</name>
         <value>0x3139</value>
         <object_component_ref idref="oc-c8"/>
      </symbol>
      <symbol id="sm-4d6">
         <name>GPIOPadConfigSet</name>
         <value>0x290d</value>
         <object_component_ref idref="oc-156"/>
      </symbol>
      <symbol id="sm-4d7">
         <name>GPIOPinTypeSSI</name>
         <value>0x306d</value>
         <object_component_ref idref="oc-ef"/>
      </symbol>
      <symbol id="sm-4d8">
         <name>GPIOPinTypeEPI</name>
         <value>0x3049</value>
         <object_component_ref idref="oc-1b5"/>
      </symbol>
      <symbol id="sm-4ee">
         <name>FPULazyStackingEnable</name>
         <value>0x30c5</value>
         <object_component_ref idref="oc-92"/>
      </symbol>
      <symbol id="sm-4ef">
         <name>FPUEnable</name>
         <value>0x30b5</value>
         <object_component_ref idref="oc-8c"/>
      </symbol>
      <symbol id="sm-50c">
         <name>EPIModeSet</name>
         <value>0x314f</value>
         <object_component_ref idref="oc-1bb"/>
      </symbol>
      <symbol id="sm-50d">
         <name>EPIConfigHB16Set</name>
         <value>0x2f37</value>
         <object_component_ref idref="oc-1c1"/>
      </symbol>
      <symbol id="sm-50e">
         <name>EPIAddressMapSet</name>
         <value>0x314b</value>
         <object_component_ref idref="oc-1c7"/>
      </symbol>
      <symbol id="sm-518">
         <name>CPUcpsie</name>
         <value>0x30f3</value>
         <object_component_ref idref="oc-1ac"/>
      </symbol>
      <symbol id="sm-519">
         <name>__TI_static_base__</name>
         <value>0x0</value>
      </symbol>
      <symbol id="sm-51a">
         <name>__TI_args_main</name>
         <value>0x1</value>
      </symbol>
      <symbol id="sm-51b">
         <name>SHT$$INIT_ARRAY$$Limit</name>
         <value>0x0</value>
      </symbol>
      <symbol id="sm-51c">
         <name>SHT$$INIT_ARRAY$$Base</name>
         <value>0x0</value>
      </symbol>
   </symbol_table>
   <title>Link successful</title>
</link_info>
